[2026-08-12T11:41:00+08:00] 测量单会话真实占用（原生模式）
[2026-08-12T11:41:02+08:00] 单会话=463MB → 会话数 step②=5 step③=8 step④/⑤=11
[2026-08-12T11:41:02+08:00] A/B 开始 STAMP=20260812-114100
==============================================================
[2026-08-12T11:41:02+08:00] 组 ammon ：native_auto_mode=on
==============================================================
[2026-08-12T11:41:08+08:00] TP 2 worker / 9m
[2026-08-12T11:41:53+08:00] stage1 内存宽裕：2 会话 × 128MB
[2026-08-12T11:43:55+08:00] stage2 目标=2134MB
[ap-fleet] 目标=2134MB 每会话=463MB 名义=5 实际启动=5
[2026-08-12T11:45:57+08:00] stage3 目标=3670MB
[ap-fleet] 目标=3670MB 每会话=463MB 名义=8 实际启动=8
[2026-08-12T11:47:59+08:00] stage4 目标=5000MB
[ap-fleet] 目标=5000MB 每会话=463MB 名义=10 实际启动=11
[2026-08-12T11:50:22+08:00] stage5 TP 2→8 worker，AP 同 step④
[ap-fleet] 目标=5000MB 每会话=463MB 名义=10 实际启动=11
[2026-08-12T11:52:51+08:00] 收尾观察 60s
[2026-08-12T11:53:51+08:00] 组 ammon 完成
==============================================================
[2026-08-12T11:54:21+08:00] 组 ammoff ：native_auto_mode=off
==============================================================
[2026-08-12T11:54:27+08:00] TP 2 worker / 9m
[2026-08-12T11:55:12+08:00] stage1 内存宽裕：2 会话 × 128MB
[2026-08-12T11:57:14+08:00] stage2 目标=2134MB
[ap-fleet] 目标=2134MB 每会话=463MB 名义=5 实际启动=5
[2026-08-12T11:59:16+08:00] stage3 目标=3670MB
[ap-fleet] 目标=3670MB 每会话=463MB 名义=8 实际启动=8
[2026-08-12T12:01:18+08:00] stage4 目标=5000MB
[ap-fleet] 目标=5000MB 每会话=463MB 名义=10 实际启动=11
[2026-08-12T12:03:36+08:00] stage5 TP 2→8 worker，AP 同 step④
[ap-fleet] 目标=5000MB 每会话=463MB 名义=10 实际启动=11
[2026-08-12T12:06:00+08:00] 收尾观察 60s
[2026-08-12T12:07:00+08:00] 组 ammoff 完成
[2026-08-12T12:07:00+08:00] A/B 全部完成 STAMP=20260812-114100
[2026-08-12T12:07:02+08:00] 收尾：native_auto_mode=on
