watchdog3 start 2026-08-12T11:41:05+08:00  pg_log=/home/sqlrush/gauss-amm-data/pg_log/postgresql-2026-08-12_112014.log
1786506065 SESSIONS statement flush thread|idle|1;gsql|active|1;ApplyLauncher|idle|1;JobScheduler|active|1;Asp|active|1;WLMArbiter|idle|1;workload|active|1;WorkloadMonitor|idle|1;PercentileJob|active|1;TxnSnapCapturer|idle|1;CfsShrinker|idle|1;
1786506068 SESSIONS statement flush thread|idle|1;ApplyLauncher|idle|1;JobScheduler|active|1;Asp|active|1;WLMArbiter|idle|1;workload|active|1;WorkloadMonitor|idle|1;PercentileJob|active|1;TxnSnapCapturer|idle|1;gsbench/control|active|1;CfsShrinker|idle|1;
1786506071 SESSIONS gsbench/control|idle|2;ApplyLauncher|idle|1;JobScheduler|active|1;Asp|active|1;WLMArbiter|idle|1;workload|active|1;WorkloadMonitor|idle|1;PercentileJob|active|1;TxnSnapCapturer|idle|1;gsbench/control|active|1;statement flush thread|idle|1;CfsShrinker|idle|1;
1786506074 SESSIONS gsbench/control|idle|2;ApplyLauncher|idle|1;JobScheduler|active|1;Asp|active|1;WLMArbiter|idle|1;workload|active|1;WorkloadMonitor|idle|1;PercentileJob|active|1;TxnSnapCapturer|idle|1;gsbench/control|active|1;statement flush thread|idle|1;CfsShrinker|idle|1;
1786506077 SESSIONS gsbench/control|idle|2;ApplyLauncher|idle|1;JobScheduler|active|1;Asp|active|1;WLMArbiter|idle|1;workload|active|1;WorkloadMonitor|idle|1;PercentileJob|active|1;TxnSnapCapturer|idle|1;gsbench/control|active|1;statement flush thread|idle|1;CfsShrinker|idle|1;
1786506080 SESSIONS gsbench/control|idle|2;ApplyLauncher|idle|1;JobScheduler|active|1;Asp|active|1;WLMArbiter|idle|1;workload|active|1;WorkloadMonitor|idle|1;PercentileJob|active|1;TxnSnapCapturer|idle|1;gsbench/control|active|1;statement flush thread|idle|1;CfsShrinker|idle|1;
1786506083 SESSIONS gsbench/control|idle|3;statement flush thread|idle|1;ApplyLauncher|idle|1;JobScheduler|active|1;Asp|active|1;WLMArbiter|idle|1;gsbench/20260812T114108-5c82f/tp_cpu/1|idle in transaction|1;WorkloadMonitor|idle|1;PercentileJob|active|1;TxnSnapCapturer|idle|1;CfsShrinker|idle|1;gsbench/20260812T114108-5c82f/tp_cpu/0|active|1;workload|active|1;
1786506086 SESSIONS gsbench/control|idle|3;statement flush thread|idle|1;ApplyLauncher|idle|1;JobScheduler|active|1;Asp|active|1;WLMArbiter|idle|1;gsbench/20260812T114108-5c82f/tp_cpu/1|active|1;WorkloadMonitor|idle|1;PercentileJob|active|1;TxnSnapCapturer|idle|1;CfsShrinker|idle|1;gsbench/20260812T114108-5c82f/tp_cpu/0|active|1;workload|active|1;
1786506089 SESSIONS gsbench/control|idle|3;statement flush thread|idle|1;ApplyLauncher|idle|1;JobScheduler|active|1;Asp|active|1;WLMArbiter|idle|1;gsbench/20260812T114108-5c82f/tp_cpu/1|active|1;WorkloadMonitor|idle|1;PercentileJob|active|1;TxnSnapCapturer|idle|1;CfsShrinker|idle|1;gsbench/20260812T114108-5c82f/tp_cpu/0|active|1;workload|active|1;
1786506092 SESSIONS gsbench/control|idle|3;statement flush thread|idle|1;ApplyLauncher|idle|1;JobScheduler|active|1;Asp|active|1;WLMArbiter|idle|1;gsbench/20260812T114108-5c82f/tp_cpu/1|active|1;WorkloadMonitor|idle|1;PercentileJob|active|1;TxnSnapCapturer|idle|1;CfsShrinker|idle|1;gsbench/20260812T114108-5c82f/tp_cpu/0|active|1;workload|active|1;
1786506095 SESSIONS gsbench/control|idle|3;statement flush thread|idle|1;ApplyLauncher|idle|1;JobScheduler|active|1;Asp|active|1;WLMArbiter|idle|1;gsbench/20260812T114108-5c82f/tp_cpu/1|active|1;WorkloadMonitor|idle|1;PercentileJob|active|1;TxnSnapCapturer|idle|1;CfsShrinker|idle|1;gsbench/20260812T114108-5c82f/tp_cpu/0|active|1;workload|active|1;
1786506098 SESSIONS gsbench/control|idle|3;statement flush thread|idle|1;ApplyLauncher|idle|1;JobScheduler|active|1;Asp|active|1;WLMArbiter|idle|1;gsbench/20260812T114108-5c82f/tp_cpu/1|active|1;WorkloadMonitor|idle|1;PercentileJob|active|1;TxnSnapCapturer|idle|1;CfsShrinker|idle|1;gsbench/20260812T114108-5c82f/tp_cpu/0|active|1;workload|active|1;
1786506101 SESSIONS gsbench/control|idle|3;gsbench/20260812T114108-5c82f/tp_cpu/1|idle|1;ApplyLauncher|idle|1;JobScheduler|active|1;Asp|active|1;WLMArbiter|idle|1;statement flush thread|idle|1;WorkloadMonitor|idle|1;PercentileJob|active|1;TxnSnapCapturer|idle|1;CfsShrinker|idle|1;gsbench/20260812T114108-5c82f/tp_cpu/0|active|1;workload|active|1;
1786506104 SESSIONS gsbench/control|idle|3;statement flush thread|idle|1;ApplyLauncher|idle|1;JobScheduler|active|1;Asp|active|1;WLMArbiter|idle|1;gsbench/20260812T114108-5c82f/tp_cpu/1|active|1;WorkloadMonitor|idle|1;PercentileJob|active|1;TxnSnapCapturer|idle|1;CfsShrinker|idle|1;gsbench/20260812T114108-5c82f/tp_cpu/0|active|1;workload|active|1;
1786506107 SESSIONS gsbench/control|idle|3;statement flush thread|idle|1;ApplyLauncher|idle|1;JobScheduler|active|1;Asp|active|1;WLMArbiter|idle|1;gsbench/20260812T114108-5c82f/tp_cpu/1|active|1;WorkloadMonitor|idle|1;PercentileJob|active|1;TxnSnapCapturer|idle|1;CfsShrinker|idle|1;gsbench/20260812T114108-5c82f/tp_cpu/0|active|1;workload|active|1;
1786506110 SESSIONS gsbench/control|idle|3;statement flush thread|idle|1;ApplyLauncher|idle|1;JobScheduler|active|1;Asp|active|1;WLMArbiter|idle|1;gsbench/20260812T114108-5c82f/tp_cpu/1|active|1;WorkloadMonitor|idle|1;PercentileJob|active|1;TxnSnapCapturer|idle|1;CfsShrinker|idle|1;gsbench/20260812T114108-5c82f/tp_cpu/0|active|1;workload|active|1;
1786506113 SESSIONS gsbench/control|idle|3;gsql|active|2;ApplyLauncher|idle|1;JobScheduler|active|1;Asp|active|1;WLMArbiter|idle|1;workload|active|1;gsbench/20260812T114108-5c82f/tp_cpu/1|active|1;PercentileJob|active|1;TxnSnapCapturer|idle|1;CfsShrinker|idle|1;gsbench/20260812T114108-5c82f/tp_cpu/0|active|1;WorkloadMonitor|idle|1;statement flush thread|idle|1;
1786506113 PGLOG 2026-08-12 11:41:53.039 [unknown] [unknown] localhost 281467568307520 0[0:0#0]  0 [BACKEND] LOG:  Could not connect to the postgres, the connection info : FATAL:  Invalid username/password,login denied.
1786506113 PGLOG 2026-08-12 11:41:53.141 [unknown] [unknown] localhost 281467568307520 0[0:0#0]  0 [BACKEND] LOG:  Could not connect to the postgres, the connection info : FATAL:  Invalid username/password,login denied.
1786506113 PGLOG 2026-08-12 11:41:53.245 [unknown] [unknown] localhost 281467568307520 0[0:0#0]  0 [BACKEND] LOG:  Could not connect to the postgres, the connection info : FATAL:  Invalid username/password,login denied.
1786506116 SESSIONS gsbench/control|idle|3;gsql|active|2;ApplyLauncher|idle|1;JobScheduler|active|1;Asp|active|1;WLMArbiter|idle|1;workload|active|1;gsbench/20260812T114108-5c82f/tp_cpu/1|active|1;PercentileJob|active|1;TxnSnapCapturer|idle|1;CfsShrinker|idle|1;gsbench/20260812T114108-5c82f/tp_cpu/0|active|1;WorkloadMonitor|idle|1;statement flush thread|idle|1;
1786506116 PGLOG 2026-08-12 11:41:53.352 [unknown] [unknown] localhost 281467568307520 0[0:0#0]  0 [BACKEND] LOG:  Could not connect to the postgres, the connection info : FATAL:  Invalid username/password,login denied.
1786506116 PGLOG 2026-08-12 11:41:53.455 [unknown] [unknown] localhost 281467568307520 0[0:0#0]  0 [BACKEND] LOG:  Could not connect to the postgres, the connection info : FATAL:  Invalid username/password,login denied.
1786506116 PGLOG 2026-08-12 11:41:53.559 [unknown] [unknown] localhost 281467568307520 0[0:0#0]  0 [BACKEND] LOG:  Could not connect to the postgres, the connection info : FATAL:  Invalid username/password,login denied.
1786506116 PGLOG 2026-08-12 11:41:53.662 [unknown] [unknown] localhost 281467568307520 0[0:0#0]  0 [BACKEND] LOG:  Could not connect to the postgres, the connection info : FATAL:  Invalid username/password,login denied.
1786506116 PGLOG 2026-08-12 11:41:53.765 [unknown] [unknown] localhost 281467568307520 0[0:0#0]  0 [BACKEND] LOG:  Could not connect to the postgres, the connection info : FATAL:  Invalid username/password,login denied.
1786506116 PGLOG 2026-08-12 11:41:53.869 [unknown] [unknown] localhost 281467568307520 0[0:0#0]  0 [BACKEND] LOG:  Could not connect to the postgres, the connection info : FATAL:  Invalid username/password,login denied.
1786506116 PGLOG 2026-08-12 11:41:53.971 [unknown] [unknown] localhost 281467568307520 0[0:0#0]  0 [BACKEND] ERROR:  Could not connect to the postgres, we have tried 10 times, the connection info: FATAL:  Invalid username/password,login denied.
1786506119 SESSIONS gsbench/control|idle|3;gsql|active|2;ApplyLauncher|idle|1;JobScheduler|active|1;Asp|active|1;WLMArbiter|idle|1;workload|active|1;gsbench/20260812T114108-5c82f/tp_cpu/1|active|1;PercentileJob|active|1;TxnSnapCapturer|idle|1;CfsShrinker|idle|1;gsbench/20260812T114108-5c82f/tp_cpu/0|active|1;WorkloadMonitor|idle|1;statement flush thread|idle|1;
1786506122 SESSIONS gsbench/control|idle|3;gsql|active|2;ApplyLauncher|idle|1;JobScheduler|active|1;Asp|active|1;WLMArbiter|idle|1;workload|active|1;gsbench/20260812T114108-5c82f/tp_cpu/1|active|1;PercentileJob|active|1;TxnSnapCapturer|idle|1;CfsShrinker|idle|1;gsbench/20260812T114108-5c82f/tp_cpu/0|active|1;WorkloadMonitor|idle|1;statement flush thread|idle|1;
1786506125 SESSIONS gsbench/control|idle|3;gsql|active|2;ApplyLauncher|idle|1;JobScheduler|active|1;Asp|active|1;WLMArbiter|idle|1;workload|active|1;gsbench/20260812T114108-5c82f/tp_cpu/1|active|1;PercentileJob|active|1;TxnSnapCapturer|idle|1;CfsShrinker|idle|1;gsbench/20260812T114108-5c82f/tp_cpu/0|active|1;WorkloadMonitor|idle|1;statement flush thread|idle|1;
1786506128 SESSIONS gsbench/control|idle|3;gsql|active|2;ApplyLauncher|idle|1;JobScheduler|active|1;Asp|active|1;WLMArbiter|idle|1;workload|active|1;gsbench/20260812T114108-5c82f/tp_cpu/1|active|1;PercentileJob|active|1;TxnSnapCapturer|idle|1;CfsShrinker|idle|1;gsbench/20260812T114108-5c82f/tp_cpu/0|active|1;WorkloadMonitor|idle|1;statement flush thread|idle|1;
1786506131 SESSIONS gsbench/control|idle|3;gsql|active|2;ApplyLauncher|idle|1;JobScheduler|active|1;Asp|active|1;WLMArbiter|idle|1;workload|active|1;gsbench/20260812T114108-5c82f/tp_cpu/1|active|1;PercentileJob|active|1;TxnSnapCapturer|idle|1;CfsShrinker|idle|1;gsbench/20260812T114108-5c82f/tp_cpu/0|active|1;WorkloadMonitor|idle|1;statement flush thread|idle|1;
1786506134 SESSIONS gsbench/control|idle|3;gsql|active|2;ApplyLauncher|idle|1;JobScheduler|active|1;Asp|active|1;WLMArbiter|idle|1;workload|active|1;gsbench/20260812T114108-5c82f/tp_cpu/1|active|1;PercentileJob|active|1;TxnSnapCapturer|idle|1;CfsShrinker|idle|1;gsbench/20260812T114108-5c82f/tp_cpu/0|active|1;WorkloadMonitor|idle|1;statement flush thread|idle|1;
1786506137 SESSIONS gsbench/control|idle|3;gsql|active|2;ApplyLauncher|idle|1;JobScheduler|active|1;Asp|active|1;WLMArbiter|idle|1;workload|active|1;gsbench/20260812T114108-5c82f/tp_cpu/1|active|1;PercentileJob|active|1;TxnSnapCapturer|idle|1;CfsShrinker|idle|1;gsbench/20260812T114108-5c82f/tp_cpu/0|active|1;WorkloadMonitor|idle|1;statement flush thread|idle|1;
1786506140 SESSIONS gsbench/control|idle|3;gsql|active|2;ApplyLauncher|idle|1;JobScheduler|active|1;Asp|active|1;WLMArbiter|idle|1;workload|active|1;gsbench/20260812T114108-5c82f/tp_cpu/1|active|1;PercentileJob|active|1;TxnSnapCapturer|idle|1;CfsShrinker|idle|1;gsbench/20260812T114108-5c82f/tp_cpu/0|active|1;WorkloadMonitor|idle|1;statement flush thread|idle|1;
1786506143 SESSIONS gsbench/control|idle|3;gsql|active|2;ApplyLauncher|idle|1;JobScheduler|active|1;Asp|active|1;WLMArbiter|idle|1;workload|active|1;gsbench/20260812T114108-5c82f/tp_cpu/1|active|1;PercentileJob|active|1;TxnSnapCapturer|idle|1;CfsShrinker|idle|1;gsbench/20260812T114108-5c82f/tp_cpu/0|active|1;WorkloadMonitor|idle|1;statement flush thread|idle|1;
1786506146 SESSIONS gsbench/control|idle|3;gsql|active|2;ApplyLauncher|idle|1;JobScheduler|active|1;Asp|active|1;WLMArbiter|idle|1;workload|active|1;gsbench/20260812T114108-5c82f/tp_cpu/1|active|1;PercentileJob|active|1;TxnSnapCapturer|idle|1;CfsShrinker|idle|1;gsbench/20260812T114108-5c82f/tp_cpu/0|active|1;WorkloadMonitor|idle|1;statement flush thread|idle|1;
1786506149 SESSIONS gsbench/control|idle|3;gsql|active|2;ApplyLauncher|idle|1;JobScheduler|active|1;Asp|active|1;WLMArbiter|idle|1;workload|active|1;gsbench/20260812T114108-5c82f/tp_cpu/1|active|1;PercentileJob|active|1;TxnSnapCapturer|idle|1;CfsShrinker|idle|1;gsbench/20260812T114108-5c82f/tp_cpu/0|active|1;WorkloadMonitor|idle|1;statement flush thread|idle|1;
1786506152 SESSIONS gsbench/control|idle|3;gsql|active|2;ApplyLauncher|idle|1;JobScheduler|active|1;Asp|active|1;WLMArbiter|idle|1;workload|active|1;gsbench/20260812T114108-5c82f/tp_cpu/1|active|1;PercentileJob|active|1;TxnSnapCapturer|idle|1;CfsShrinker|idle|1;gsbench/20260812T114108-5c82f/tp_cpu/0|active|1;WorkloadMonitor|idle|1;statement flush thread|idle|1;
1786506155 SESSIONS gsbench/control|idle|3;gsql|active|2;ApplyLauncher|idle|1;JobScheduler|active|1;Asp|active|1;WLMArbiter|idle|1;workload|active|1;gsbench/20260812T114108-5c82f/tp_cpu/1|active|1;PercentileJob|active|1;TxnSnapCapturer|idle|1;CfsShrinker|idle|1;gsbench/20260812T114108-5c82f/tp_cpu/0|active|1;WorkloadMonitor|idle|1;statement flush thread|idle|1;
1786506158 SESSIONS gsbench/control|idle|3;gsql|active|2;ApplyLauncher|idle|1;JobScheduler|active|1;Asp|active|1;WLMArbiter|idle|1;workload|active|1;gsbench/20260812T114108-5c82f/tp_cpu/1|active|1;PercentileJob|active|1;TxnSnapCapturer|idle|1;CfsShrinker|idle|1;gsbench/20260812T114108-5c82f/tp_cpu/0|active|1;WorkloadMonitor|idle|1;statement flush thread|idle|1;
1786506161 SESSIONS gsbench/control|idle|3;gsql|active|2;ApplyLauncher|idle|1;JobScheduler|active|1;Asp|active|1;WLMArbiter|idle|1;workload|active|1;gsbench/20260812T114108-5c82f/tp_cpu/1|active|1;PercentileJob|active|1;TxnSnapCapturer|idle|1;CfsShrinker|idle|1;gsbench/20260812T114108-5c82f/tp_cpu/0|active|1;WorkloadMonitor|idle|1;statement flush thread|idle|1;
1786506164 SESSIONS gsbench/control|idle|3;gsql|active|2;ApplyLauncher|idle|1;JobScheduler|active|1;Asp|active|1;WLMArbiter|idle|1;workload|active|1;gsbench/20260812T114108-5c82f/tp_cpu/1|active|1;PercentileJob|active|1;TxnSnapCapturer|idle|1;CfsShrinker|idle|1;gsbench/20260812T114108-5c82f/tp_cpu/0|active|1;WorkloadMonitor|idle|1;statement flush thread|idle|1;
1786506167 SESSIONS gsbench/control|idle|3;gsql|active|2;ApplyLauncher|idle|1;JobScheduler|active|1;Asp|active|1;WLMArbiter|idle|1;workload|active|1;gsbench/20260812T114108-5c82f/tp_cpu/1|active|1;PercentileJob|active|1;TxnSnapCapturer|idle|1;gsbench/20260812T114108-5c82f/tp_cpu/0|idle|1;CfsShrinker|idle|1;WorkloadMonitor|idle|1;statement flush thread|idle|1;
1786506170 SESSIONS gsbench/control|idle|3;gsql|active|2;gsbench/20260812T114108-5c82f/tp_cpu/0|idle in transaction|1;ApplyLauncher|idle|1;JobScheduler|active|1;Asp|active|1;WLMArbiter|idle|1;gsbench/20260812T114108-5c82f/tp_cpu/1|active|1;WorkloadMonitor|idle|1;PercentileJob|active|1;TxnSnapCapturer|idle|1;CfsShrinker|idle|1;workload|active|1;statement flush thread|idle|1;
1786506173 SESSIONS gsql|active|3;gsbench/control|idle|3;ApplyLauncher|idle|1;JobScheduler|active|1;Asp|active|1;WLMArbiter|idle|1;workload|active|1;gsbench/20260812T114108-5c82f/tp_cpu/1|active|1;PercentileJob|active|1;TxnSnapCapturer|idle|1;CfsShrinker|idle|1;gsbench/20260812T114108-5c82f/tp_cpu/0|active|1;WorkloadMonitor|idle|1;statement flush thread|idle|1;
1786506173 PGLOG 2026-08-12 11:42:54.039 [unknown] [unknown] localhost 281467568307520 0[0:0#0]  0 [BACKEND] LOG:  Could not connect to the postgres, the connection info : FATAL:  Invalid username/password,login denied.
1786506173 PGLOG 2026-08-12 11:42:54.142 [unknown] [unknown] localhost 281467568307520 0[0:0#0]  0 [BACKEND] LOG:  Could not connect to the postgres, the connection info : FATAL:  Invalid username/password,login denied.
1786506173 PGLOG 2026-08-12 11:42:54.246 [unknown] [unknown] localhost 281467568307520 0[0:0#0]  0 [BACKEND] LOG:  Could not connect to the postgres, the connection info : FATAL:  Invalid username/password,login denied.
1786506173 PGLOG 2026-08-12 11:42:54.348 [unknown] [unknown] localhost 281467568307520 0[0:0#0]  0 [BACKEND] LOG:  Could not connect to the postgres, the connection info : FATAL:  Invalid username/password,login denied.
1786506173 PGLOG 2026-08-12 11:42:54.450 [unknown] [unknown] localhost 281467568307520 0[0:0#0]  0 [BACKEND] LOG:  Could not connect to the postgres, the connection info : FATAL:  Invalid username/password,login denied.
1786506173 PGLOG 2026-08-12 11:42:54.552 [unknown] [unknown] localhost 281467568307520 0[0:0#0]  0 [BACKEND] LOG:  Could not connect to the postgres, the connection info : FATAL:  Invalid username/password,login denied.
1786506173 PGLOG 2026-08-12 11:42:54.655 [unknown] [unknown] localhost 281467568307520 0[0:0#0]  0 [BACKEND] LOG:  Could not connect to the postgres, the connection info : FATAL:  Invalid username/password,login denied.
1786506173 PGLOG 2026-08-12 11:42:54.758 [unknown] [unknown] localhost 281467568307520 0[0:0#0]  0 [BACKEND] LOG:  Could not connect to the postgres, the connection info : FATAL:  Invalid username/password,login denied.
1786506173 PGLOG 2026-08-12 11:42:54.861 [unknown] [unknown] localhost 281467568307520 0[0:0#0]  0 [BACKEND] LOG:  Could not connect to the postgres, the connection info : FATAL:  Invalid username/password,login denied.
1786506173 PGLOG 2026-08-12 11:42:54.965 [unknown] [unknown] localhost 281467568307520 0[0:0#0]  0 [BACKEND] ERROR:  Could not connect to the postgres, we have tried 10 times, the connection info: FATAL:  Invalid username/password,login denied.
1786506181 SESSIONS gsql|active|3;gsbench/control|idle|3;ApplyLauncher|idle|1;JobScheduler|active|1;Asp|active|1;WLMArbiter|idle|1;workload|active|1;gsbench/20260812T114108-5c82f/tp_cpu/1|active|1;PercentileJob|active|1;TxnSnapCapturer|idle|1;CfsShrinker|idle|1;gsbench/20260812T114108-5c82f/tp_cpu/0|active|1;WorkloadMonitor|idle|1;statement flush thread|idle|1;
1786506189 SESSIONS gsql|active|3;gsbench/control|idle|3;ApplyLauncher|idle|1;JobScheduler|active|1;Asp|active|1;WLMArbiter|idle|1;workload|active|1;statement flush thread|idle|1;PercentileJob|active|1;TxnSnapCapturer|idle|1;CfsShrinker|idle|1;gsbench/20260812T114108-5c82f/tp_cpu/0|active|1;WorkloadMonitor|idle|1;gsbench/20260812T114108-5c82f/tp_cpu/1|idle|1;
1786506197 SESSIONS gsql|active|3;gsbench/control|idle|3;ApplyLauncher|idle|1;JobScheduler|active|1;Asp|active|1;WLMArbiter|idle|1;workload|active|1;gsbench/20260812T114108-5c82f/tp_cpu/1|active|1;PercentileJob|active|1;TxnSnapCapturer|idle|1;CfsShrinker|idle|1;gsbench/20260812T114108-5c82f/tp_cpu/0|active|1;WorkloadMonitor|idle|1;statement flush thread|idle|1;
1786506205 SESSIONS gsql|active|3;gsbench/control|idle|3;ApplyLauncher|idle|1;JobScheduler|active|1;Asp|active|1;WLMArbiter|idle|1;workload|active|1;gsbench/20260812T114108-5c82f/tp_cpu/1|active|1;PercentileJob|active|1;TxnSnapCapturer|idle|1;CfsShrinker|idle|1;gsbench/20260812T114108-5c82f/tp_cpu/0|active|1;WorkloadMonitor|idle|1;statement flush thread|idle|1;
1786506213 SESSIONS gsql|active|3;gsbench/control|idle|3;ApplyLauncher|idle|1;JobScheduler|active|1;Asp|active|1;WLMArbiter|idle|1;workload|active|1;gsbench/20260812T114108-5c82f/tp_cpu/1|active|1;PercentileJob|active|1;TxnSnapCapturer|idle|1;CfsShrinker|idle|1;gsbench/20260812T114108-5c82f/tp_cpu/0|active|1;WorkloadMonitor|idle|1;statement flush thread|idle|1;
1786506222 SESSIONS gsql|active|3;gsbench/control|idle|3;ApplyLauncher|idle|1;JobScheduler|active|1;Asp|active|1;WLMArbiter|idle|1;workload|active|1;gsbench/20260812T114108-5c82f/tp_cpu/1|idle in transaction|1;PercentileJob|active|1;TxnSnapCapturer|idle|1;CfsShrinker|idle|1;gsbench/20260812T114108-5c82f/tp_cpu/0|active|1;WorkloadMonitor|idle|1;statement flush thread|idle|1;
1786506230 SESSIONS gsbench/control|idle|3;statement flush thread|idle|1;ApplyLauncher|idle|1;JobScheduler|active|1;Asp|active|1;WLMArbiter|idle|1;workload|active|1;gsbench/20260812T114108-5c82f/tp_cpu/1|active|1;PercentileJob|active|1;TxnSnapCapturer|idle|1;CfsShrinker|idle|1;gsbench/20260812T114108-5c82f/tp_cpu/0|active|1;gsql|active|1;WorkloadMonitor|idle|1;
1786506234 SESSIONS gsbench/control|idle|3;statement flush thread|idle|1;ApplyLauncher|idle|1;JobScheduler|active|1;Asp|active|1;WLMArbiter|idle|1;gsbench/20260812T114108-5c82f/tp_cpu/1|active|1;WorkloadMonitor|idle|1;PercentileJob|active|1;TxnSnapCapturer|idle|1;CfsShrinker|idle|1;gsbench/20260812T114108-5c82f/tp_cpu/0|active|1;workload|active|1;
1786506237 SESSIONS gsql|active|6;gsbench/control|idle|3;ApplyLauncher|idle|1;JobScheduler|active|1;Asp|active|1;WLMArbiter|idle|1;workload|active|1;gsbench/20260812T114108-5c82f/tp_cpu/1|active|1;PercentileJob|active|1;TxnSnapCapturer|idle|1;CfsShrinker|idle|1;gsbench/20260812T114108-5c82f/tp_cpu/0|active|1;WorkloadMonitor|idle|1;statement flush thread|idle|1;
1786506237 PGLOG 2026-08-12 11:43:55.018 [unknown] [unknown] localhost 281467568307520 0[0:0#0]  0 [BACKEND] LOG:  Could not connect to the postgres, the connection info : FATAL:  Invalid username/password,login denied.
1786506237 PGLOG 2026-08-12 11:43:55.123 [unknown] [unknown] localhost 281467568307520 0[0:0#0]  0 [BACKEND] LOG:  Could not connect to the postgres, the connection info : FATAL:  Invalid username/password,login denied.
1786506237 PGLOG 2026-08-12 11:43:55.227 [unknown] [unknown] localhost 281467568307520 0[0:0#0]  0 [BACKEND] LOG:  Could not connect to the postgres, the connection info : FATAL:  Invalid username/password,login denied.
1786506237 PGLOG 2026-08-12 11:43:55.331 [unknown] [unknown] localhost 281467568307520 0[0:0#0]  0 [BACKEND] LOG:  Could not connect to the postgres, the connection info : FATAL:  Invalid username/password,login denied.
1786506237 PGLOG 2026-08-12 11:43:55.434 [unknown] [unknown] localhost 281467568307520 0[0:0#0]  0 [BACKEND] LOG:  Could not connect to the postgres, the connection info : FATAL:  Invalid username/password,login denied.
1786506237 PGLOG 2026-08-12 11:43:55.537 [unknown] [unknown] localhost 281467568307520 0[0:0#0]  0 [BACKEND] LOG:  Could not connect to the postgres, the connection info : FATAL:  Invalid username/password,login denied.
1786506237 PGLOG 2026-08-12 11:43:55.643 [unknown] [unknown] localhost 281467568307520 0[0:0#0]  0 [BACKEND] LOG:  Could not connect to the postgres, the connection info : FATAL:  Invalid username/password,login denied.
1786506237 PGLOG 2026-08-12 11:43:55.746 [unknown] [unknown] localhost 281467568307520 0[0:0#0]  0 [BACKEND] LOG:  Could not connect to the postgres, the connection info : FATAL:  Invalid username/password,login denied.
1786506237 PGLOG 2026-08-12 11:43:55.852 [unknown] [unknown] localhost 281467568307520 0[0:0#0]  0 [BACKEND] LOG:  Could not connect to the postgres, the connection info : FATAL:  Invalid username/password,login denied.
1786506237 PGLOG 2026-08-12 11:43:55.954 [unknown] [unknown] localhost 281467568307520 0[0:0#0]  0 [BACKEND] ERROR:  Could not connect to the postgres, we have tried 10 times, the connection info: FATAL:  Invalid username/password,login denied.
1786506245 SESSIONS gsql|active|6;gsbench/control|idle|3;ApplyLauncher|idle|1;JobScheduler|active|1;Asp|active|1;WLMArbiter|idle|1;workload|active|1;statement flush thread|idle|1;PercentileJob|active|1;TxnSnapCapturer|idle|1;CfsShrinker|idle|1;gsbench/20260812T114108-5c82f/tp_cpu/0|active|1;WorkloadMonitor|idle|1;gsbench/20260812T114108-5c82f/tp_cpu/1|idle|1;
1786506253 SESSIONS gsql|active|6;gsbench/control|idle|3;ApplyLauncher|idle|1;JobScheduler|active|1;Asp|active|1;WLMArbiter|idle|1;workload|active|1;gsbench/20260812T114108-5c82f/tp_cpu/1|active|1;PercentileJob|active|1;TxnSnapCapturer|idle|1;CfsShrinker|idle|1;gsbench/20260812T114108-5c82f/tp_cpu/0|active|1;WorkloadMonitor|idle|1;statement flush thread|idle|1;
1786506261 SESSIONS gsql|active|6;gsbench/control|idle|3;ApplyLauncher|idle|1;JobScheduler|active|1;Asp|active|1;WLMArbiter|idle|1;workload|active|1;statement flush thread|idle|1;PercentileJob|active|1;TxnSnapCapturer|idle|1;CfsShrinker|idle|1;gsbench/20260812T114108-5c82f/tp_cpu/0|active|1;WorkloadMonitor|idle|1;gsbench/20260812T114108-5c82f/tp_cpu/1|idle|1;
1786506269 SESSIONS gsql|active|6;gsbench/control|idle|3;ApplyLauncher|idle|1;JobScheduler|active|1;Asp|active|1;WLMArbiter|idle|1;workload|active|1;gsbench/20260812T114108-5c82f/tp_cpu/1|idle in transaction|1;PercentileJob|active|1;TxnSnapCapturer|idle|1;CfsShrinker|idle|1;gsbench/20260812T114108-5c82f/tp_cpu/0|active|1;WorkloadMonitor|idle|1;statement flush thread|idle|1;
1786506277 SESSIONS gsql|active|6;gsbench/control|idle|3;ApplyLauncher|idle|1;JobScheduler|active|1;Asp|active|1;WLMArbiter|idle|1;workload|active|1;gsbench/20260812T114108-5c82f/tp_cpu/1|active|1;PercentileJob|active|1;TxnSnapCapturer|idle|1;gsbench/20260812T114108-5c82f/tp_cpu/0|idle|1;CfsShrinker|idle|1;WorkloadMonitor|idle|1;statement flush thread|idle|1;
1786506285 SESSIONS gsql|active|6;gsbench/control|idle|3;ApplyLauncher|idle|1;JobScheduler|active|1;Asp|active|1;WLMArbiter|idle|1;workload|active|1;gsbench/20260812T114108-5c82f/tp_cpu/1|active|1;PercentileJob|active|1;TxnSnapCapturer|idle|1;CfsShrinker|idle|1;gsbench/20260812T114108-5c82f/tp_cpu/0|active|1;WorkloadMonitor|idle|1;statement flush thread|idle|1;
1786506294 SESSIONS gsql|active|6;gsbench/control|idle|3;ApplyLauncher|idle|1;JobScheduler|active|1;Asp|active|1;WLMArbiter|idle|1;workload|active|1;gsbench/20260812T114108-5c82f/tp_cpu/1|active|1;PercentileJob|active|1;TxnSnapCapturer|idle|1;CfsShrinker|idle|1;gsbench/20260812T114108-5c82f/tp_cpu/0|active|1;WorkloadMonitor|idle|1;statement flush thread|idle|1;
1786506294 PGLOG 2026-08-12 11:44:56.014 [unknown] [unknown] localhost 281467568307520 0[0:0#0]  0 [BACKEND] LOG:  Could not connect to the postgres, the connection info : FATAL:  Invalid username/password,login denied.
1786506294 PGLOG 2026-08-12 11:44:56.116 [unknown] [unknown] localhost 281467568307520 0[0:0#0]  0 [BACKEND] LOG:  Could not connect to the postgres, the connection info : FATAL:  Invalid username/password,login denied.
1786506294 PGLOG 2026-08-12 11:44:56.219 [unknown] [unknown] localhost 281467568307520 0[0:0#0]  0 [BACKEND] LOG:  Could not connect to the postgres, the connection info : FATAL:  Invalid username/password,login denied.
1786506294 PGLOG 2026-08-12 11:44:56.325 [unknown] [unknown] localhost 281467568307520 0[0:0#0]  0 [BACKEND] LOG:  Could not connect to the postgres, the connection info : FATAL:  Invalid username/password,login denied.
1786506294 PGLOG 2026-08-12 11:44:56.427 [unknown] [unknown] localhost 281467568307520 0[0:0#0]  0 [BACKEND] LOG:  Could not connect to the postgres, the connection info : FATAL:  Invalid username/password,login denied.
1786506294 PGLOG 2026-08-12 11:44:56.529 [unknown] [unknown] localhost 281467568307520 0[0:0#0]  0 [BACKEND] LOG:  Could not connect to the postgres, the connection info : FATAL:  Invalid username/password,login denied.
1786506294 PGLOG 2026-08-12 11:44:56.631 [unknown] [unknown] localhost 281467568307520 0[0:0#0]  0 [BACKEND] LOG:  Could not connect to the postgres, the connection info : FATAL:  Invalid username/password,login denied.
1786506294 PGLOG 2026-08-12 11:44:56.738 [unknown] [unknown] localhost 281467568307520 0[0:0#0]  0 [BACKEND] LOG:  Could not connect to the postgres, the connection info : FATAL:  Invalid username/password,login denied.
1786506294 PGLOG 2026-08-12 11:44:56.840 [unknown] [unknown] localhost 281467568307520 0[0:0#0]  0 [BACKEND] LOG:  Could not connect to the postgres, the connection info : FATAL:  Invalid username/password,login denied.
1786506294 PGLOG 2026-08-12 11:44:56.942 [unknown] [unknown] localhost 281467568307520 0[0:0#0]  0 [BACKEND] ERROR:  Could not connect to the postgres, we have tried 10 times, the connection info: FATAL:  Invalid username/password,login denied.
1786506302 SESSIONS gsql|active|6;gsbench/control|idle|3;gsbench/20260812T114108-5c82f/tp_cpu/0|idle in transaction|1;ApplyLauncher|idle|1;JobScheduler|active|1;Asp|active|1;WLMArbiter|idle|1;gsbench/20260812T114108-5c82f/tp_cpu/1|active|1;WorkloadMonitor|idle|1;PercentileJob|active|1;TxnSnapCapturer|idle|1;CfsShrinker|idle|1;workload|active|1;statement flush thread|idle|1;
1786506310 SESSIONS gsql|active|5;gsbench/control|idle|3;ApplyLauncher|idle|1;JobScheduler|active|1;Asp|active|1;WLMArbiter|idle|1;workload|active|1;gsbench/20260812T114108-5c82f/tp_cpu/1|active|1;PercentileJob|active|1;TxnSnapCapturer|idle|1;CfsShrinker|idle|1;gsbench/20260812T114108-5c82f/tp_cpu/0|active|1;WorkloadMonitor|idle|1;statement flush thread|idle|1;
1786506318 SESSIONS gsql|active|6;gsbench/control|idle|3;ApplyLauncher|idle|1;JobScheduler|active|1;Asp|active|1;WLMArbiter|idle|1;workload|active|1;gsbench/20260812T114108-5c82f/tp_cpu/1|active|1;PercentileJob|active|1;TxnSnapCapturer|idle|1;CfsShrinker|idle|1;gsbench/20260812T114108-5c82f/tp_cpu/0|active|1;WorkloadMonitor|idle|1;statement flush thread|idle|1;
1786506326 SESSIONS gsql|active|6;gsbench/control|idle|3;ApplyLauncher|idle|1;JobScheduler|active|1;Asp|active|1;WLMArbiter|idle|1;workload|active|1;gsbench/20260812T114108-5c82f/tp_cpu/1|active|1;PercentileJob|active|1;TxnSnapCapturer|idle|1;CfsShrinker|idle|1;gsbench/20260812T114108-5c82f/tp_cpu/0|active|1;WorkloadMonitor|idle|1;statement flush thread|idle|1;
1786506334 SESSIONS gsql|active|5;gsbench/control|idle|3;ApplyLauncher|idle|1;JobScheduler|active|1;Asp|active|1;WLMArbiter|idle|1;workload|active|1;gsbench/20260812T114108-5c82f/tp_cpu/1|active|1;PercentileJob|active|1;TxnSnapCapturer|idle|1;CfsShrinker|idle|1;gsbench/20260812T114108-5c82f/tp_cpu/0|active|1;WorkloadMonitor|idle|1;statement flush thread|idle|1;
1786506342 SESSIONS gsql|active|6;gsbench/control|idle|3;ApplyLauncher|idle|1;JobScheduler|active|1;Asp|active|1;WLMArbiter|idle|1;workload|active|1;gsbench/20260812T114108-5c82f/tp_cpu/1|active|1;PercentileJob|active|1;TxnSnapCapturer|idle|1;CfsShrinker|idle|1;gsbench/20260812T114108-5c82f/tp_cpu/0|active|1;WorkloadMonitor|idle|1;statement flush thread|idle|1;
1786506350 SESSIONS gsql|active|4;gsbench/control|idle|3;ApplyLauncher|idle|1;JobScheduler|active|1;Asp|active|1;WLMArbiter|idle|1;workload|active|1;gsbench/20260812T114108-5c82f/tp_cpu/1|active|1;PercentileJob|active|1;TxnSnapCapturer|idle|1;CfsShrinker|idle|1;gsbench/20260812T114108-5c82f/tp_cpu/0|active|1;WorkloadMonitor|idle|1;statement flush thread|idle|1;
1786506357 SESSIONS gsql|active|3;gsbench/control|idle|3;ApplyLauncher|idle|1;JobScheduler|active|1;Asp|active|1;WLMArbiter|idle|1;workload|active|1;gsbench/20260812T114108-5c82f/tp_cpu/1|active|1;PercentileJob|active|1;TxnSnapCapturer|idle|1;CfsShrinker|idle|1;gsbench/20260812T114108-5c82f/tp_cpu/0|active|1;WorkloadMonitor|idle|1;statement flush thread|idle|1;
1786506357 PGLOG 2026-08-12 11:45:57.011 [unknown] [unknown] localhost 281467568307520 0[0:0#0]  0 [BACKEND] LOG:  Could not connect to the postgres, the connection info : FATAL:  Invalid username/password,login denied.
1786506360 SESSIONS gsql|active|9;gsbench/control|idle|3;ApplyLauncher|idle|1;JobScheduler|active|1;Asp|active|1;WLMArbiter|idle|1;workload|active|1;gsbench/20260812T114108-5c82f/tp_cpu/1|active|1;PercentileJob|active|1;TxnSnapCapturer|idle|1;CfsShrinker|idle|1;gsbench/20260812T114108-5c82f/tp_cpu/0|active|1;WorkloadMonitor|idle|1;statement flush thread|idle|1;
1786506360 PGLOG 2026-08-12 11:45:57.115 [unknown] [unknown] localhost 281467568307520 0[0:0#0]  0 [BACKEND] LOG:  Could not connect to the postgres, the connection info : FATAL:  Invalid username/password,login denied.
1786506360 PGLOG 2026-08-12 11:45:57.218 [unknown] [unknown] localhost 281467568307520 0[0:0#0]  0 [BACKEND] LOG:  Could not connect to the postgres, the connection info : FATAL:  Invalid username/password,login denied.
1786506360 PGLOG 2026-08-12 11:45:57.321 [unknown] [unknown] localhost 281467568307520 0[0:0#0]  0 [BACKEND] LOG:  Could not connect to the postgres, the connection info : FATAL:  Invalid username/password,login denied.
1786506360 PGLOG 2026-08-12 11:45:57.424 [unknown] [unknown] localhost 281467568307520 0[0:0#0]  0 [BACKEND] LOG:  Could not connect to the postgres, the connection info : FATAL:  Invalid username/password,login denied.
1786506360 PGLOG 2026-08-12 11:45:57.529 [unknown] [unknown] localhost 281467568307520 0[0:0#0]  0 [BACKEND] LOG:  Could not connect to the postgres, the connection info : FATAL:  Invalid username/password,login denied.
1786506360 PGLOG 2026-08-12 11:45:57.633 [unknown] [unknown] localhost 281467568307520 0[0:0#0]  0 [BACKEND] LOG:  Could not connect to the postgres, the connection info : FATAL:  Invalid username/password,login denied.
1786506360 PGLOG 2026-08-12 11:45:57.737 [unknown] [unknown] localhost 281467568307520 0[0:0#0]  0 [BACKEND] LOG:  Could not connect to the postgres, the connection info : FATAL:  Invalid username/password,login denied.
1786506360 PGLOG 2026-08-12 11:45:57.839 [unknown] [unknown] localhost 281467568307520 0[0:0#0]  0 [BACKEND] LOG:  Could not connect to the postgres, the connection info : FATAL:  Invalid username/password,login denied.
1786506360 PGLOG 2026-08-12 11:45:57.942 [unknown] [unknown] localhost 281467568307520 0[0:0#0]  0 [BACKEND] ERROR:  Could not connect to the postgres, we have tried 10 times, the connection info: FATAL:  Invalid username/password,login denied.
1786506368 SESSIONS gsql|active|9;gsbench/control|idle|3;ApplyLauncher|idle|1;JobScheduler|active|1;Asp|active|1;WLMArbiter|idle|1;workload|active|1;gsbench/20260812T114108-5c82f/tp_cpu/1|active|1;PercentileJob|active|1;TxnSnapCapturer|idle|1;CfsShrinker|idle|1;gsbench/20260812T114108-5c82f/tp_cpu/0|active|1;WorkloadMonitor|idle|1;statement flush thread|idle|1;
1786506376 SESSIONS gsql|active|8;gsbench/control|idle|3;ApplyLauncher|idle|1;JobScheduler|active|1;Asp|active|1;WLMArbiter|idle|1;workload|active|1;gsbench/20260812T114108-5c82f/tp_cpu/1|active|1;PercentileJob|active|1;TxnSnapCapturer|idle|1;CfsShrinker|idle|1;gsbench/20260812T114108-5c82f/tp_cpu/0|active|1;WorkloadMonitor|idle|1;statement flush thread|idle|1;
1786506384 SESSIONS gsql|active|9;gsbench/control|idle|3;ApplyLauncher|idle|1;JobScheduler|active|1;Asp|active|1;WLMArbiter|idle|1;workload|active|1;gsbench/20260812T114108-5c82f/tp_cpu/1|active|1;PercentileJob|active|1;TxnSnapCapturer|idle|1;CfsShrinker|idle|1;gsbench/20260812T114108-5c82f/tp_cpu/0|active|1;WorkloadMonitor|idle|1;statement flush thread|idle|1;
1786506392 SESSIONS gsql|active|9;gsbench/control|idle|3;ApplyLauncher|idle|1;JobScheduler|active|1;Asp|active|1;WLMArbiter|idle|1;workload|active|1;gsbench/20260812T114108-5c82f/tp_cpu/1|active|1;PercentileJob|active|1;TxnSnapCapturer|idle|1;CfsShrinker|idle|1;gsbench/20260812T114108-5c82f/tp_cpu/0|active|1;WorkloadMonitor|idle|1;statement flush thread|idle|1;
1786506400 SESSIONS gsql|active|8;gsbench/control|idle|3;ApplyLauncher|idle|1;JobScheduler|active|1;Asp|active|1;WLMArbiter|idle|1;workload|active|1;gsbench/20260812T114108-5c82f/tp_cpu/1|active|1;PercentileJob|active|1;TxnSnapCapturer|idle|1;CfsShrinker|idle|1;gsbench/20260812T114108-5c82f/tp_cpu/0|active|1;WorkloadMonitor|idle|1;statement flush thread|idle|1;
1786506408 SESSIONS gsql|active|9;gsbench/control|idle|3;ApplyLauncher|idle|1;JobScheduler|active|1;Asp|active|1;WLMArbiter|idle|1;workload|active|1;gsbench/20260812T114108-5c82f/tp_cpu/1|active|1;PercentileJob|active|1;TxnSnapCapturer|idle|1;CfsShrinker|idle|1;gsbench/20260812T114108-5c82f/tp_cpu/0|active|1;WorkloadMonitor|idle|1;statement flush thread|idle|1;
1786506416 SESSIONS gsql|active|9;gsbench/control|idle|3;ApplyLauncher|idle|1;JobScheduler|active|1;Asp|active|1;WLMArbiter|idle|1;workload|active|1;gsbench/20260812T114108-5c82f/tp_cpu/1|active|1;PercentileJob|active|1;TxnSnapCapturer|idle|1;CfsShrinker|idle|1;gsbench/20260812T114108-5c82f/tp_cpu/0|active|1;WorkloadMonitor|idle|1;statement flush thread|idle|1;
1786506416 PGLOG 2026-08-12 11:46:58.009 [unknown] [unknown] localhost 281467568307520 0[0:0#0]  0 [BACKEND] LOG:  Could not connect to the postgres, the connection info : FATAL:  Invalid username/password,login denied.
1786506416 PGLOG 2026-08-12 11:46:58.114 [unknown] [unknown] localhost 281467568307520 0[0:0#0]  0 [BACKEND] LOG:  Could not connect to the postgres, the connection info : FATAL:  Invalid username/password,login denied.
1786506416 PGLOG 2026-08-12 11:46:58.220 [unknown] [unknown] localhost 281467568307520 0[0:0#0]  0 [BACKEND] LOG:  Could not connect to the postgres, the connection info : FATAL:  Invalid username/password,login denied.
1786506416 PGLOG 2026-08-12 11:46:58.324 [unknown] [unknown] localhost 281467568307520 0[0:0#0]  0 [BACKEND] LOG:  Could not connect to the postgres, the connection info : FATAL:  Invalid username/password,login denied.
1786506416 PGLOG 2026-08-12 11:46:58.429 [unknown] [unknown] localhost 281467568307520 0[0:0#0]  0 [BACKEND] LOG:  Could not connect to the postgres, the connection info : FATAL:  Invalid username/password,login denied.
1786506416 PGLOG 2026-08-12 11:46:58.532 [unknown] [unknown] localhost 281467568307520 0[0:0#0]  0 [BACKEND] LOG:  Could not connect to the postgres, the connection info : FATAL:  Invalid username/password,login denied.
1786506416 PGLOG 2026-08-12 11:46:58.636 [unknown] [unknown] localhost 281467568307520 0[0:0#0]  0 [BACKEND] LOG:  Could not connect to the postgres, the connection info : FATAL:  Invalid username/password,login denied.
1786506416 PGLOG 2026-08-12 11:46:58.739 [unknown] [unknown] localhost 281467568307520 0[0:0#0]  0 [BACKEND] LOG:  Could not connect to the postgres, the connection info : FATAL:  Invalid username/password,login denied.
1786506416 PGLOG 2026-08-12 11:46:58.844 [unknown] [unknown] localhost 281467568307520 0[0:0#0]  0 [BACKEND] LOG:  Could not connect to the postgres, the connection info : FATAL:  Invalid username/password,login denied.
1786506416 PGLOG 2026-08-12 11:46:58.947 [unknown] [unknown] localhost 281467568307520 0[0:0#0]  0 [BACKEND] ERROR:  Could not connect to the postgres, we have tried 10 times, the connection info: FATAL:  Invalid username/password,login denied.
1786506424 SESSIONS gsql|active|9;gsbench/control|idle|3;ApplyLauncher|idle|1;JobScheduler|active|1;Asp|active|1;WLMArbiter|idle|1;workload|active|1;gsbench/20260812T114108-5c82f/tp_cpu/1|active|1;PercentileJob|active|1;TxnSnapCapturer|idle|1;CfsShrinker|idle|1;gsbench/20260812T114108-5c82f/tp_cpu/0|active|1;WorkloadMonitor|idle|1;statement flush thread|idle|1;
1786506432 SESSIONS gsql|active|9;gsbench/control|idle|3;ApplyLauncher|idle|1;JobScheduler|active|1;Asp|active|1;WLMArbiter|idle|1;workload|active|1;gsbench/20260812T114108-5c82f/tp_cpu/1|active|1;PercentileJob|active|1;TxnSnapCapturer|idle|1;CfsShrinker|idle|1;gsbench/20260812T114108-5c82f/tp_cpu/0|active|1;WorkloadMonitor|idle|1;statement flush thread|idle|1;
1786506440 SESSIONS gsql|active|9;gsbench/control|idle|3;ApplyLauncher|idle|1;JobScheduler|active|1;Asp|active|1;WLMArbiter|idle|1;workload|active|1;gsbench/20260812T114108-5c82f/tp_cpu/1|active|1;PercentileJob|active|1;TxnSnapCapturer|idle|1;CfsShrinker|idle|1;gsbench/20260812T114108-5c82f/tp_cpu/0|active|1;WorkloadMonitor|idle|1;statement flush thread|idle|1;
1786506448 SESSIONS gsql|active|9;gsbench/control|idle|3;ApplyLauncher|idle|1;JobScheduler|active|1;Asp|active|1;WLMArbiter|idle|1;workload|active|1;gsbench/20260812T114108-5c82f/tp_cpu/1|active|1;PercentileJob|active|1;TxnSnapCapturer|idle|1;CfsShrinker|idle|1;gsbench/20260812T114108-5c82f/tp_cpu/0|active|1;WorkloadMonitor|idle|1;statement flush thread|idle|1;
1786506456 SESSIONS gsql|active|9;gsbench/control|idle|3;ApplyLauncher|idle|1;JobScheduler|active|1;Asp|active|1;WLMArbiter|idle|1;workload|active|1;gsbench/20260812T114108-5c82f/tp_cpu/1|idle in transaction|1;PercentileJob|active|1;TxnSnapCapturer|idle|1;CfsShrinker|idle|1;gsbench/20260812T114108-5c82f/tp_cpu/0|active|1;WorkloadMonitor|idle|1;statement flush thread|idle|1;
1786506464 SESSIONS gsql|active|9;gsbench/control|idle|3;gsbench/20260812T114108-5c82f/tp_cpu/0|idle in transaction|1;ApplyLauncher|idle|1;JobScheduler|active|1;Asp|active|1;WLMArbiter|idle|1;gsbench/20260812T114108-5c82f/tp_cpu/1|idle in transaction|1;WorkloadMonitor|idle|1;PercentileJob|active|1;TxnSnapCapturer|idle|1;CfsShrinker|idle|1;workload|active|1;statement flush thread|idle|1;
1786506473 SESSIONS gsql|active|7;gsbench/control|idle|3;ApplyLauncher|idle|1;JobScheduler|active|1;Asp|active|1;WLMArbiter|idle|1;workload|active|1;gsbench/20260812T114108-5c82f/tp_cpu/1|active|1;PercentileJob|active|1;TxnSnapCapturer|idle|1;CfsShrinker|idle|1;gsbench/20260812T114108-5c82f/tp_cpu/0|active|1;WorkloadMonitor|idle|1;statement flush thread|idle|1;
1786506479 SESSIONS gsql|active|6;gsbench/control|idle|3;ApplyLauncher|idle|1;JobScheduler|active|1;Asp|active|1;WLMArbiter|idle|1;workload|active|1;gsbench/20260812T114108-5c82f/tp_cpu/1|active|1;PercentileJob|active|1;TxnSnapCapturer|idle|1;CfsShrinker|idle|1;gsbench/20260812T114108-5c82f/tp_cpu/0|active|1;WorkloadMonitor|idle|1;statement flush thread|idle|1;
1786506479 PGLOG 2026-08-12 11:47:58.997 [unknown] [unknown] localhost 281467568307520 0[0:0#0]  0 [BACKEND] LOG:  Could not connect to the postgres, the connection info : FATAL:  Invalid username/password,login denied.
1786506482 SESSIONS gsql|active|12;gsbench/control|idle|3;ApplyLauncher|idle|1;JobScheduler|active|1;Asp|active|1;WLMArbiter|idle|1;workload|active|1;gsbench/20260812T114108-5c82f/tp_cpu/1|active|1;PercentileJob|active|1;TxnSnapCapturer|idle|1;CfsShrinker|idle|1;gsbench/20260812T114108-5c82f/tp_cpu/0|active|1;WorkloadMonitor|idle|1;statement flush thread|idle|1;
1786506482 PGLOG 2026-08-12 11:47:59.100 [unknown] [unknown] localhost 281467568307520 0[0:0#0]  0 [BACKEND] LOG:  Could not connect to the postgres, the connection info : FATAL:  Invalid username/password,login denied.
1786506482 PGLOG 2026-08-12 11:47:59.204 [unknown] [unknown] localhost 281467568307520 0[0:0#0]  0 [BACKEND] LOG:  Could not connect to the postgres, the connection info : FATAL:  Invalid username/password,login denied.
1786506482 PGLOG 2026-08-12 11:47:59.307 [unknown] [unknown] localhost 281467568307520 0[0:0#0]  0 [BACKEND] LOG:  Could not connect to the postgres, the connection info : FATAL:  Invalid username/password,login denied.
1786506482 PGLOG 2026-08-12 11:47:59.411 [unknown] [unknown] localhost 281467568307520 0[0:0#0]  0 [BACKEND] LOG:  Could not connect to the postgres, the connection info : FATAL:  Invalid username/password,login denied.
1786506482 PGLOG 2026-08-12 11:47:59.514 [unknown] [unknown] localhost 281467568307520 0[0:0#0]  0 [BACKEND] LOG:  Could not connect to the postgres, the connection info : FATAL:  Invalid username/password,login denied.
1786506482 PGLOG 2026-08-12 11:47:59.618 [unknown] [unknown] localhost 281467568307520 0[0:0#0]  0 [BACKEND] LOG:  Could not connect to the postgres, the connection info : FATAL:  Invalid username/password,login denied.
1786506482 PGLOG 2026-08-12 11:47:59.723 [unknown] [unknown] localhost 281467568307520 0[0:0#0]  0 [BACKEND] LOG:  Could not connect to the postgres, the connection info : FATAL:  Invalid username/password,login denied.
1786506482 PGLOG 2026-08-12 11:47:59.826 [unknown] [unknown] localhost 281467568307520 0[0:0#0]  0 [BACKEND] LOG:  Could not connect to the postgres, the connection info : FATAL:  Invalid username/password,login denied.
1786506482 PGLOG 2026-08-12 11:47:59.929 [unknown] [unknown] localhost 281467568307520 0[0:0#0]  0 [BACKEND] ERROR:  Could not connect to the postgres, we have tried 10 times, the connection info: FATAL:  Invalid username/password,login denied.
1786506490 SESSIONS gsql|active|12;gsbench/control|idle|3;ApplyLauncher|idle|1;JobScheduler|active|1;Asp|active|1;WLMArbiter|idle|1;workload|active|1;gsbench/20260812T114108-5c82f/tp_cpu/1|active|1;PercentileJob|active|1;TxnSnapCapturer|idle|1;CfsShrinker|idle|1;gsbench/20260812T114108-5c82f/tp_cpu/0|active|1;WorkloadMonitor|idle|1;statement flush thread|idle|1;
1786506493 SESSIONS gsql|active|11;gsbench/control|idle|3;ApplyLauncher|idle|1;JobScheduler|active|1;Asp|active|1;WLMArbiter|idle|1;workload|active|1;gsbench/20260812T114108-5c82f/tp_cpu/1|active|1;PercentileJob|active|1;TxnSnapCapturer|idle|1;CfsShrinker|idle|1;gsbench/20260812T114108-5c82f/tp_cpu/0|active|1;WorkloadMonitor|idle|1;statement flush thread|idle|1;
1786506497 SESSIONS gsql|active|11;gsbench/control|idle|3;ApplyLauncher|idle|1;JobScheduler|active|1;Asp|active|1;WLMArbiter|idle|1;workload|active|1;gsbench/20260812T114108-5c82f/tp_cpu/1|active|1;PercentileJob|active|1;TxnSnapCapturer|idle|1;CfsShrinker|idle|1;gsbench/20260812T114108-5c82f/tp_cpu/0|active|1;WorkloadMonitor|idle|1;statement flush thread|idle|1;
1786506500 SESSIONS gsql|active|11;gsbench/control|idle|3;ApplyLauncher|idle|1;JobScheduler|active|1;Asp|active|1;WLMArbiter|idle|1;workload|active|1;gsbench/20260812T114108-5c82f/tp_cpu/1|active|1;PercentileJob|active|1;TxnSnapCapturer|idle|1;CfsShrinker|idle|1;gsbench/20260812T114108-5c82f/tp_cpu/0|active|1;WorkloadMonitor|idle|1;statement flush thread|idle|1;
1786506503 SESSIONS gsql|active|11;gsbench/control|idle|3;gsbench/20260812T114108-5c82f/tp_cpu/0|idle in transaction|1;ApplyLauncher|idle|1;JobScheduler|active|1;Asp|active|1;WLMArbiter|idle|1;gsbench/20260812T114108-5c82f/tp_cpu/1|idle in transaction|1;WorkloadMonitor|idle|1;PercentileJob|active|1;TxnSnapCapturer|idle|1;CfsShrinker|idle|1;workload|active|1;statement flush thread|idle|1;
1786506506 SESSIONS gsql|active|12;gsbench/control|idle|3;ApplyLauncher|idle|1;JobScheduler|active|1;Asp|active|1;WLMArbiter|idle|1;workload|active|1;gsbench/20260812T114108-5c82f/tp_cpu/1|active|1;PercentileJob|active|1;TxnSnapCapturer|idle|1;CfsShrinker|idle|1;gsbench/20260812T114108-5c82f/tp_cpu/0|active|1;WorkloadMonitor|idle|1;statement flush thread|idle|1;
1786506514 SESSIONS gsql|active|12;gsbench/control|idle|3;ApplyLauncher|idle|1;JobScheduler|active|1;Asp|active|1;WLMArbiter|idle|1;workload|active|1;statement flush thread|idle|1;PercentileJob|active|1;TxnSnapCapturer|idle|1;gsbench/20260812T114108-5c82f/tp_cpu/0|idle|1;CfsShrinker|idle|1;WorkloadMonitor|idle|1;gsbench/20260812T114108-5c82f/tp_cpu/1|idle|1;
1786506522 SESSIONS gsql|active|11;gsbench/control|idle|3;ApplyLauncher|idle|1;JobScheduler|active|1;Asp|active|1;WLMArbiter|idle|1;workload|active|1;gsbench/20260812T114108-5c82f/tp_cpu/1|active|1;PercentileJob|active|1;TxnSnapCapturer|idle|1;CfsShrinker|idle|1;gsbench/20260812T114108-5c82f/tp_cpu/0|active|1;WorkloadMonitor|idle|1;statement flush thread|idle|1;
1786506530 SESSIONS gsql|active|12;gsbench/control|idle|3;ApplyLauncher|idle|1;JobScheduler|active|1;Asp|active|1;WLMArbiter|idle|1;workload|active|1;gsbench/20260812T114108-5c82f/tp_cpu/1|active|1;PercentileJob|active|1;TxnSnapCapturer|idle|1;CfsShrinker|idle|1;gsbench/20260812T114108-5c82f/tp_cpu/0|active|1;WorkloadMonitor|idle|1;statement flush thread|idle|1;
1786506538 SESSIONS gsql|active|12;gsbench/control|idle|3;ApplyLauncher|idle|1;JobScheduler|active|1;Asp|active|1;WLMArbiter|idle|1;workload|active|1;gsbench/20260812T114108-5c82f/tp_cpu/1|active|1;PercentileJob|active|1;TxnSnapCapturer|idle|1;CfsShrinker|idle|1;gsbench/20260812T114108-5c82f/tp_cpu/0|active|1;WorkloadMonitor|idle|1;statement flush thread|idle|1;
1786506538 PGLOG 2026-08-12 11:48:59.998 [unknown] [unknown] localhost 281467568307520 0[0:0#0]  0 [BACKEND] LOG:  Could not connect to the postgres, the connection info : FATAL:  Invalid username/password,login denied.
1786506538 PGLOG 2026-08-12 11:49:00.101 [unknown] [unknown] localhost 281467568307520 0[0:0#0]  0 [BACKEND] LOG:  Could not connect to the postgres, the connection info : FATAL:  Invalid username/password,login denied.
1786506538 PGLOG 2026-08-12 11:49:00.205 [unknown] [unknown] localhost 281467568307520 0[0:0#0]  0 [BACKEND] LOG:  Could not connect to the postgres, the connection info : FATAL:  Invalid username/password,login denied.
1786506538 PGLOG 2026-08-12 11:49:00.308 [unknown] [unknown] localhost 281467568307520 0[0:0#0]  0 [BACKEND] LOG:  Could not connect to the postgres, the connection info : FATAL:  Invalid username/password,login denied.
1786506538 PGLOG 2026-08-12 11:49:00.411 [unknown] [unknown] localhost 281467568307520 0[0:0#0]  0 [BACKEND] LOG:  Could not connect to the postgres, the connection info : FATAL:  Invalid username/password,login denied.
1786506538 PGLOG 2026-08-12 11:49:00.516 [unknown] [unknown] localhost 281467568307520 0[0:0#0]  0 [BACKEND] LOG:  Could not connect to the postgres, the connection info : FATAL:  Invalid username/password,login denied.
1786506538 PGLOG 2026-08-12 11:49:00.620 [unknown] [unknown] localhost 281467568307520 0[0:0#0]  0 [BACKEND] LOG:  Could not connect to the postgres, the connection info : FATAL:  Invalid username/password,login denied.
1786506538 PGLOG 2026-08-12 11:49:00.722 [unknown] [unknown] localhost 281467568307520 0[0:0#0]  0 [BACKEND] LOG:  Could not connect to the postgres, the connection info : FATAL:  Invalid username/password,login denied.
1786506538 PGLOG 2026-08-12 11:49:00.830 [unknown] [unknown] localhost 281467568307520 0[0:0#0]  0 [BACKEND] LOG:  Could not connect to the postgres, the connection info : FATAL:  Invalid username/password,login denied.
1786506538 PGLOG 2026-08-12 11:49:00.934 [unknown] [unknown] localhost 281467568307520 0[0:0#0]  0 [BACKEND] ERROR:  Could not connect to the postgres, we have tried 10 times, the connection info: FATAL:  Invalid username/password,login denied.
1786506546 SESSIONS gsql|active|12;gsbench/control|idle|3;ApplyLauncher|idle|1;JobScheduler|active|1;Asp|active|1;WLMArbiter|idle|1;workload|active|1;gsbench/20260812T114108-5c82f/tp_cpu/1|active|1;PercentileJob|active|1;TxnSnapCapturer|idle|1;CfsShrinker|idle|1;gsbench/20260812T114108-5c82f/tp_cpu/0|active|1;WorkloadMonitor|idle|1;statement flush thread|idle|1;
1786506554 SESSIONS gsql|active|11;gsbench/control|idle|3;ApplyLauncher|idle|1;JobScheduler|active|1;Asp|active|1;WLMArbiter|idle|1;workload|active|1;gsbench/20260812T114108-5c82f/tp_cpu/1|active|1;PercentileJob|active|1;TxnSnapCapturer|idle|1;CfsShrinker|idle|1;gsbench/20260812T114108-5c82f/tp_cpu/0|active|1;WorkloadMonitor|idle|1;statement flush thread|idle|1;
1786506558 SESSIONS gsql|active|11;gsbench/control|idle|3;ApplyLauncher|idle|1;JobScheduler|active|1;Asp|active|1;WLMArbiter|idle|1;workload|active|1;gsbench/20260812T114108-5c82f/tp_cpu/1|active|1;PercentileJob|active|1;TxnSnapCapturer|idle|1;CfsShrinker|idle|1;gsbench/20260812T114108-5c82f/tp_cpu/0|active|1;WorkloadMonitor|idle|1;statement flush thread|idle|1;
1786506566 SESSIONS gsql|active|12;gsbench/control|idle|3;ApplyLauncher|idle|1;JobScheduler|active|1;Asp|active|1;WLMArbiter|idle|1;workload|active|1;gsbench/20260812T114108-5c82f/tp_cpu/1|active|1;PercentileJob|active|1;TxnSnapCapturer|idle|1;CfsShrinker|idle|1;gsbench/20260812T114108-5c82f/tp_cpu/0|active|1;WorkloadMonitor|idle|1;statement flush thread|idle|1;
1786506574 SESSIONS gsql|active|12;gsbench/control|idle|3;ApplyLauncher|idle|1;JobScheduler|active|1;Asp|active|1;WLMArbiter|idle|1;workload|active|1;gsbench/20260812T114108-5c82f/tp_cpu/1|active|1;PercentileJob|active|1;TxnSnapCapturer|idle|1;CfsShrinker|idle|1;gsbench/20260812T114108-5c82f/tp_cpu/0|active|1;WorkloadMonitor|idle|1;statement flush thread|idle|1;
1786506582 SESSIONS gsql|active|11;gsbench/control|idle|3;ApplyLauncher|idle|1;JobScheduler|active|1;Asp|active|1;WLMArbiter|idle|1;workload|active|1;statement flush thread|idle|1;PercentileJob|active|1;TxnSnapCapturer|idle|1;CfsShrinker|idle|1;gsbench/20260812T114108-5c82f/tp_cpu/0|active|1;WorkloadMonitor|idle|1;gsbench/20260812T114108-5c82f/tp_cpu/1|idle|1;
1786506590 SESSIONS gsql|active|12;gsbench/control|idle|3;ApplyLauncher|idle|1;JobScheduler|active|1;Asp|active|1;WLMArbiter|idle|1;workload|active|1;gsbench/20260812T114108-5c82f/tp_cpu/1|active|1;PercentileJob|active|1;TxnSnapCapturer|idle|1;CfsShrinker|idle|1;gsbench/20260812T114108-5c82f/tp_cpu/0|active|1;WorkloadMonitor|idle|1;statement flush thread|idle|1;
1786506598 SESSIONS gsql|active|8;gsbench/control|idle|3;ApplyLauncher|idle|1;JobScheduler|active|1;Asp|active|1;WLMArbiter|idle|1;workload|active|1;gsbench/20260812T114108-5c82f/tp_cpu/1|active|1;PercentileJob|active|1;TxnSnapCapturer|idle|1;CfsShrinker|idle|1;gsbench/20260812T114108-5c82f/tp_cpu/0|active|1;WorkloadMonitor|idle|1;statement flush thread|idle|1;
1786506602 SESSIONS gsql|active|8;gsbench/control|idle|3;ApplyLauncher|idle|1;JobScheduler|active|1;Asp|active|1;WLMArbiter|idle|1;workload|active|1;gsbench/20260812T114108-5c82f/tp_cpu/1|active|1;PercentileJob|active|1;TxnSnapCapturer|idle|1;CfsShrinker|idle|1;gsbench/20260812T114108-5c82f/tp_cpu/0|active|1;WorkloadMonitor|idle|1;statement flush thread|idle|1;
1786506602 PGLOG 2026-08-12 11:50:01.002 [unknown] [unknown] localhost 281467568307520 0[0:0#0]  0 [BACKEND] LOG:  Could not connect to the postgres, the connection info : FATAL:  Invalid username/password,login denied.
1786506602 PGLOG 2026-08-12 11:50:01.105 [unknown] [unknown] localhost 281467568307520 0[0:0#0]  0 [BACKEND] LOG:  Could not connect to the postgres, the connection info : FATAL:  Invalid username/password,login denied.
1786506602 PGLOG 2026-08-12 11:50:01.208 [unknown] [unknown] localhost 281467568307520 0[0:0#0]  0 [BACKEND] LOG:  Could not connect to the postgres, the connection info : FATAL:  Invalid username/password,login denied.
1786506602 PGLOG 2026-08-12 11:50:01.311 [unknown] [unknown] localhost 281467568307520 0[0:0#0]  0 [BACKEND] LOG:  Could not connect to the postgres, the connection info : FATAL:  Invalid username/password,login denied.
1786506602 PGLOG 2026-08-12 11:50:01.414 [unknown] [unknown] localhost 281467568307520 0[0:0#0]  0 [BACKEND] LOG:  Could not connect to the postgres, the connection info : FATAL:  Invalid username/password,login denied.
1786506602 PGLOG 2026-08-12 11:50:01.516 [unknown] [unknown] localhost 281467568307520 0[0:0#0]  0 [BACKEND] LOG:  Could not connect to the postgres, the connection info : FATAL:  Invalid username/password,login denied.
1786506602 PGLOG 2026-08-12 11:50:01.620 [unknown] [unknown] localhost 281467568307520 0[0:0#0]  0 [BACKEND] LOG:  Could not connect to the postgres, the connection info : FATAL:  Invalid username/password,login denied.
1786506602 PGLOG 2026-08-12 11:50:01.724 [unknown] [unknown] localhost 281467568307520 0[0:0#0]  0 [BACKEND] LOG:  Could not connect to the postgres, the connection info : FATAL:  Invalid username/password,login denied.
1786506602 PGLOG 2026-08-12 11:50:01.827 [unknown] [unknown] localhost 281467568307520 0[0:0#0]  0 [BACKEND] LOG:  Could not connect to the postgres, the connection info : FATAL:  Invalid username/password,login denied.
1786506602 PGLOG 2026-08-12 11:50:01.930 [unknown] [unknown] localhost 281467568307520 0[0:0#0]  0 [BACKEND] ERROR:  Could not connect to the postgres, we have tried 10 times, the connection info: FATAL:  Invalid username/password,login denied.
1786506605 SESSIONS gsbench/control|idle|3;statement flush thread|idle|1;ApplyLauncher|idle|1;JobScheduler|active|1;Asp|active|1;WLMArbiter|idle|1;gsbench/20260812T114108-5c82f/tp_cpu/1|active|1;WorkloadMonitor|idle|1;PercentileJob|active|1;TxnSnapCapturer|idle|1;CfsShrinker|idle|1;gsbench/20260812T114108-5c82f/tp_cpu/0|active|1;workload|active|1;
1786506608 SESSIONS gsbench/control|idle|3;statement flush thread|idle|1;ApplyLauncher|idle|1;JobScheduler|active|1;Asp|active|1;WLMArbiter|idle|1;gsbench/20260812T114108-5c82f/tp_cpu/1|active|1;WorkloadMonitor|idle|1;PercentileJob|active|1;TxnSnapCapturer|idle|1;CfsShrinker|idle|1;gsbench/20260812T114108-5c82f/tp_cpu/0|active|1;workload|active|1;
1786506611 SESSIONS gsbench/control|idle|3;statement flush thread|idle|1;ApplyLauncher|idle|1;JobScheduler|active|1;Asp|active|1;WLMArbiter|idle|1;gsbench/20260812T114108-5c82f/tp_cpu/1|active|1;WorkloadMonitor|idle|1;PercentileJob|active|1;TxnSnapCapturer|idle|1;CfsShrinker|idle|1;gsbench/20260812T114108-5c82f/tp_cpu/0|active|1;workload|active|1;
1786506614 SESSIONS gsbench/control|idle|3;statement flush thread|idle|1;ApplyLauncher|idle|1;JobScheduler|active|1;Asp|active|1;WLMArbiter|idle|1;gsbench/20260812T114108-5c82f/tp_cpu/1|active|1;WorkloadMonitor|idle|1;PercentileJob|active|1;TxnSnapCapturer|idle|1;CfsShrinker|idle|1;gsbench/20260812T114108-5c82f/tp_cpu/0|active|1;workload|active|1;
1786506617 SESSIONS gsbench/control|idle|3;statement flush thread|idle|1;ApplyLauncher|idle|1;JobScheduler|active|1;Asp|active|1;WLMArbiter|idle|1;workload|active|1;gsbench/20260812T114108-5c82f/tp_cpu/1|active|1;PercentileJob|active|1;TxnSnapCapturer|idle|1;CfsShrinker|idle|1;gsbench/20260812T114108-5c82f/tp_cpu/0|active|1;gsql|active|1;WorkloadMonitor|idle|1;
1786506620 SESSIONS gsbench/control|idle|3;statement flush thread|idle|1;ApplyLauncher|idle|1;JobScheduler|active|1;Asp|active|1;WLMArbiter|idle|1;gsbench/20260812T114108-5c82f/tp_cpu/1|active|1;WorkloadMonitor|idle|1;PercentileJob|active|1;TxnSnapCapturer|idle|1;CfsShrinker|idle|1;gsbench/20260812T114108-5c82f/tp_cpu/0|active|1;workload|active|1;
1786506623 SESSIONS gsql|active|11;ApplyLauncher|idle|1;JobScheduler|active|1;Asp|active|1;WLMArbiter|idle|1;workload|active|1;WorkloadMonitor|idle|1;PercentileJob|active|1;TxnSnapCapturer|idle|1;gsbench/control|active|1;statement flush thread|idle|1;CfsShrinker|idle|1;
1786506631 SESSIONS gsql|active|11;gsbench/control|idle|2;JobScheduler|active|1;Asp|active|1;WLMArbiter|idle|1;workload|active|1;statement flush thread|idle|1;PercentileJob|active|1;TxnSnapCapturer|idle|1;gsbench/control|active|1;CfsShrinker|idle|1;WorkloadMonitor|idle|1;ApplyLauncher|idle|1;
1786506634 SESSIONS gsql|active|11;gsbench/control|idle|2;JobScheduler|active|1;Asp|active|1;WLMArbiter|idle|1;workload|active|1;statement flush thread|idle|1;PercentileJob|active|1;TxnSnapCapturer|idle|1;gsbench/control|active|1;CfsShrinker|idle|1;WorkloadMonitor|idle|1;ApplyLauncher|idle|1;
1786506637 SESSIONS gsql|active|11;gsbench/control|idle|2;JobScheduler|active|1;Asp|active|1;WLMArbiter|idle|1;workload|active|1;statement flush thread|idle|1;PercentileJob|active|1;TxnSnapCapturer|idle|1;gsbench/control|active|1;CfsShrinker|idle|1;WorkloadMonitor|idle|1;ApplyLauncher|idle|1;
1786506640 SESSIONS gsql|active|11;gsbench/control|idle|2;JobScheduler|active|1;Asp|active|1;WLMArbiter|idle|1;workload|active|1;statement flush thread|idle|1;PercentileJob|active|1;TxnSnapCapturer|idle|1;gsbench/control|active|1;CfsShrinker|idle|1;WorkloadMonitor|idle|1;ApplyLauncher|idle|1;
1786506643 SESSIONS gsql|active|11;gsbench/control|idle|2;JobScheduler|active|1;Asp|active|1;WLMArbiter|idle|1;workload|active|1;statement flush thread|idle|1;PercentileJob|active|1;TxnSnapCapturer|idle|1;gsbench/control|active|1;CfsShrinker|idle|1;WorkloadMonitor|idle|1;ApplyLauncher|idle|1;
1786506646 SESSIONS gsql|active|11;gsbench/control|idle|2;JobScheduler|active|1;Asp|active|1;WLMArbiter|idle|1;workload|active|1;statement flush thread|idle|1;PercentileJob|active|1;TxnSnapCapturer|idle|1;gsbench/control|active|1;CfsShrinker|idle|1;WorkloadMonitor|idle|1;ApplyLauncher|idle|1;
1786506649 SESSIONS gsql|active|11;gsbench/control|idle|3;JobScheduler|active|1;Asp|active|1;WLMArbiter|idle|1;workload|active|1;WorkloadMonitor|idle|1;PercentileJob|active|1;TxnSnapCapturer|idle|1;gsbench/20260812T115022-95b7h/tp_cpu/5|active|1;gsbench/20260812T115022-95b7h/tp_cpu/3|active|1;gsbench/20260812T115022-95b7h/tp_cpu/1|active|1;CfsShrinker|idle|1;gsbench/20260812T115022-95b7h/tp_cpu/0|active|1;gsbench/20260812T115022-95b7h/tp_cpu/6|active|1;gsbench/20260812T115022-95b7h/tp_cpu/2|idle in transaction|1;gsbench/20260812T115022-95b7h/tp_cpu/4|active|1;statement flush thread|idle|1;gsbench/20260812T115022-95b7h/tp_cpu/7|active|1;ApplyLauncher|idle|1;
1786506652 SESSIONS gsql|active|11;gsbench/control|idle|3;JobScheduler|active|1;Asp|active|1;WLMArbiter|idle|1;workload|active|1;WorkloadMonitor|idle|1;PercentileJob|active|1;TxnSnapCapturer|idle|1;gsbench/20260812T115022-95b7h/tp_cpu/5|active|1;gsbench/20260812T115022-95b7h/tp_cpu/3|active|1;gsbench/20260812T115022-95b7h/tp_cpu/2|active|1;gsbench/20260812T115022-95b7h/tp_cpu/1|active|1;CfsShrinker|idle|1;gsbench/20260812T115022-95b7h/tp_cpu/0|active|1;gsbench/20260812T115022-95b7h/tp_cpu/6|active|1;gsbench/20260812T115022-95b7h/tp_cpu/4|active|1;statement flush thread|idle|1;gsbench/20260812T115022-95b7h/tp_cpu/7|active|1;ApplyLauncher|idle|1;
1786506655 SESSIONS gsql|active|11;gsbench/control|idle|3;JobScheduler|active|1;Asp|active|1;WLMArbiter|idle|1;workload|active|1;WorkloadMonitor|idle|1;PercentileJob|active|1;TxnSnapCapturer|idle|1;gsbench/20260812T115022-95b7h/tp_cpu/5|active|1;gsbench/20260812T115022-95b7h/tp_cpu/3|active|1;gsbench/20260812T115022-95b7h/tp_cpu/2|active|1;gsbench/20260812T115022-95b7h/tp_cpu/1|active|1;CfsShrinker|idle|1;gsbench/20260812T115022-95b7h/tp_cpu/0|active|1;gsbench/20260812T115022-95b7h/tp_cpu/6|active|1;gsbench/20260812T115022-95b7h/tp_cpu/4|active|1;statement flush thread|idle|1;gsbench/20260812T115022-95b7h/tp_cpu/7|active|1;ApplyLauncher|idle|1;
1786506658 SESSIONS gsql|active|12;gsbench/control|idle|3;JobScheduler|active|1;Asp|active|1;WLMArbiter|idle|1;workload|active|1;WorkloadMonitor|idle|1;PercentileJob|active|1;TxnSnapCapturer|idle|1;gsbench/20260812T115022-95b7h/tp_cpu/5|active|1;gsbench/20260812T115022-95b7h/tp_cpu/3|active|1;gsbench/20260812T115022-95b7h/tp_cpu/2|active|1;gsbench/20260812T115022-95b7h/tp_cpu/1|active|1;CfsShrinker|idle|1;gsbench/20260812T115022-95b7h/tp_cpu/0|active|1;gsbench/20260812T115022-95b7h/tp_cpu/6|active|1;gsbench/20260812T115022-95b7h/tp_cpu/4|active|1;statement flush thread|idle|1;gsbench/20260812T115022-95b7h/tp_cpu/7|active|1;ApplyLauncher|idle|1;
1786506658 PGLOG 2026-08-12 11:51:01.984 [unknown] [unknown] localhost 281467568307520 0[0:0#0]  0 [BACKEND] LOG:  Could not connect to the postgres, the connection info : FATAL:  Invalid username/password,login denied.
1786506658 PGLOG 2026-08-12 11:51:02.089 [unknown] [unknown] localhost 281467568307520 0[0:0#0]  0 [BACKEND] LOG:  Could not connect to the postgres, the connection info : FATAL:  Invalid username/password,login denied.
1786506658 PGLOG 2026-08-12 11:51:02.191 [unknown] [unknown] localhost 281467568307520 0[0:0#0]  0 [BACKEND] LOG:  Could not connect to the postgres, the connection info : FATAL:  Invalid username/password,login denied.
1786506658 PGLOG 2026-08-12 11:51:02.295 [unknown] [unknown] localhost 281467568307520 0[0:0#0]  0 [BACKEND] LOG:  Could not connect to the postgres, the connection info : FATAL:  Invalid username/password,login denied.
1786506658 PGLOG 2026-08-12 11:51:02.397 [unknown] [unknown] localhost 281467568307520 0[0:0#0]  0 [BACKEND] LOG:  Could not connect to the postgres, the connection info : FATAL:  Invalid username/password,login denied.
1786506658 PGLOG 2026-08-12 11:51:02.500 [unknown] [unknown] localhost 281467568307520 0[0:0#0]  0 [BACKEND] LOG:  Could not connect to the postgres, the connection info : FATAL:  Invalid username/password,login denied.
1786506658 PGLOG 2026-08-12 11:51:02.603 [unknown] [unknown] localhost 281467568307520 0[0:0#0]  0 [BACKEND] LOG:  Could not connect to the postgres, the connection info : FATAL:  Invalid username/password,login denied.
1786506658 PGLOG 2026-08-12 11:51:02.707 [unknown] [unknown] localhost 281467568307520 0[0:0#0]  0 [BACKEND] LOG:  Could not connect to the postgres, the connection info : FATAL:  Invalid username/password,login denied.
1786506658 PGLOG 2026-08-12 11:51:02.811 [unknown] [unknown] localhost 281467568307520 0[0:0#0]  0 [BACKEND] LOG:  Could not connect to the postgres, the connection info : FATAL:  Invalid username/password,login denied.
1786506658 PGLOG 2026-08-12 11:51:02.913 [unknown] [unknown] localhost 281467568307520 0[0:0#0]  0 [BACKEND] ERROR:  Could not connect to the postgres, we have tried 10 times, the connection info: FATAL:  Invalid username/password,login denied.
1786506666 SESSIONS gsql|active|12;gsbench/control|idle|3;JobScheduler|active|1;Asp|active|1;WLMArbiter|idle|1;workload|active|1;WorkloadMonitor|idle|1;PercentileJob|active|1;TxnSnapCapturer|idle|1;gsbench/20260812T115022-95b7h/tp_cpu/5|active|1;gsbench/20260812T115022-95b7h/tp_cpu/2|idle|1;gsbench/20260812T115022-95b7h/tp_cpu/1|active|1;CfsShrinker|idle|1;gsbench/20260812T115022-95b7h/tp_cpu/7|idle in transaction|1;gsbench/20260812T115022-95b7h/tp_cpu/3|idle in transaction|1;gsbench/20260812T115022-95b7h/tp_cpu/0|idle in transaction|1;gsbench/20260812T115022-95b7h/tp_cpu/6|idle in transaction|1;statement flush thread|idle|1;gsbench/20260812T115022-95b7h/tp_cpu/4|active|1;ApplyLauncher|idle|1;
1786506674 SESSIONS gsql|active|12;gsbench/control|idle|3;JobScheduler|active|1;Asp|active|1;WLMArbiter|idle|1;workload|active|1;WorkloadMonitor|idle|1;PercentileJob|active|1;TxnSnapCapturer|idle|1;gsbench/20260812T115022-95b7h/tp_cpu/5|active|1;gsbench/20260812T115022-95b7h/tp_cpu/3|active|1;gsbench/20260812T115022-95b7h/tp_cpu/2|active|1;gsbench/20260812T115022-95b7h/tp_cpu/1|active|1;CfsShrinker|idle|1;gsbench/20260812T115022-95b7h/tp_cpu/0|active|1;gsbench/20260812T115022-95b7h/tp_cpu/6|active|1;gsbench/20260812T115022-95b7h/tp_cpu/4|active|1;statement flush thread|idle|1;gsbench/20260812T115022-95b7h/tp_cpu/7|active|1;ApplyLauncher|idle|1;
1786506683 SESSIONS gsql|active|11;gsbench/control|idle|3;JobScheduler|active|1;Asp|active|1;WLMArbiter|idle|1;workload|active|1;WorkloadMonitor|idle|1;PercentileJob|active|1;TxnSnapCapturer|idle|1;gsbench/20260812T115022-95b7h/tp_cpu/5|active|1;gsbench/20260812T115022-95b7h/tp_cpu/3|active|1;gsbench/20260812T115022-95b7h/tp_cpu/2|active|1;gsbench/20260812T115022-95b7h/tp_cpu/1|active|1;CfsShrinker|idle|1;gsbench/20260812T115022-95b7h/tp_cpu/0|active|1;gsbench/20260812T115022-95b7h/tp_cpu/6|active|1;gsbench/20260812T115022-95b7h/tp_cpu/4|active|1;statement flush thread|idle|1;gsbench/20260812T115022-95b7h/tp_cpu/7|active|1;ApplyLauncher|idle|1;
1786506691 SESSIONS gsql|active|12;gsbench/control|idle|3;JobScheduler|active|1;Asp|active|1;WLMArbiter|idle|1;workload|active|1;WorkloadMonitor|idle|1;PercentileJob|active|1;TxnSnapCapturer|idle|1;gsbench/20260812T115022-95b7h/tp_cpu/5|active|1;gsbench/20260812T115022-95b7h/tp_cpu/3|active|1;gsbench/20260812T115022-95b7h/tp_cpu/2|active|1;gsbench/20260812T115022-95b7h/tp_cpu/1|active|1;CfsShrinker|idle|1;gsbench/20260812T115022-95b7h/tp_cpu/0|active|1;gsbench/20260812T115022-95b7h/tp_cpu/6|active|1;gsbench/20260812T115022-95b7h/tp_cpu/4|active|1;statement flush thread|idle|1;gsbench/20260812T115022-95b7h/tp_cpu/7|active|1;ApplyLauncher|idle|1;
1786506699 SESSIONS gsql|active|12;gsbench/control|idle|3;JobScheduler|active|1;Asp|active|1;WLMArbiter|idle|1;workload|active|1;WorkloadMonitor|idle|1;PercentileJob|active|1;TxnSnapCapturer|idle|1;gsbench/20260812T115022-95b7h/tp_cpu/5|active|1;gsbench/20260812T115022-95b7h/tp_cpu/3|active|1;gsbench/20260812T115022-95b7h/tp_cpu/2|active|1;gsbench/20260812T115022-95b7h/tp_cpu/1|active|1;CfsShrinker|idle|1;gsbench/20260812T115022-95b7h/tp_cpu/0|active|1;gsbench/20260812T115022-95b7h/tp_cpu/6|active|1;gsbench/20260812T115022-95b7h/tp_cpu/4|active|1;statement flush thread|idle|1;gsbench/20260812T115022-95b7h/tp_cpu/7|active|1;ApplyLauncher|idle|1;
1786506707 SESSIONS gsql|active|11;gsbench/control|idle|3;JobScheduler|active|1;Asp|active|1;WLMArbiter|idle|1;workload|active|1;WorkloadMonitor|idle|1;PercentileJob|active|1;TxnSnapCapturer|idle|1;gsbench/20260812T115022-95b7h/tp_cpu/5|active|1;gsbench/20260812T115022-95b7h/tp_cpu/3|active|1;gsbench/20260812T115022-95b7h/tp_cpu/2|active|1;gsbench/20260812T115022-95b7h/tp_cpu/1|active|1;CfsShrinker|idle|1;gsbench/20260812T115022-95b7h/tp_cpu/0|active|1;gsbench/20260812T115022-95b7h/tp_cpu/6|active|1;gsbench/20260812T115022-95b7h/tp_cpu/4|active|1;statement flush thread|idle|1;gsbench/20260812T115022-95b7h/tp_cpu/7|active|1;ApplyLauncher|idle|1;
1786506715 SESSIONS gsql|active|12;gsbench/control|idle|3;ApplyLauncher|idle|1;JobScheduler|active|1;Asp|active|1;WLMArbiter|idle|1;workload|active|1;WorkloadMonitor|idle|1;PercentileJob|active|1;TxnSnapCapturer|idle|1;gsbench/20260812T115022-95b7h/tp_cpu/5|active|1;gsbench/20260812T115022-95b7h/tp_cpu/3|active|1;gsbench/20260812T115022-95b7h/tp_cpu/2|idle|1;CfsShrinker|idle|1;gsbench/20260812T115022-95b7h/tp_cpu/0|active|1;gsbench/20260812T115022-95b7h/tp_cpu/6|active|1;gsbench/20260812T115022-95b7h/tp_cpu/4|active|1;gsbench/20260812T115022-95b7h/tp_cpu/1|idle in transaction|1;gsbench/20260812T115022-95b7h/tp_cpu/7|active|1;statement flush thread|idle|1;
1786506723 SESSIONS gsql|active|12;gsbench/control|idle|3;JobScheduler|active|1;Asp|active|1;WLMArbiter|idle|1;workload|active|1;WorkloadMonitor|idle|1;PercentileJob|active|1;TxnSnapCapturer|idle|1;gsbench/20260812T115022-95b7h/tp_cpu/5|active|1;gsbench/20260812T115022-95b7h/tp_cpu/3|active|1;gsbench/20260812T115022-95b7h/tp_cpu/2|active|1;gsbench/20260812T115022-95b7h/tp_cpu/1|active|1;CfsShrinker|idle|1;gsbench/20260812T115022-95b7h/tp_cpu/0|active|1;gsbench/20260812T115022-95b7h/tp_cpu/6|active|1;gsbench/20260812T115022-95b7h/tp_cpu/4|active|1;statement flush thread|idle|1;gsbench/20260812T115022-95b7h/tp_cpu/7|active|1;ApplyLauncher|idle|1;
1786506723 PGLOG 2026-08-12 11:52:02.971 [unknown] [unknown] localhost 281467568307520 0[0:0#0]  0 [BACKEND] LOG:  Could not connect to the postgres, the connection info : FATAL:  Invalid username/password,login denied.
1786506723 PGLOG 2026-08-12 11:52:03.074 [unknown] [unknown] localhost 281467568307520 0[0:0#0]  0 [BACKEND] LOG:  Could not connect to the postgres, the connection info : FATAL:  Invalid username/password,login denied.
1786506723 PGLOG 2026-08-12 11:52:03.177 [unknown] [unknown] localhost 281467568307520 0[0:0#0]  0 [BACKEND] LOG:  Could not connect to the postgres, the connection info : FATAL:  Invalid username/password,login denied.
1786506723 PGLOG 2026-08-12 11:52:03.280 [unknown] [unknown] localhost 281467568307520 0[0:0#0]  0 [BACKEND] LOG:  Could not connect to the postgres, the connection info : FATAL:  Invalid username/password,login denied.
1786506723 PGLOG 2026-08-12 11:52:03.382 [unknown] [unknown] localhost 281467568307520 0[0:0#0]  0 [BACKEND] LOG:  Could not connect to the postgres, the connection info : FATAL:  Invalid username/password,login denied.
1786506723 PGLOG 2026-08-12 11:52:03.484 [unknown] [unknown] localhost 281467568307520 0[0:0#0]  0 [BACKEND] LOG:  Could not connect to the postgres, the connection info : FATAL:  Invalid username/password,login denied.
1786506723 PGLOG 2026-08-12 11:52:03.586 [unknown] [unknown] localhost 281467568307520 0[0:0#0]  0 [BACKEND] LOG:  Could not connect to the postgres, the connection info : FATAL:  Invalid username/password,login denied.
1786506723 PGLOG 2026-08-12 11:52:03.689 [unknown] [unknown] localhost 281467568307520 0[0:0#0]  0 [BACKEND] LOG:  Could not connect to the postgres, the connection info : FATAL:  Invalid username/password,login denied.
1786506723 PGLOG 2026-08-12 11:52:03.796 [unknown] [unknown] localhost 281467568307520 0[0:0#0]  0 [BACKEND] LOG:  Could not connect to the postgres, the connection info : FATAL:  Invalid username/password,login denied.
1786506723 PGLOG 2026-08-12 11:52:03.898 [unknown] [unknown] localhost 281467568307520 0[0:0#0]  0 [BACKEND] ERROR:  Could not connect to the postgres, we have tried 10 times, the connection info: FATAL:  Invalid username/password,login denied.
1786506731 SESSIONS gsql|active|11;gsbench/control|idle|3;JobScheduler|active|1;Asp|active|1;WLMArbiter|idle|1;workload|active|1;WorkloadMonitor|idle|1;PercentileJob|active|1;TxnSnapCapturer|idle|1;gsbench/20260812T115022-95b7h/tp_cpu/5|active|1;gsbench/20260812T115022-95b7h/tp_cpu/3|active|1;gsbench/20260812T115022-95b7h/tp_cpu/2|active|1;gsbench/20260812T115022-95b7h/tp_cpu/1|active|1;CfsShrinker|idle|1;gsbench/20260812T115022-95b7h/tp_cpu/0|active|1;gsbench/20260812T115022-95b7h/tp_cpu/6|active|1;gsbench/20260812T115022-95b7h/tp_cpu/4|active|1;statement flush thread|idle|1;gsbench/20260812T115022-95b7h/tp_cpu/7|active|1;ApplyLauncher|idle|1;
1786506739 SESSIONS gsql|active|9;gsbench/control|idle|3;JobScheduler|active|1;Asp|active|1;WLMArbiter|idle|1;workload|active|1;WorkloadMonitor|idle|1;PercentileJob|active|1;TxnSnapCapturer|idle|1;gsbench/20260812T115022-95b7h/tp_cpu/5|active|1;gsbench/20260812T115022-95b7h/tp_cpu/3|active|1;gsbench/20260812T115022-95b7h/tp_cpu/2|active|1;gsbench/20260812T115022-95b7h/tp_cpu/1|active|1;CfsShrinker|idle|1;gsbench/20260812T115022-95b7h/tp_cpu/0|active|1;gsbench/20260812T115022-95b7h/tp_cpu/6|active|1;gsbench/20260812T115022-95b7h/tp_cpu/4|active|1;statement flush thread|idle|1;gsbench/20260812T115022-95b7h/tp_cpu/7|active|1;ApplyLauncher|idle|1;
1786506743 SESSIONS gsql|active|9;gsbench/control|idle|3;JobScheduler|active|1;Asp|active|1;WLMArbiter|idle|1;workload|active|1;WorkloadMonitor|idle|1;PercentileJob|active|1;TxnSnapCapturer|idle|1;gsbench/20260812T115022-95b7h/tp_cpu/5|active|1;gsbench/20260812T115022-95b7h/tp_cpu/3|active|1;gsbench/20260812T115022-95b7h/tp_cpu/2|active|1;gsbench/20260812T115022-95b7h/tp_cpu/1|active|1;CfsShrinker|idle|1;gsbench/20260812T115022-95b7h/tp_cpu/0|active|1;gsbench/20260812T115022-95b7h/tp_cpu/6|active|1;gsbench/20260812T115022-95b7h/tp_cpu/4|active|1;statement flush thread|idle|1;gsbench/20260812T115022-95b7h/tp_cpu/7|active|1;ApplyLauncher|idle|1;
1786506746 SESSIONS gsbench/control|idle|3;ApplyLauncher|idle|1;JobScheduler|active|1;Asp|active|1;WLMArbiter|idle|1;workload|active|1;WorkloadMonitor|idle|1;PercentileJob|active|1;TxnSnapCapturer|idle|1;gsbench/20260812T115022-95b7h/tp_cpu/5|active|1;gsbench/20260812T115022-95b7h/tp_cpu/3|active|1;gsbench/20260812T115022-95b7h/tp_cpu/2|active|1;gsbench/20260812T115022-95b7h/tp_cpu/1|active|1;CfsShrinker|idle|1;gsbench/20260812T115022-95b7h/tp_cpu/0|active|1;gsbench/20260812T115022-95b7h/tp_cpu/6|active|1;gsbench/20260812T115022-95b7h/tp_cpu/4|active|1;statement flush thread|idle|1;gsbench/20260812T115022-95b7h/tp_cpu/7|active|1;
1786506749 SESSIONS gsbench/control|idle|3;ApplyLauncher|idle|1;JobScheduler|active|1;Asp|active|1;WLMArbiter|idle|1;workload|active|1;WorkloadMonitor|idle|1;PercentileJob|active|1;TxnSnapCapturer|idle|1;gsbench/20260812T115022-95b7h/tp_cpu/5|active|1;gsbench/20260812T115022-95b7h/tp_cpu/3|active|1;gsbench/20260812T115022-95b7h/tp_cpu/2|active|1;gsbench/20260812T115022-95b7h/tp_cpu/1|active|1;CfsShrinker|idle|1;gsbench/20260812T115022-95b7h/tp_cpu/0|active|1;gsbench/20260812T115022-95b7h/tp_cpu/6|active|1;gsbench/20260812T115022-95b7h/tp_cpu/4|active|1;statement flush thread|idle|1;gsbench/20260812T115022-95b7h/tp_cpu/7|active|1;
1786506752 SESSIONS gsbench/control|idle|3;ApplyLauncher|idle|1;JobScheduler|active|1;Asp|active|1;WLMArbiter|idle|1;workload|active|1;WorkloadMonitor|idle|1;PercentileJob|active|1;TxnSnapCapturer|idle|1;statement flush thread|idle|1;gsbench/20260812T115022-95b7h/tp_cpu/3|active|1;gsbench/20260812T115022-95b7h/tp_cpu/2|active|1;gsbench/20260812T115022-95b7h/tp_cpu/1|active|1;CfsShrinker|idle|1;gsbench/20260812T115022-95b7h/tp_cpu/4|idle|1;gsbench/20260812T115022-95b7h/tp_cpu/7|idle|1;gsbench/20260812T115022-95b7h/tp_cpu/0|active|1;gsbench/20260812T115022-95b7h/tp_cpu/6|active|1;gsbench/20260812T115022-95b7h/tp_cpu/5|active|1;
1786506755 SESSIONS gsbench/control|idle|3;ApplyLauncher|idle|1;JobScheduler|active|1;Asp|active|1;WLMArbiter|idle|1;workload|active|1;WorkloadMonitor|idle|1;PercentileJob|active|1;TxnSnapCapturer|idle|1;gsbench/20260812T115022-95b7h/tp_cpu/5|active|1;gsbench/20260812T115022-95b7h/tp_cpu/3|active|1;gsbench/20260812T115022-95b7h/tp_cpu/2|active|1;gsbench/20260812T115022-95b7h/tp_cpu/1|active|1;CfsShrinker|idle|1;gsbench/20260812T115022-95b7h/tp_cpu/0|active|1;gsbench/20260812T115022-95b7h/tp_cpu/6|active|1;gsbench/20260812T115022-95b7h/tp_cpu/4|active|1;statement flush thread|idle|1;gsbench/20260812T115022-95b7h/tp_cpu/7|active|1;
1786506758 SESSIONS gsbench/control|idle|3;ApplyLauncher|idle|1;JobScheduler|active|1;Asp|active|1;WLMArbiter|idle|1;workload|active|1;WorkloadMonitor|idle|1;PercentileJob|active|1;TxnSnapCapturer|idle|1;gsbench/20260812T115022-95b7h/tp_cpu/5|active|1;gsbench/20260812T115022-95b7h/tp_cpu/3|active|1;gsbench/20260812T115022-95b7h/tp_cpu/2|active|1;gsbench/20260812T115022-95b7h/tp_cpu/1|active|1;CfsShrinker|idle|1;gsbench/20260812T115022-95b7h/tp_cpu/0|active|1;gsbench/20260812T115022-95b7h/tp_cpu/6|active|1;gsbench/20260812T115022-95b7h/tp_cpu/4|active|1;statement flush thread|idle|1;gsbench/20260812T115022-95b7h/tp_cpu/7|active|1;
1786506762 SESSIONS gsbench/control|idle|3;ApplyLauncher|idle|1;JobScheduler|active|1;Asp|active|1;WLMArbiter|idle|1;workload|active|1;WorkloadMonitor|idle|1;PercentileJob|active|1;TxnSnapCapturer|idle|1;gsbench/20260812T115022-95b7h/tp_cpu/5|active|1;gsbench/20260812T115022-95b7h/tp_cpu/3|active|1;gsbench/20260812T115022-95b7h/tp_cpu/2|active|1;gsbench/20260812T115022-95b7h/tp_cpu/1|active|1;CfsShrinker|idle|1;gsbench/20260812T115022-95b7h/tp_cpu/0|active|1;gsbench/20260812T115022-95b7h/tp_cpu/6|active|1;gsbench/20260812T115022-95b7h/tp_cpu/4|active|1;statement flush thread|idle|1;gsbench/20260812T115022-95b7h/tp_cpu/7|active|1;
1786506765 SESSIONS gsbench/control|idle|3;ApplyLauncher|idle|1;JobScheduler|active|1;Asp|active|1;WLMArbiter|idle|1;workload|active|1;WorkloadMonitor|idle|1;PercentileJob|active|1;TxnSnapCapturer|idle|1;gsbench/20260812T115022-95b7h/tp_cpu/5|active|1;gsbench/20260812T115022-95b7h/tp_cpu/3|active|1;gsbench/20260812T115022-95b7h/tp_cpu/2|active|1;gsbench/20260812T115022-95b7h/tp_cpu/1|active|1;CfsShrinker|idle|1;gsbench/20260812T115022-95b7h/tp_cpu/0|active|1;gsbench/20260812T115022-95b7h/tp_cpu/6|active|1;gsbench/20260812T115022-95b7h/tp_cpu/4|active|1;statement flush thread|idle|1;gsbench/20260812T115022-95b7h/tp_cpu/7|active|1;
1786506768 SESSIONS gsbench/control|idle|3;ApplyLauncher|idle|1;JobScheduler|active|1;Asp|active|1;WLMArbiter|idle|1;workload|active|1;WorkloadMonitor|idle|1;PercentileJob|active|1;TxnSnapCapturer|idle|1;gsbench/20260812T115022-95b7h/tp_cpu/5|active|1;gsbench/20260812T115022-95b7h/tp_cpu/3|active|1;gsbench/20260812T115022-95b7h/tp_cpu/2|active|1;gsbench/20260812T115022-95b7h/tp_cpu/1|active|1;CfsShrinker|idle|1;gsbench/20260812T115022-95b7h/tp_cpu/0|active|1;gsbench/20260812T115022-95b7h/tp_cpu/6|active|1;gsbench/20260812T115022-95b7h/tp_cpu/4|active|1;statement flush thread|idle|1;gsbench/20260812T115022-95b7h/tp_cpu/7|active|1;
1786506771 SESSIONS statement flush thread|idle|1;ApplyLauncher|idle|1;JobScheduler|active|1;Asp|active|1;WLMArbiter|idle|1;workload|active|1;WorkloadMonitor|idle|1;PercentileJob|active|1;TxnSnapCapturer|idle|1;CfsShrinker|idle|1;
1786506771 PGLOG 2026-08-12 11:52:49.569 gaussdb postgres 127.0.0.1 281464399379776 0[0:0#0]  0 [BACKEND] ERROR:  canceling statement due to user request
1786506771 PGLOG 2026-08-12 11:52:49.569 gaussdb postgres 127.0.0.1 281464706743616 0[0:0#0]  0 [BACKEND] ERROR:  canceling statement due to user request
1786506771 PGLOG 2026-08-12 11:52:49.570 gaussdb postgres 127.0.0.1 281464761204032 0[0:0#0]  0 [BACKEND] ERROR:  canceling statement due to user request
1786506771 PGLOG 2026-08-12 11:52:49.570 gaussdb postgres 127.0.0.1 281464433065280 0[0:0#0]  0 [BACKEND] ERROR:  canceling statement due to user request
1786506771 PGLOG 2026-08-12 11:52:49.570 gaussdb postgres 127.0.0.1 281464543165760 0[0:0#0]  0 [BACKEND] ERROR:  canceling statement due to user request
1786506771 PGLOG 2026-08-12 11:52:49.631 gaussdb postgres 127.0.0.1 281464689900864 0[0:0#0]  0 [BACKEND] ERROR:  canceling statement due to user request
1786506771 PGLOG 2026-08-12 11:52:49.631 gaussdb postgres 127.0.0.1 281464416222528 0[0:0#0]  0 [BACKEND] ERROR:  canceling statement due to user request
1786506771 PGLOG 2026-08-12 11:52:49.632 gaussdb postgres 127.0.0.1 281464778046784 0[0:0#0]  0 [BACKEND] ERROR:  canceling statement due to user request
1786506774 SESSIONS statement flush thread|idle|1;ApplyLauncher|idle|1;JobScheduler|active|1;Asp|active|1;WLMArbiter|idle|1;workload|active|1;WorkloadMonitor|idle|1;PercentileJob|active|1;TxnSnapCapturer|idle|1;CfsShrinker|idle|1;
1786506777 SESSIONS statement flush thread|idle|1;ApplyLauncher|idle|1;JobScheduler|active|1;Asp|active|1;WLMArbiter|idle|1;workload|active|1;WorkloadMonitor|idle|1;PercentileJob|active|1;TxnSnapCapturer|idle|1;CfsShrinker|idle|1;
1786506780 SESSIONS statement flush thread|idle|1;ApplyLauncher|idle|1;JobScheduler|active|1;Asp|active|1;WLMArbiter|idle|1;workload|active|1;WorkloadMonitor|idle|1;PercentileJob|active|1;TxnSnapCapturer|idle|1;CfsShrinker|idle|1;
1786506783 SESSIONS statement flush thread|idle|1;ApplyLauncher|idle|1;JobScheduler|active|1;Asp|active|1;WLMArbiter|idle|1;workload|active|1;WorkloadMonitor|idle|1;PercentileJob|active|1;TxnSnapCapturer|idle|1;CfsShrinker|idle|1;
1786506786 SESSIONS statement flush thread|idle|1;ApplyLauncher|idle|1;JobScheduler|active|1;Asp|active|1;WLMArbiter|idle|1;workload|active|1;WorkloadMonitor|idle|1;PercentileJob|active|1;TxnSnapCapturer|idle|1;CfsShrinker|idle|1;
1786506786 PGLOG 2026-08-12 11:53:03.960 [unknown] [unknown] localhost 281467568307520 0[0:0#0]  0 [BACKEND] LOG:  Could not connect to the postgres, the connection info : FATAL:  Invalid username/password,login denied.
1786506786 PGLOG 2026-08-12 11:53:04.063 [unknown] [unknown] localhost 281467568307520 0[0:0#0]  0 [BACKEND] LOG:  Could not connect to the postgres, the connection info : FATAL:  Invalid username/password,login denied.
1786506786 PGLOG 2026-08-12 11:53:04.166 [unknown] [unknown] localhost 281467568307520 0[0:0#0]  0 [BACKEND] LOG:  Could not connect to the postgres, the connection info : FATAL:  Invalid username/password,login denied.
1786506786 PGLOG 2026-08-12 11:53:04.272 [unknown] [unknown] localhost 281467568307520 0[0:0#0]  0 [BACKEND] LOG:  Could not connect to the postgres, the connection info : FATAL:  Invalid username/password,login denied.
1786506786 PGLOG 2026-08-12 11:53:04.377 [unknown] [unknown] localhost 281467568307520 0[0:0#0]  0 [BACKEND] LOG:  Could not connect to the postgres, the connection info : FATAL:  Invalid username/password,login denied.
1786506786 PGLOG 2026-08-12 11:53:04.480 [unknown] [unknown] localhost 281467568307520 0[0:0#0]  0 [BACKEND] LOG:  Could not connect to the postgres, the connection info : FATAL:  Invalid username/password,login denied.
1786506786 PGLOG 2026-08-12 11:53:04.585 [unknown] [unknown] localhost 281467568307520 0[0:0#0]  0 [BACKEND] LOG:  Could not connect to the postgres, the connection info : FATAL:  Invalid username/password,login denied.
1786506786 PGLOG 2026-08-12 11:53:04.688 [unknown] [unknown] localhost 281467568307520 0[0:0#0]  0 [BACKEND] LOG:  Could not connect to the postgres, the connection info : FATAL:  Invalid username/password,login denied.
1786506786 PGLOG 2026-08-12 11:53:04.791 [unknown] [unknown] localhost 281467568307520 0[0:0#0]  0 [BACKEND] LOG:  Could not connect to the postgres, the connection info : FATAL:  Invalid username/password,login denied.
1786506786 PGLOG 2026-08-12 11:53:04.895 [unknown] [unknown] localhost 281467568307520 0[0:0#0]  0 [BACKEND] ERROR:  Could not connect to the postgres, we have tried 10 times, the connection info: FATAL:  Invalid username/password,login denied.
1786506789 SESSIONS statement flush thread|idle|1;ApplyLauncher|idle|1;JobScheduler|active|1;Asp|active|1;WLMArbiter|idle|1;workload|active|1;WorkloadMonitor|idle|1;PercentileJob|active|1;TxnSnapCapturer|idle|1;CfsShrinker|idle|1;
1786506792 SESSIONS statement flush thread|idle|1;ApplyLauncher|idle|1;JobScheduler|active|1;Asp|active|1;WLMArbiter|idle|1;workload|active|1;WorkloadMonitor|idle|1;PercentileJob|active|1;TxnSnapCapturer|idle|1;CfsShrinker|idle|1;
1786506795 SESSIONS statement flush thread|idle|1;ApplyLauncher|idle|1;JobScheduler|active|1;Asp|active|1;WLMArbiter|idle|1;workload|active|1;WorkloadMonitor|idle|1;PercentileJob|active|1;TxnSnapCapturer|idle|1;CfsShrinker|idle|1;
1786506798 SESSIONS statement flush thread|idle|1;ApplyLauncher|idle|1;JobScheduler|active|1;Asp|active|1;WLMArbiter|idle|1;workload|active|1;WorkloadMonitor|idle|1;PercentileJob|active|1;TxnSnapCapturer|idle|1;CfsShrinker|idle|1;
1786506801 SESSIONS statement flush thread|idle|1;ApplyLauncher|idle|1;JobScheduler|active|1;Asp|active|1;WLMArbiter|idle|1;workload|active|1;WorkloadMonitor|idle|1;PercentileJob|active|1;TxnSnapCapturer|idle|1;CfsShrinker|idle|1;
1786506804 SESSIONS statement flush thread|idle|1;ApplyLauncher|idle|1;JobScheduler|active|1;Asp|active|1;WLMArbiter|idle|1;workload|active|1;WorkloadMonitor|idle|1;PercentileJob|active|1;TxnSnapCapturer|idle|1;CfsShrinker|idle|1;
1786506807 SESSIONS statement flush thread|idle|1;ApplyLauncher|idle|1;JobScheduler|active|1;Asp|active|1;WLMArbiter|idle|1;workload|active|1;WorkloadMonitor|idle|1;PercentileJob|active|1;TxnSnapCapturer|idle|1;CfsShrinker|idle|1;
1786506810 SESSIONS statement flush thread|idle|1;ApplyLauncher|idle|1;JobScheduler|active|1;Asp|active|1;WLMArbiter|idle|1;workload|active|1;WorkloadMonitor|idle|1;PercentileJob|active|1;TxnSnapCapturer|idle|1;CfsShrinker|idle|1;
1786506813 SESSIONS statement flush thread|idle|1;ApplyLauncher|idle|1;JobScheduler|active|1;Asp|active|1;WLMArbiter|idle|1;workload|active|1;WorkloadMonitor|idle|1;PercentileJob|active|1;TxnSnapCapturer|idle|1;CfsShrinker|idle|1;
1786506816 SESSIONS statement flush thread|idle|1;ApplyLauncher|idle|1;JobScheduler|active|1;Asp|active|1;WLMArbiter|idle|1;workload|active|1;WorkloadMonitor|idle|1;PercentileJob|active|1;TxnSnapCapturer|idle|1;CfsShrinker|idle|1;
1786506819 SESSIONS statement flush thread|idle|1;ApplyLauncher|idle|1;JobScheduler|active|1;Asp|active|1;WLMArbiter|idle|1;workload|active|1;WorkloadMonitor|idle|1;PercentileJob|active|1;TxnSnapCapturer|idle|1;CfsShrinker|idle|1;
1786506822 SESSIONS statement flush thread|idle|1;ApplyLauncher|idle|1;JobScheduler|active|1;Asp|active|1;WLMArbiter|idle|1;workload|active|1;WorkloadMonitor|idle|1;PercentileJob|active|1;TxnSnapCapturer|idle|1;CfsShrinker|idle|1;
1786506825 SESSIONS statement flush thread|idle|1;ApplyLauncher|idle|1;JobScheduler|active|1;Asp|active|1;WLMArbiter|idle|1;workload|active|1;WorkloadMonitor|idle|1;PercentileJob|active|1;TxnSnapCapturer|idle|1;CfsShrinker|idle|1;
1786506828 SESSIONS statement flush thread|idle|1;ApplyLauncher|idle|1;JobScheduler|active|1;Asp|active|1;WLMArbiter|idle|1;workload|active|1;WorkloadMonitor|idle|1;PercentileJob|active|1;TxnSnapCapturer|idle|1;CfsShrinker|idle|1;
1786506831 SESSIONS statement flush thread|idle|1;ApplyLauncher|idle|1;JobScheduler|active|1;Asp|active|1;WLMArbiter|idle|1;workload|active|1;WorkloadMonitor|idle|1;PercentileJob|active|1;TxnSnapCapturer|idle|1;CfsShrinker|idle|1;
