[2026-08-12T04:36:25+08:00] A/B 开始 STAMP=20260812-043625  jitter_limit=0.3
==============================================================
[2026-08-12T04:36:25+08:00] 组 ammon ：native_auto_mode=on
==============================================================
[2026-08-12T04:36:30+08:00] TP 2 worker / 9m
[2026-08-12T04:37:15+08:00] stage1 : AP×2 work_mem=131072kB range=28086
[2026-08-12T04:39:17+08:00] stage2 : AP×2 work_mem=524288kB range=112347
[2026-08-12T04:41:19+08:00] stage3 : AP×7 work_mem=524288kB range=112347
[2026-08-12T04:43:21+08:00] stage4 : AP×8 work_mem=524288kB range=112347
[2026-08-12T04:45:48+08:00] stage5 : TP 8 worker + AP×8
[2026-08-12T04:48:21+08:00] 收尾观察 60s
[2026-08-12T04:49:21+08:00] 组 ammon 完成
==============================================================
[2026-08-12T04:49:51+08:00] 组 ammoff ：native_auto_mode=off
==============================================================
[2026-08-12T04:49:56+08:00] TP 2 worker / 9m
[2026-08-12T04:50:41+08:00] stage1 : AP×2 work_mem=131072kB range=28086
[2026-08-12T04:52:43+08:00] stage2 : AP×2 work_mem=524288kB range=112347
[2026-08-12T04:54:45+08:00] stage3 : AP×7 work_mem=524288kB range=112347
[2026-08-12T04:56:47+08:00] stage4 : AP×8 work_mem=524288kB range=112347
[2026-08-12T04:59:08+08:00] stage5 : TP 8 worker + AP×8
[2026-08-12T05:01:42+08:00] 收尾观察 60s
[2026-08-12T05:02:42+08:00] 组 ammoff 完成
[2026-08-12T05:02:42+08:00] A/B 全部完成 STAMP=20260812-043625
[2026-08-12T05:02:44+08:00] 收尾：native_auto_mode=on
