watchdog3 start 2026-08-12T04:36:27+08:00  pg_log=/home/sqlrush/gauss-amm-data/pg_log/postgresql-2026-08-12_000000.log
1786480587 SESSIONS statement flush thread|idle|1;gsql|active|1;Asp|active|1;JobScheduler|active|1;ApplyLauncher|idle|1;WLMArbiter|idle|1;WorkloadMonitor|idle|1;workload|active|1;PercentileJob|active|1;TxnSnapCapturer|idle|1;CfsShrinker|idle|1;
1786480590 SESSIONS statement flush thread|idle|1;gsbench/control|idle|1;Asp|active|1;JobScheduler|active|1;ApplyLauncher|idle|1;WLMArbiter|idle|1;WorkloadMonitor|idle|1;workload|active|1;PercentileJob|active|1;TxnSnapCapturer|idle|1;CfsShrinker|idle|1;
1786480593 SESSIONS gsbench/control|idle|2;Asp|active|1;JobScheduler|active|1;ApplyLauncher|idle|1;WLMArbiter|idle|1;WorkloadMonitor|idle|1;workload|active|1;PercentileJob|active|1;TxnSnapCapturer|idle|1;gsbench/control|active|1;statement flush thread|idle|1;CfsShrinker|idle|1;
1786480596 SESSIONS gsbench/control|idle|2;Asp|active|1;JobScheduler|active|1;ApplyLauncher|idle|1;WLMArbiter|idle|1;WorkloadMonitor|idle|1;workload|active|1;PercentileJob|active|1;TxnSnapCapturer|idle|1;gsbench/control|active|1;statement flush thread|idle|1;CfsShrinker|idle|1;
1786480599 SESSIONS gsbench/control|idle|2;Asp|active|1;JobScheduler|active|1;ApplyLauncher|idle|1;WLMArbiter|idle|1;WorkloadMonitor|idle|1;workload|active|1;PercentileJob|active|1;TxnSnapCapturer|idle|1;gsbench/control|active|1;statement flush thread|idle|1;CfsShrinker|idle|1;
1786480602 SESSIONS gsbench/control|idle|2;Asp|active|1;JobScheduler|active|1;ApplyLauncher|idle|1;WLMArbiter|idle|1;WorkloadMonitor|idle|1;workload|active|1;PercentileJob|active|1;TxnSnapCapturer|idle|1;gsbench/control|active|1;statement flush thread|idle|1;CfsShrinker|idle|1;
1786480605 SESSIONS gsbench/control|idle|2;Asp|active|1;JobScheduler|active|1;ApplyLauncher|idle|1;WLMArbiter|idle|1;WorkloadMonitor|idle|1;workload|active|1;PercentileJob|active|1;TxnSnapCapturer|idle|1;gsbench/control|active|1;statement flush thread|idle|1;CfsShrinker|idle|1;
1786480608 SESSIONS gsbench/control|idle|3;gsbench/20260812T043630-6pmr0/tp_cpu/0|active|1;Asp|active|1;JobScheduler|active|1;ApplyLauncher|idle|1;gsbench/20260812T043630-6pmr0/tp_cpu/1|active|1;statement flush thread|idle|1;WorkloadMonitor|idle|1;workload|active|1;PercentileJob|active|1;TxnSnapCapturer|idle|1;CfsShrinker|idle|1;WLMArbiter|idle|1;
1786480611 SESSIONS gsbench/control|idle|3;gsbench/20260812T043630-6pmr0/tp_cpu/0|active|1;Asp|active|1;JobScheduler|active|1;ApplyLauncher|idle|1;gsbench/20260812T043630-6pmr0/tp_cpu/1|active|1;statement flush thread|idle|1;WorkloadMonitor|idle|1;workload|active|1;PercentileJob|active|1;TxnSnapCapturer|idle|1;CfsShrinker|idle|1;WLMArbiter|idle|1;
1786480614 SESSIONS gsbench/control|idle|3;gsbench/20260812T043630-6pmr0/tp_cpu/0|active|1;Asp|active|1;JobScheduler|active|1;ApplyLauncher|idle|1;gsbench/20260812T043630-6pmr0/tp_cpu/1|active|1;statement flush thread|idle|1;WorkloadMonitor|idle|1;workload|active|1;PercentileJob|active|1;TxnSnapCapturer|idle|1;CfsShrinker|idle|1;WLMArbiter|idle|1;
1786480617 SESSIONS gsbench/control|idle|3;gsbench/20260812T043630-6pmr0/tp_cpu/0|active|1;Asp|active|1;JobScheduler|active|1;ApplyLauncher|idle|1;gsbench/20260812T043630-6pmr0/tp_cpu/1|active|1;statement flush thread|idle|1;WorkloadMonitor|idle|1;workload|active|1;PercentileJob|active|1;TxnSnapCapturer|idle|1;CfsShrinker|idle|1;WLMArbiter|idle|1;
1786480620 SESSIONS gsbench/control|idle|3;gsbench/20260812T043630-6pmr0/tp_cpu/0|active|1;Asp|active|1;JobScheduler|active|1;ApplyLauncher|idle|1;gsbench/20260812T043630-6pmr0/tp_cpu/1|active|1;statement flush thread|idle|1;WorkloadMonitor|idle|1;workload|active|1;PercentileJob|active|1;TxnSnapCapturer|idle|1;CfsShrinker|idle|1;WLMArbiter|idle|1;
1786480623 SESSIONS gsbench/control|idle|3;gsbench/20260812T043630-6pmr0/tp_cpu/0|active|1;Asp|active|1;JobScheduler|active|1;ApplyLauncher|idle|1;gsbench/20260812T043630-6pmr0/tp_cpu/1|active|1;statement flush thread|idle|1;WorkloadMonitor|idle|1;workload|active|1;PercentileJob|active|1;TxnSnapCapturer|idle|1;CfsShrinker|idle|1;WLMArbiter|idle|1;
1786480626 SESSIONS gsbench/control|idle|3;gsbench/20260812T043630-6pmr0/tp_cpu/0|active|1;Asp|active|1;JobScheduler|active|1;ApplyLauncher|idle|1;gsbench/20260812T043630-6pmr0/tp_cpu/1|active|1;statement flush thread|idle|1;WorkloadMonitor|idle|1;workload|active|1;PercentileJob|active|1;TxnSnapCapturer|idle|1;CfsShrinker|idle|1;WLMArbiter|idle|1;
1786480629 SESSIONS gsbench/control|idle|3;gsbench/20260812T043630-6pmr0/tp_cpu/0|active|1;Asp|active|1;JobScheduler|active|1;ApplyLauncher|idle|1;gsbench/20260812T043630-6pmr0/tp_cpu/1|active|1;statement flush thread|idle|1;WorkloadMonitor|idle|1;workload|active|1;PercentileJob|active|1;TxnSnapCapturer|idle|1;CfsShrinker|idle|1;WLMArbiter|idle|1;
1786480632 SESSIONS gsbench/control|idle|3;gsbench/20260812T043630-6pmr0/tp_cpu/0|active|1;Asp|active|1;JobScheduler|active|1;ApplyLauncher|idle|1;gsbench/20260812T043630-6pmr0/tp_cpu/1|active|1;statement flush thread|idle|1;WorkloadMonitor|idle|1;workload|active|1;PercentileJob|active|1;TxnSnapCapturer|idle|1;CfsShrinker|idle|1;WLMArbiter|idle|1;
1786480635 SESSIONS gsbench/control|idle|3;gsql|active|3;Asp|active|1;JobScheduler|active|1;ApplyLauncher|idle|1;WLMArbiter|idle|1;WorkloadMonitor|idle|1;workload|active|1;PercentileJob|active|1;TxnSnapCapturer|idle|1;CfsShrinker|idle|1;statement flush thread|idle|1;gsbench/20260812T043630-6pmr0/tp_cpu/1|active|1;gsbench/20260812T043630-6pmr0/tp_cpu/0|active|1;
1786480644 SESSIONS gsbench/control|idle|3;gsql|active|3;Asp|active|1;JobScheduler|active|1;ApplyLauncher|idle|1;WLMArbiter|idle|1;WorkloadMonitor|idle|1;workload|active|1;PercentileJob|active|1;TxnSnapCapturer|idle|1;CfsShrinker|idle|1;statement flush thread|idle|1;gsbench/20260812T043630-6pmr0/tp_cpu/1|active|1;gsbench/20260812T043630-6pmr0/tp_cpu/0|active|1;
1786480644 PGLOG 2026-08-12 04:37:26.069 [unknown] [unknown] localhost 281466775584064 0[0:0#0]  0 [BACKEND] LOG:  Could not connect to the postgres, the connection info : FATAL:  Invalid username/password,login denied.
1786480644 PGLOG 2026-08-12 04:37:26.174 [unknown] [unknown] localhost 281466775584064 0[0:0#0]  0 [BACKEND] LOG:  Could not connect to the postgres, the connection info : FATAL:  Invalid username/password,login denied.
1786480644 PGLOG 2026-08-12 04:37:26.277 [unknown] [unknown] localhost 281466775584064 0[0:0#0]  0 [BACKEND] LOG:  Could not connect to the postgres, the connection info : FATAL:  Invalid username/password,login denied.
1786480644 PGLOG 2026-08-12 04:37:26.381 [unknown] [unknown] localhost 281466775584064 0[0:0#0]  0 [BACKEND] LOG:  Could not connect to the postgres, the connection info : FATAL:  Invalid username/password,login denied.
1786480644 PGLOG 2026-08-12 04:37:26.485 [unknown] [unknown] localhost 281466775584064 0[0:0#0]  0 [BACKEND] LOG:  Could not connect to the postgres, the connection info : FATAL:  Invalid username/password,login denied.
1786480644 PGLOG 2026-08-12 04:37:26.591 [unknown] [unknown] localhost 281466775584064 0[0:0#0]  0 [BACKEND] LOG:  Could not connect to the postgres, the connection info : FATAL:  Invalid username/password,login denied.
1786480644 PGLOG 2026-08-12 04:37:26.697 [unknown] [unknown] localhost 281466775584064 0[0:0#0]  0 [BACKEND] LOG:  Could not connect to the postgres, the connection info : FATAL:  Invalid username/password,login denied.
1786480644 PGLOG 2026-08-12 04:37:26.799 [unknown] [unknown] localhost 281466775584064 0[0:0#0]  0 [BACKEND] LOG:  Could not connect to the postgres, the connection info : FATAL:  Invalid username/password,login denied.
1786480644 PGLOG 2026-08-12 04:37:26.902 [unknown] [unknown] localhost 281466775584064 0[0:0#0]  0 [BACKEND] LOG:  Could not connect to the postgres, the connection info : FATAL:  Invalid username/password,login denied.
1786480644 PGLOG 2026-08-12 04:37:27.004 [unknown] [unknown] localhost 281466775584064 0[0:0#0]  0 [BACKEND] ERROR:  Could not connect to the postgres, we have tried 10 times, the connection info: FATAL:  Invalid username/password,login denied.
1786480652 SESSIONS gsbench/control|idle|3;gsql|active|3;Asp|active|1;JobScheduler|active|1;ApplyLauncher|idle|1;WLMArbiter|idle|1;WorkloadMonitor|idle|1;workload|active|1;PercentileJob|active|1;TxnSnapCapturer|idle|1;CfsShrinker|idle|1;statement flush thread|idle|1;gsbench/20260812T043630-6pmr0/tp_cpu/1|active|1;gsbench/20260812T043630-6pmr0/tp_cpu/0|active|1;
1786480660 SESSIONS gsbench/control|idle|3;gsql|active|3;Asp|active|1;JobScheduler|active|1;ApplyLauncher|idle|1;WLMArbiter|idle|1;WorkloadMonitor|idle|1;workload|active|1;PercentileJob|active|1;TxnSnapCapturer|idle|1;CfsShrinker|idle|1;statement flush thread|idle|1;gsbench/20260812T043630-6pmr0/tp_cpu/1|active|1;gsbench/20260812T043630-6pmr0/tp_cpu/0|active|1;
1786480668 SESSIONS gsql|active|3;gsbench/control|idle|3;Asp|active|1;JobScheduler|active|1;ApplyLauncher|idle|1;WLMArbiter|idle|1;WorkloadMonitor|idle|1;statement flush thread|idle|1;PercentileJob|active|1;TxnSnapCapturer|idle|1;CfsShrinker|idle|1;gsbench/20260812T043630-6pmr0/tp_cpu/1|idle in transaction|1;workload|active|1;gsbench/20260812T043630-6pmr0/tp_cpu/0|active|1;
1786480676 SESSIONS gsbench/control|idle|3;gsql|active|3;Asp|active|1;JobScheduler|active|1;ApplyLauncher|idle|1;WLMArbiter|idle|1;WorkloadMonitor|idle|1;workload|active|1;PercentileJob|active|1;TxnSnapCapturer|idle|1;CfsShrinker|idle|1;statement flush thread|idle|1;gsbench/20260812T043630-6pmr0/tp_cpu/1|active|1;gsbench/20260812T043630-6pmr0/tp_cpu/0|active|1;
1786480684 SESSIONS gsbench/control|idle|3;gsql|active|3;Asp|active|1;JobScheduler|active|1;ApplyLauncher|idle|1;WLMArbiter|idle|1;WorkloadMonitor|idle|1;workload|active|1;PercentileJob|active|1;TxnSnapCapturer|idle|1;CfsShrinker|idle|1;statement flush thread|idle|1;gsbench/20260812T043630-6pmr0/tp_cpu/1|active|1;gsbench/20260812T043630-6pmr0/tp_cpu/0|active|1;
1786480692 SESSIONS gsbench/control|idle|3;gsql|active|2;Asp|active|1;JobScheduler|active|1;ApplyLauncher|idle|1;WLMArbiter|idle|1;WorkloadMonitor|idle|1;workload|active|1;PercentileJob|active|1;TxnSnapCapturer|idle|1;CfsShrinker|idle|1;statement flush thread|idle|1;gsbench/20260812T043630-6pmr0/tp_cpu/1|active|1;gsbench/20260812T043630-6pmr0/tp_cpu/0|active|1;
1786480700 SESSIONS gsbench/control|idle|3;gsql|active|3;Asp|active|1;JobScheduler|active|1;ApplyLauncher|idle|1;WLMArbiter|idle|1;WorkloadMonitor|idle|1;workload|active|1;PercentileJob|active|1;TxnSnapCapturer|idle|1;CfsShrinker|idle|1;statement flush thread|idle|1;gsbench/20260812T043630-6pmr0/tp_cpu/1|active|1;gsbench/20260812T043630-6pmr0/tp_cpu/0|active|1;
1786480708 SESSIONS gsbench/control|idle|3;gsql|active|3;Asp|active|1;JobScheduler|active|1;ApplyLauncher|idle|1;WLMArbiter|idle|1;WorkloadMonitor|idle|1;workload|active|1;PercentileJob|active|1;TxnSnapCapturer|idle|1;CfsShrinker|idle|1;statement flush thread|idle|1;gsbench/20260812T043630-6pmr0/tp_cpu/1|active|1;gsbench/20260812T043630-6pmr0/tp_cpu/0|active|1;
1786480708 PGLOG 2026-08-12 04:38:27.059 [unknown] [unknown] localhost 281466775584064 0[0:0#0]  0 [BACKEND] LOG:  Could not connect to the postgres, the connection info : FATAL:  Invalid username/password,login denied.
1786480708 PGLOG 2026-08-12 04:38:27.164 [unknown] [unknown] localhost 281466775584064 0[0:0#0]  0 [BACKEND] LOG:  Could not connect to the postgres, the connection info : FATAL:  Invalid username/password,login denied.
1786480708 PGLOG 2026-08-12 04:38:27.269 [unknown] [unknown] localhost 281466775584064 0[0:0#0]  0 [BACKEND] LOG:  Could not connect to the postgres, the connection info : FATAL:  Invalid username/password,login denied.
1786480708 PGLOG 2026-08-12 04:38:27.371 [unknown] [unknown] localhost 281466775584064 0[0:0#0]  0 [BACKEND] LOG:  Could not connect to the postgres, the connection info : FATAL:  Invalid username/password,login denied.
1786480708 PGLOG 2026-08-12 04:38:27.475 [unknown] [unknown] localhost 281466775584064 0[0:0#0]  0 [BACKEND] LOG:  Could not connect to the postgres, the connection info : FATAL:  Invalid username/password,login denied.
1786480708 PGLOG 2026-08-12 04:38:27.578 [unknown] [unknown] localhost 281466775584064 0[0:0#0]  0 [BACKEND] LOG:  Could not connect to the postgres, the connection info : FATAL:  Invalid username/password,login denied.
1786480708 PGLOG 2026-08-12 04:38:27.687 [unknown] [unknown] localhost 281466775584064 0[0:0#0]  0 [BACKEND] LOG:  Could not connect to the postgres, the connection info : FATAL:  Invalid username/password,login denied.
1786480708 PGLOG 2026-08-12 04:38:27.789 [unknown] [unknown] localhost 281466775584064 0[0:0#0]  0 [BACKEND] LOG:  Could not connect to the postgres, the connection info : FATAL:  Invalid username/password,login denied.
1786480708 PGLOG 2026-08-12 04:38:27.892 [unknown] [unknown] localhost 281466775584064 0[0:0#0]  0 [BACKEND] LOG:  Could not connect to the postgres, the connection info : FATAL:  Invalid username/password,login denied.
1786480708 PGLOG 2026-08-12 04:38:27.996 [unknown] [unknown] localhost 281466775584064 0[0:0#0]  0 [BACKEND] ERROR:  Could not connect to the postgres, we have tried 10 times, the connection info: FATAL:  Invalid username/password,login denied.
1786480716 SESSIONS gsql|active|2;gsbench/control|idle|2;Asp|active|1;JobScheduler|active|1;ApplyLauncher|idle|1;WLMArbiter|idle|1;WorkloadMonitor|idle|1;statement flush thread|idle|1;PercentileJob|active|1;TxnSnapCapturer|idle|1;gsbench/control|active|1;CfsShrinker|idle|1;gsbench/20260812T043630-6pmr0/tp_cpu/1|idle in transaction|1;workload|active|1;gsbench/20260812T043630-6pmr0/tp_cpu/0|active|1;
1786480724 SESSIONS gsbench/control|idle|3;gsql|active|3;Asp|active|1;JobScheduler|active|1;ApplyLauncher|idle|1;WLMArbiter|idle|1;WorkloadMonitor|idle|1;workload|active|1;PercentileJob|active|1;TxnSnapCapturer|idle|1;CfsShrinker|idle|1;statement flush thread|idle|1;gsbench/20260812T043630-6pmr0/tp_cpu/1|active|1;gsbench/20260812T043630-6pmr0/tp_cpu/0|active|1;
1786480732 SESSIONS gsbench/control|idle|3;gsql|active|3;Asp|active|1;JobScheduler|active|1;ApplyLauncher|idle|1;WLMArbiter|idle|1;WorkloadMonitor|idle|1;workload|active|1;PercentileJob|active|1;TxnSnapCapturer|idle|1;CfsShrinker|idle|1;statement flush thread|idle|1;gsbench/20260812T043630-6pmr0/tp_cpu/1|active|1;gsbench/20260812T043630-6pmr0/tp_cpu/0|active|1;
1786480741 SESSIONS gsbench/control|idle|3;gsql|active|2;Asp|active|1;JobScheduler|active|1;ApplyLauncher|idle|1;WLMArbiter|idle|1;WorkloadMonitor|idle|1;workload|active|1;PercentileJob|active|1;TxnSnapCapturer|idle|1;CfsShrinker|idle|1;statement flush thread|idle|1;gsbench/20260812T043630-6pmr0/tp_cpu/1|active|1;gsbench/20260812T043630-6pmr0/tp_cpu/0|active|1;
1786480749 SESSIONS gsbench/control|idle|3;gsbench/20260812T043630-6pmr0/tp_cpu/0|active|1;Asp|active|1;JobScheduler|active|1;ApplyLauncher|idle|1;WLMArbiter|idle|1;WorkloadMonitor|idle|1;workload|active|1;PercentileJob|active|1;TxnSnapCapturer|idle|1;CfsShrinker|idle|1;gsql|active|1;statement flush thread|idle|1;gsbench/20260812T043630-6pmr0/tp_cpu/1|active|1;
1786480757 SESSIONS gsbench/control|idle|3;gsbench/20260812T043630-6pmr0/tp_cpu/0|active|1;Asp|active|1;JobScheduler|active|1;ApplyLauncher|idle|1;gsbench/20260812T043630-6pmr0/tp_cpu/1|active|1;statement flush thread|idle|1;WorkloadMonitor|idle|1;workload|active|1;PercentileJob|active|1;TxnSnapCapturer|idle|1;CfsShrinker|idle|1;WLMArbiter|idle|1;
1786480760 SESSIONS gsbench/control|idle|3;gsql|active|3;Asp|active|1;JobScheduler|active|1;ApplyLauncher|idle|1;WLMArbiter|idle|1;WorkloadMonitor|idle|1;workload|active|1;PercentileJob|active|1;TxnSnapCapturer|idle|1;CfsShrinker|idle|1;statement flush thread|idle|1;gsbench/20260812T043630-6pmr0/tp_cpu/1|active|1;gsbench/20260812T043630-6pmr0/tp_cpu/0|active|1;
1786480768 SESSIONS gsql|active|3;gsbench/control|idle|3;JobScheduler|active|1;ApplyLauncher|idle|1;WLMArbiter|idle|1;WorkloadMonitor|idle|1;workload|active|1;statement flush thread|idle|1;TxnSnapCapturer|idle|1;CfsShrinker|idle|1;gsbench/20260812T043630-6pmr0/tp_cpu/0|idle in transaction|1;gsbench/20260812T043630-6pmr0/tp_cpu/1|idle in transaction|1;PercentileJob|active|1;Asp|active|1;
1786480768 PGLOG 2026-08-12 04:39:28.063 [unknown] [unknown] localhost 281466775584064 0[0:0#0]  0 [BACKEND] LOG:  Could not connect to the postgres, the connection info : FATAL:  Invalid username/password,login denied.
1786480768 PGLOG 2026-08-12 04:39:28.166 [unknown] [unknown] localhost 281466775584064 0[0:0#0]  0 [BACKEND] LOG:  Could not connect to the postgres, the connection info : FATAL:  Invalid username/password,login denied.
1786480768 PGLOG 2026-08-12 04:39:28.268 [unknown] [unknown] localhost 281466775584064 0[0:0#0]  0 [BACKEND] LOG:  Could not connect to the postgres, the connection info : FATAL:  Invalid username/password,login denied.
1786480768 PGLOG 2026-08-12 04:39:28.371 [unknown] [unknown] localhost 281466775584064 0[0:0#0]  0 [BACKEND] LOG:  Could not connect to the postgres, the connection info : FATAL:  Invalid username/password,login denied.
1786480768 PGLOG 2026-08-12 04:39:28.474 [unknown] [unknown] localhost 281466775584064 0[0:0#0]  0 [BACKEND] LOG:  Could not connect to the postgres, the connection info : FATAL:  Invalid username/password,login denied.
1786480768 PGLOG 2026-08-12 04:39:28.577 [unknown] [unknown] localhost 281466775584064 0[0:0#0]  0 [BACKEND] LOG:  Could not connect to the postgres, the connection info : FATAL:  Invalid username/password,login denied.
1786480768 PGLOG 2026-08-12 04:39:28.680 [unknown] [unknown] localhost 281466775584064 0[0:0#0]  0 [BACKEND] LOG:  Could not connect to the postgres, the connection info : FATAL:  Invalid username/password,login denied.
1786480768 PGLOG 2026-08-12 04:39:28.782 [unknown] [unknown] localhost 281466775584064 0[0:0#0]  0 [BACKEND] LOG:  Could not connect to the postgres, the connection info : FATAL:  Invalid username/password,login denied.
1786480768 PGLOG 2026-08-12 04:39:28.884 [unknown] [unknown] localhost 281466775584064 0[0:0#0]  0 [BACKEND] LOG:  Could not connect to the postgres, the connection info : FATAL:  Invalid username/password,login denied.
1786480768 PGLOG 2026-08-12 04:39:28.987 [unknown] [unknown] localhost 281466775584064 0[0:0#0]  0 [BACKEND] ERROR:  Could not connect to the postgres, we have tried 10 times, the connection info: FATAL:  Invalid username/password,login denied.
1786480776 SESSIONS gsbench/control|idle|3;gsql|active|3;Asp|active|1;JobScheduler|active|1;ApplyLauncher|idle|1;WLMArbiter|idle|1;WorkloadMonitor|idle|1;workload|active|1;PercentileJob|active|1;TxnSnapCapturer|idle|1;CfsShrinker|idle|1;statement flush thread|idle|1;gsbench/20260812T043630-6pmr0/tp_cpu/1|active|1;gsbench/20260812T043630-6pmr0/tp_cpu/0|active|1;
1786480784 SESSIONS gsbench/control|idle|3;gsql|active|3;Asp|active|1;JobScheduler|active|1;ApplyLauncher|idle|1;WLMArbiter|idle|1;WorkloadMonitor|idle|1;workload|active|1;PercentileJob|active|1;TxnSnapCapturer|idle|1;CfsShrinker|idle|1;statement flush thread|idle|1;gsbench/20260812T043630-6pmr0/tp_cpu/1|active|1;gsbench/20260812T043630-6pmr0/tp_cpu/0|active|1;
1786480792 SESSIONS gsbench/control|idle|3;gsql|active|3;Asp|active|1;JobScheduler|active|1;ApplyLauncher|idle|1;WLMArbiter|idle|1;WorkloadMonitor|idle|1;workload|active|1;PercentileJob|active|1;TxnSnapCapturer|idle|1;CfsShrinker|idle|1;statement flush thread|idle|1;gsbench/20260812T043630-6pmr0/tp_cpu/1|active|1;gsbench/20260812T043630-6pmr0/tp_cpu/0|active|1;
1786480800 SESSIONS gsbench/control|idle|3;gsql|active|3;JobScheduler|active|1;ApplyLauncher|idle|1;WLMArbiter|idle|1;WorkloadMonitor|idle|1;workload|active|1;PercentileJob|active|1;TxnSnapCapturer|idle|1;CfsShrinker|idle|1;gsbench/20260812T043630-6pmr0/tp_cpu/0|idle in transaction|1;statement flush thread|idle|1;gsbench/20260812T043630-6pmr0/tp_cpu/1|active|1;Asp|active|1;
1786480808 SESSIONS gsbench/control|idle|3;gsql|active|3;Asp|active|1;JobScheduler|active|1;ApplyLauncher|idle|1;WLMArbiter|idle|1;WorkloadMonitor|idle|1;workload|active|1;PercentileJob|active|1;TxnSnapCapturer|idle|1;CfsShrinker|idle|1;statement flush thread|idle|1;gsbench/20260812T043630-6pmr0/tp_cpu/1|active|1;gsbench/20260812T043630-6pmr0/tp_cpu/0|active|1;
1786480816 SESSIONS gsbench/control|idle|3;gsql|active|2;Asp|active|1;JobScheduler|active|1;ApplyLauncher|idle|1;WLMArbiter|idle|1;WorkloadMonitor|idle|1;workload|active|1;PercentileJob|active|1;TxnSnapCapturer|idle|1;CfsShrinker|idle|1;statement flush thread|idle|1;gsbench/20260812T043630-6pmr0/tp_cpu/1|active|1;gsbench/20260812T043630-6pmr0/tp_cpu/0|active|1;
1786480819 SESSIONS gsbench/control|idle|3;gsql|active|2;Asp|active|1;JobScheduler|active|1;ApplyLauncher|idle|1;WLMArbiter|idle|1;WorkloadMonitor|idle|1;workload|active|1;PercentileJob|active|1;TxnSnapCapturer|idle|1;CfsShrinker|idle|1;statement flush thread|idle|1;gsbench/20260812T043630-6pmr0/tp_cpu/1|active|1;gsbench/20260812T043630-6pmr0/tp_cpu/0|active|1;
1786480822 SESSIONS gsbench/control|idle|3;gsql|active|2;Asp|active|1;JobScheduler|active|1;ApplyLauncher|idle|1;WLMArbiter|idle|1;WorkloadMonitor|idle|1;workload|active|1;PercentileJob|active|1;TxnSnapCapturer|idle|1;CfsShrinker|idle|1;statement flush thread|idle|1;gsbench/20260812T043630-6pmr0/tp_cpu/1|active|1;gsbench/20260812T043630-6pmr0/tp_cpu/0|active|1;
1786480825 SESSIONS gsbench/control|idle|3;gsql|active|2;Asp|active|1;JobScheduler|active|1;ApplyLauncher|idle|1;WLMArbiter|idle|1;WorkloadMonitor|idle|1;workload|active|1;PercentileJob|active|1;TxnSnapCapturer|idle|1;CfsShrinker|idle|1;statement flush thread|idle|1;gsbench/20260812T043630-6pmr0/tp_cpu/1|active|1;gsbench/20260812T043630-6pmr0/tp_cpu/0|active|1;
1786480828 SESSIONS gsbench/control|idle|3;gsql|active|2;Asp|active|1;JobScheduler|active|1;ApplyLauncher|idle|1;WLMArbiter|idle|1;WorkloadMonitor|idle|1;workload|active|1;PercentileJob|active|1;TxnSnapCapturer|idle|1;CfsShrinker|idle|1;statement flush thread|idle|1;gsbench/20260812T043630-6pmr0/tp_cpu/1|active|1;gsbench/20260812T043630-6pmr0/tp_cpu/0|active|1;
1786480831 SESSIONS gsbench/control|idle|3;gsql|active|2;Asp|active|1;JobScheduler|active|1;ApplyLauncher|idle|1;WLMArbiter|idle|1;WorkloadMonitor|idle|1;workload|active|1;PercentileJob|active|1;TxnSnapCapturer|idle|1;CfsShrinker|idle|1;statement flush thread|idle|1;gsbench/20260812T043630-6pmr0/tp_cpu/1|active|1;gsbench/20260812T043630-6pmr0/tp_cpu/0|active|1;
1786480831 PGLOG 2026-08-12 04:40:29.136 [unknown] [unknown] localhost 281466775584064 0[0:0#0]  0 [BACKEND] LOG:  Could not connect to the postgres, the connection info : FATAL:  Invalid username/password,login denied.
1786480831 PGLOG 2026-08-12 04:40:29.240 [unknown] [unknown] localhost 281466775584064 0[0:0#0]  0 [BACKEND] LOG:  Could not connect to the postgres, the connection info : FATAL:  Invalid username/password,login denied.
1786480831 PGLOG 2026-08-12 04:40:29.345 [unknown] [unknown] localhost 281466775584064 0[0:0#0]  0 [BACKEND] LOG:  Could not connect to the postgres, the connection info : FATAL:  Invalid username/password,login denied.
1786480831 PGLOG 2026-08-12 04:40:29.449 [unknown] [unknown] localhost 281466775584064 0[0:0#0]  0 [BACKEND] LOG:  Could not connect to the postgres, the connection info : FATAL:  Invalid username/password,login denied.
1786480831 PGLOG 2026-08-12 04:40:29.550 [unknown] [unknown] localhost 281466775584064 0[0:0#0]  0 [BACKEND] LOG:  Could not connect to the postgres, the connection info : FATAL:  Invalid username/password,login denied.
1786480831 PGLOG 2026-08-12 04:40:29.655 [unknown] [unknown] localhost 281466775584064 0[0:0#0]  0 [BACKEND] LOG:  Could not connect to the postgres, the connection info : FATAL:  Invalid username/password,login denied.
1786480831 PGLOG 2026-08-12 04:40:29.758 [unknown] [unknown] localhost 281466775584064 0[0:0#0]  0 [BACKEND] LOG:  Could not connect to the postgres, the connection info : FATAL:  Invalid username/password,login denied.
1786480831 PGLOG 2026-08-12 04:40:29.861 [unknown] [unknown] localhost 281466775584064 0[0:0#0]  0 [BACKEND] LOG:  Could not connect to the postgres, the connection info : FATAL:  Invalid username/password,login denied.
1786480831 PGLOG 2026-08-12 04:40:29.964 [unknown] [unknown] localhost 281466775584064 0[0:0#0]  0 [BACKEND] LOG:  Could not connect to the postgres, the connection info : FATAL:  Invalid username/password,login denied.
1786480831 PGLOG 2026-08-12 04:40:30.067 [unknown] [unknown] localhost 281466775584064 0[0:0#0]  0 [BACKEND] ERROR:  Could not connect to the postgres, we have tried 10 times, the connection info: FATAL:  Invalid username/password,login denied.
1786480835 SESSIONS gsbench/control|idle|3;gsql|active|2;Asp|active|1;JobScheduler|active|1;ApplyLauncher|idle|1;WLMArbiter|idle|1;WorkloadMonitor|idle|1;workload|active|1;PercentileJob|active|1;TxnSnapCapturer|idle|1;CfsShrinker|idle|1;statement flush thread|idle|1;gsbench/20260812T043630-6pmr0/tp_cpu/1|active|1;gsbench/20260812T043630-6pmr0/tp_cpu/0|active|1;
1786480838 SESSIONS gsbench/control|idle|3;gsql|active|2;Asp|active|1;JobScheduler|active|1;ApplyLauncher|idle|1;WLMArbiter|idle|1;WorkloadMonitor|idle|1;workload|active|1;PercentileJob|active|1;TxnSnapCapturer|idle|1;CfsShrinker|idle|1;statement flush thread|idle|1;gsbench/20260812T043630-6pmr0/tp_cpu/1|active|1;gsbench/20260812T043630-6pmr0/tp_cpu/0|active|1;
1786480841 SESSIONS gsbench/control|idle|3;gsql|active|2;Asp|active|1;JobScheduler|active|1;ApplyLauncher|idle|1;WLMArbiter|idle|1;WorkloadMonitor|idle|1;workload|active|1;PercentileJob|active|1;TxnSnapCapturer|idle|1;CfsShrinker|idle|1;statement flush thread|idle|1;gsbench/20260812T043630-6pmr0/tp_cpu/1|active|1;gsbench/20260812T043630-6pmr0/tp_cpu/0|active|1;
1786480844 SESSIONS gsbench/control|idle|3;gsql|active|2;Asp|active|1;JobScheduler|active|1;ApplyLauncher|idle|1;WLMArbiter|idle|1;WorkloadMonitor|idle|1;workload|active|1;PercentileJob|active|1;TxnSnapCapturer|idle|1;CfsShrinker|idle|1;statement flush thread|idle|1;gsbench/20260812T043630-6pmr0/tp_cpu/1|active|1;gsbench/20260812T043630-6pmr0/tp_cpu/0|active|1;
1786480847 SESSIONS gsbench/control|idle|3;gsql|active|2;Asp|active|1;JobScheduler|active|1;ApplyLauncher|idle|1;WLMArbiter|idle|1;WorkloadMonitor|idle|1;workload|active|1;PercentileJob|active|1;TxnSnapCapturer|idle|1;CfsShrinker|idle|1;statement flush thread|idle|1;gsbench/20260812T043630-6pmr0/tp_cpu/1|active|1;gsbench/20260812T043630-6pmr0/tp_cpu/0|active|1;
1786480855 SESSIONS gsbench/control|idle|3;gsql|active|3;Asp|active|1;JobScheduler|active|1;ApplyLauncher|idle|1;WLMArbiter|idle|1;WorkloadMonitor|idle|1;workload|active|1;PercentileJob|active|1;TxnSnapCapturer|idle|1;CfsShrinker|idle|1;statement flush thread|idle|1;gsbench/20260812T043630-6pmr0/tp_cpu/1|active|1;gsbench/20260812T043630-6pmr0/tp_cpu/0|active|1;
1786480864 SESSIONS gsbench/control|idle|3;gsql|active|3;Asp|active|1;JobScheduler|active|1;ApplyLauncher|idle|1;WLMArbiter|idle|1;WorkloadMonitor|idle|1;workload|active|1;PercentileJob|active|1;TxnSnapCapturer|idle|1;CfsShrinker|idle|1;statement flush thread|idle|1;gsbench/20260812T043630-6pmr0/tp_cpu/1|active|1;gsbench/20260812T043630-6pmr0/tp_cpu/0|active|1;
1786480872 SESSIONS gsbench/control|idle|3;gsbench/20260812T043630-6pmr0/tp_cpu/0|active|1;Asp|active|1;JobScheduler|active|1;ApplyLauncher|idle|1;gsbench/20260812T043630-6pmr0/tp_cpu/1|active|1;statement flush thread|idle|1;WorkloadMonitor|idle|1;workload|active|1;PercentileJob|active|1;TxnSnapCapturer|idle|1;CfsShrinker|idle|1;WLMArbiter|idle|1;
1786480880 SESSIONS gsql|active|8;gsbench/control|idle|3;Asp|active|1;JobScheduler|active|1;ApplyLauncher|idle|1;WLMArbiter|idle|1;WorkloadMonitor|idle|1;workload|active|1;PercentileJob|active|1;TxnSnapCapturer|idle|1;CfsShrinker|idle|1;statement flush thread|idle|1;gsbench/20260812T043630-6pmr0/tp_cpu/1|active|1;gsbench/20260812T043630-6pmr0/tp_cpu/0|active|1;
1786480888 SESSIONS gsql|active|8;gsbench/control|idle|3;Asp|active|1;JobScheduler|active|1;ApplyLauncher|idle|1;WLMArbiter|idle|1;WorkloadMonitor|idle|1;workload|active|1;PercentileJob|active|1;TxnSnapCapturer|idle|1;CfsShrinker|idle|1;statement flush thread|idle|1;gsbench/20260812T043630-6pmr0/tp_cpu/1|active|1;gsbench/20260812T043630-6pmr0/tp_cpu/0|active|1;
1786480888 PGLOG 2026-08-12 04:41:30.126 [unknown] [unknown] localhost 281466775584064 0[0:0#0]  0 [BACKEND] LOG:  Could not connect to the postgres, the connection info : FATAL:  Invalid username/password,login denied.
1786480888 PGLOG 2026-08-12 04:41:30.228 [unknown] [unknown] localhost 281466775584064 0[0:0#0]  0 [BACKEND] LOG:  Could not connect to the postgres, the connection info : FATAL:  Invalid username/password,login denied.
1786480888 PGLOG 2026-08-12 04:41:30.330 [unknown] [unknown] localhost 281466775584064 0[0:0#0]  0 [BACKEND] LOG:  Could not connect to the postgres, the connection info : FATAL:  Invalid username/password,login denied.
1786480888 PGLOG 2026-08-12 04:41:30.433 [unknown] [unknown] localhost 281466775584064 0[0:0#0]  0 [BACKEND] LOG:  Could not connect to the postgres, the connection info : FATAL:  Invalid username/password,login denied.
1786480888 PGLOG 2026-08-12 04:41:30.535 [unknown] [unknown] localhost 281466775584064 0[0:0#0]  0 [BACKEND] LOG:  Could not connect to the postgres, the connection info : FATAL:  Invalid username/password,login denied.
1786480888 PGLOG 2026-08-12 04:41:30.639 [unknown] [unknown] localhost 281466775584064 0[0:0#0]  0 [BACKEND] LOG:  Could not connect to the postgres, the connection info : FATAL:  Invalid username/password,login denied.
1786480888 PGLOG 2026-08-12 04:41:30.742 [unknown] [unknown] localhost 281466775584064 0[0:0#0]  0 [BACKEND] LOG:  Could not connect to the postgres, the connection info : FATAL:  Invalid username/password,login denied.
1786480888 PGLOG 2026-08-12 04:41:30.844 [unknown] [unknown] localhost 281466775584064 0[0:0#0]  0 [BACKEND] LOG:  Could not connect to the postgres, the connection info : FATAL:  Invalid username/password,login denied.
1786480888 PGLOG 2026-08-12 04:41:30.946 [unknown] [unknown] localhost 281466775584064 0[0:0#0]  0 [BACKEND] LOG:  Could not connect to the postgres, the connection info : FATAL:  Invalid username/password,login denied.
1786480888 PGLOG 2026-08-12 04:41:31.048 [unknown] [unknown] localhost 281466775584064 0[0:0#0]  0 [BACKEND] ERROR:  Could not connect to the postgres, we have tried 10 times, the connection info: FATAL:  Invalid username/password,login denied.
1786480896 SESSIONS gsql|active|8;gsbench/control|idle|3;Asp|active|1;JobScheduler|active|1;ApplyLauncher|idle|1;WLMArbiter|idle|1;WorkloadMonitor|idle|1;workload|active|1;PercentileJob|active|1;TxnSnapCapturer|idle|1;CfsShrinker|idle|1;statement flush thread|idle|1;gsbench/20260812T043630-6pmr0/tp_cpu/1|active|1;gsbench/20260812T043630-6pmr0/tp_cpu/0|active|1;
1786480904 SESSIONS gsql|active|8;gsbench/control|idle|3;Asp|active|1;JobScheduler|active|1;ApplyLauncher|idle|1;WLMArbiter|idle|1;WorkloadMonitor|idle|1;workload|active|1;PercentileJob|active|1;TxnSnapCapturer|idle|1;CfsShrinker|idle|1;statement flush thread|idle|1;gsbench/20260812T043630-6pmr0/tp_cpu/1|active|1;gsbench/20260812T043630-6pmr0/tp_cpu/0|active|1;
1786480912 SESSIONS gsql|active|8;gsbench/control|idle|3;Asp|active|1;JobScheduler|active|1;ApplyLauncher|idle|1;WLMArbiter|idle|1;WorkloadMonitor|idle|1;workload|active|1;PercentileJob|active|1;TxnSnapCapturer|idle|1;CfsShrinker|idle|1;statement flush thread|idle|1;gsbench/20260812T043630-6pmr0/tp_cpu/1|active|1;gsbench/20260812T043630-6pmr0/tp_cpu/0|active|1;
1786480920 SESSIONS gsql|active|8;gsbench/control|idle|3;Asp|active|1;JobScheduler|active|1;ApplyLauncher|idle|1;WLMArbiter|idle|1;WorkloadMonitor|idle|1;workload|active|1;PercentileJob|active|1;TxnSnapCapturer|idle|1;CfsShrinker|idle|1;statement flush thread|idle|1;gsbench/20260812T043630-6pmr0/tp_cpu/1|active|1;gsbench/20260812T043630-6pmr0/tp_cpu/0|active|1;
1786480928 SESSIONS gsql|active|8;gsbench/control|idle|3;Asp|active|1;JobScheduler|active|1;ApplyLauncher|idle|1;WLMArbiter|idle|1;WorkloadMonitor|idle|1;workload|active|1;PercentileJob|active|1;TxnSnapCapturer|idle|1;CfsShrinker|idle|1;statement flush thread|idle|1;gsbench/20260812T043630-6pmr0/tp_cpu/1|active|1;gsbench/20260812T043630-6pmr0/tp_cpu/0|active|1;
1786480936 SESSIONS gsql|active|8;gsbench/control|idle|3;Asp|active|1;JobScheduler|active|1;ApplyLauncher|idle|1;WLMArbiter|idle|1;WorkloadMonitor|idle|1;statement flush thread|idle|1;PercentileJob|active|1;TxnSnapCapturer|idle|1;CfsShrinker|idle|1;gsbench/20260812T043630-6pmr0/tp_cpu/1|idle in transaction|1;workload|active|1;gsbench/20260812T043630-6pmr0/tp_cpu/0|active|1;
1786480944 SESSIONS gsql|active|8;gsbench/control|idle|3;Asp|active|1;JobScheduler|active|1;ApplyLauncher|idle|1;WLMArbiter|idle|1;WorkloadMonitor|idle|1;workload|active|1;PercentileJob|active|1;TxnSnapCapturer|idle|1;CfsShrinker|idle|1;statement flush thread|idle|1;gsbench/20260812T043630-6pmr0/tp_cpu/1|active|1;gsbench/20260812T043630-6pmr0/tp_cpu/0|active|1;
1786480952 SESSIONS gsql|active|8;gsbench/control|idle|3;Asp|active|1;JobScheduler|active|1;ApplyLauncher|idle|1;WLMArbiter|idle|1;WorkloadMonitor|idle|1;workload|active|1;PercentileJob|active|1;TxnSnapCapturer|idle|1;CfsShrinker|idle|1;statement flush thread|idle|1;gsbench/20260812T043630-6pmr0/tp_cpu/1|active|1;gsbench/20260812T043630-6pmr0/tp_cpu/0|active|1;
1786480952 PGLOG 2026-08-12 04:42:31.119 [unknown] [unknown] localhost 281466775584064 0[0:0#0]  0 [BACKEND] LOG:  Could not connect to the postgres, the connection info : FATAL:  Invalid username/password,login denied.
1786480952 PGLOG 2026-08-12 04:42:31.222 [unknown] [unknown] localhost 281466775584064 0[0:0#0]  0 [BACKEND] LOG:  Could not connect to the postgres, the connection info : FATAL:  Invalid username/password,login denied.
1786480952 PGLOG 2026-08-12 04:42:31.329 [unknown] [unknown] localhost 281466775584064 0[0:0#0]  0 [BACKEND] LOG:  Could not connect to the postgres, the connection info : FATAL:  Invalid username/password,login denied.
1786480952 PGLOG 2026-08-12 04:42:31.431 [unknown] [unknown] localhost 281466775584064 0[0:0#0]  0 [BACKEND] LOG:  Could not connect to the postgres, the connection info : FATAL:  Invalid username/password,login denied.
1786480952 PGLOG 2026-08-12 04:42:31.535 [unknown] [unknown] localhost 281466775584064 0[0:0#0]  0 [BACKEND] LOG:  Could not connect to the postgres, the connection info : FATAL:  Invalid username/password,login denied.
1786480952 PGLOG 2026-08-12 04:42:31.639 [unknown] [unknown] localhost 281466775584064 0[0:0#0]  0 [BACKEND] LOG:  Could not connect to the postgres, the connection info : FATAL:  Invalid username/password,login denied.
1786480952 PGLOG 2026-08-12 04:42:31.745 [unknown] [unknown] localhost 281466775584064 0[0:0#0]  0 [BACKEND] LOG:  Could not connect to the postgres, the connection info : FATAL:  Invalid username/password,login denied.
1786480952 PGLOG 2026-08-12 04:42:31.846 [unknown] [unknown] localhost 281466775584064 0[0:0#0]  0 [BACKEND] LOG:  Could not connect to the postgres, the connection info : FATAL:  Invalid username/password,login denied.
1786480952 PGLOG 2026-08-12 04:42:31.948 [unknown] [unknown] localhost 281466775584064 0[0:0#0]  0 [BACKEND] LOG:  Could not connect to the postgres, the connection info : FATAL:  Invalid username/password,login denied.
1786480952 PGLOG 2026-08-12 04:42:32.054 [unknown] [unknown] localhost 281466775584064 0[0:0#0]  0 [BACKEND] ERROR:  Could not connect to the postgres, we have tried 10 times, the connection info: FATAL:  Invalid username/password,login denied.
1786480960 SESSIONS gsql|active|7;gsbench/control|idle|3;Asp|active|1;JobScheduler|active|1;ApplyLauncher|idle|1;WLMArbiter|idle|1;WorkloadMonitor|idle|1;workload|active|1;PercentileJob|active|1;TxnSnapCapturer|idle|1;CfsShrinker|idle|1;statement flush thread|idle|1;gsbench/20260812T043630-6pmr0/tp_cpu/1|active|1;gsbench/20260812T043630-6pmr0/tp_cpu/0|active|1;
1786480968 SESSIONS gsql|active|8;gsbench/control|idle|3;Asp|active|1;JobScheduler|active|1;ApplyLauncher|idle|1;WLMArbiter|idle|1;WorkloadMonitor|idle|1;workload|active|1;PercentileJob|active|1;TxnSnapCapturer|idle|1;CfsShrinker|idle|1;statement flush thread|idle|1;gsbench/20260812T043630-6pmr0/tp_cpu/1|active|1;gsbench/20260812T043630-6pmr0/tp_cpu/0|active|1;
1786480977 SESSIONS gsql|active|8;gsbench/control|idle|3;Asp|active|1;JobScheduler|active|1;ApplyLauncher|idle|1;WLMArbiter|idle|1;WorkloadMonitor|idle|1;workload|active|1;PercentileJob|active|1;TxnSnapCapturer|idle|1;CfsShrinker|idle|1;statement flush thread|idle|1;gsbench/20260812T043630-6pmr0/tp_cpu/1|active|1;gsbench/20260812T043630-6pmr0/tp_cpu/0|active|1;
1786480985 SESSIONS gsql|active|7;gsbench/control|idle|3;Asp|active|1;JobScheduler|active|1;ApplyLauncher|idle|1;WLMArbiter|idle|1;WorkloadMonitor|idle|1;workload|active|1;PercentileJob|active|1;TxnSnapCapturer|idle|1;CfsShrinker|idle|1;statement flush thread|idle|1;gsbench/20260812T043630-6pmr0/tp_cpu/1|active|1;gsbench/20260812T043630-6pmr0/tp_cpu/0|active|1;
1786480993 SESSIONS gsql|active|8;gsbench/control|idle|3;Asp|active|1;JobScheduler|active|1;ApplyLauncher|idle|1;WLMArbiter|idle|1;WorkloadMonitor|idle|1;workload|active|1;PercentileJob|active|1;TxnSnapCapturer|idle|1;CfsShrinker|idle|1;statement flush thread|idle|1;gsbench/20260812T043630-6pmr0/tp_cpu/1|active|1;gsbench/20260812T043630-6pmr0/tp_cpu/0|active|1;
1786481001 SESSIONS gsql|active|5;gsbench/control|idle|3;Asp|active|1;JobScheduler|active|1;ApplyLauncher|idle|1;WLMArbiter|idle|1;WorkloadMonitor|idle|1;workload|active|1;PercentileJob|active|1;TxnSnapCapturer|idle|1;CfsShrinker|idle|1;statement flush thread|idle|1;gsbench/20260812T043630-6pmr0/tp_cpu/1|active|1;gsbench/20260812T043630-6pmr0/tp_cpu/0|active|1;
1786481004 SESSIONS gsql|active|8;gsbench/control|idle|3;Asp|active|1;JobScheduler|active|1;ApplyLauncher|idle|1;WLMArbiter|idle|1;WorkloadMonitor|idle|1;workload|active|1;PercentileJob|active|1;TxnSnapCapturer|idle|1;CfsShrinker|idle|1;statement flush thread|idle|1;gsbench/20260812T043630-6pmr0/tp_cpu/1|active|1;gsbench/20260812T043630-6pmr0/tp_cpu/0|active|1;
1786481007 SESSIONS gsql|active|8;gsbench/control|idle|3;Asp|active|1;JobScheduler|active|1;ApplyLauncher|idle|1;WLMArbiter|idle|1;WorkloadMonitor|idle|1;workload|active|1;PercentileJob|active|1;TxnSnapCapturer|idle|1;CfsShrinker|idle|1;statement flush thread|idle|1;gsbench/20260812T043630-6pmr0/tp_cpu/1|active|1;gsbench/20260812T043630-6pmr0/tp_cpu/0|active|1;
1786481010 SESSIONS gsql|active|8;gsbench/control|idle|3;Asp|active|1;JobScheduler|active|1;ApplyLauncher|idle|1;WLMArbiter|idle|1;WorkloadMonitor|idle|1;workload|active|1;PercentileJob|active|1;TxnSnapCapturer|idle|1;CfsShrinker|idle|1;statement flush thread|idle|1;gsbench/20260812T043630-6pmr0/tp_cpu/1|active|1;gsbench/20260812T043630-6pmr0/tp_cpu/0|active|1;
1786481013 SESSIONS gsql|active|8;gsbench/control|idle|3;JobScheduler|active|1;ApplyLauncher|idle|1;WLMArbiter|idle|1;WorkloadMonitor|idle|1;workload|active|1;statement flush thread|idle|1;TxnSnapCapturer|idle|1;CfsShrinker|idle|1;gsbench/20260812T043630-6pmr0/tp_cpu/0|idle in transaction|1;gsbench/20260812T043630-6pmr0/tp_cpu/1|idle in transaction|1;PercentileJob|active|1;Asp|active|1;
1786481013 PGLOG 2026-08-12 04:43:32.110 [unknown] [unknown] localhost 281466775584064 0[0:0#0]  0 [BACKEND] LOG:  Could not connect to the postgres, the connection info : FATAL:  Invalid username/password,login denied.
1786481013 PGLOG 2026-08-12 04:43:32.216 [unknown] [unknown] localhost 281466775584064 0[0:0#0]  0 [BACKEND] LOG:  Could not connect to the postgres, the connection info : FATAL:  Invalid username/password,login denied.
1786481013 PGLOG 2026-08-12 04:43:32.320 [unknown] [unknown] localhost 281466775584064 0[0:0#0]  0 [BACKEND] LOG:  Could not connect to the postgres, the connection info : FATAL:  Invalid username/password,login denied.
1786481013 PGLOG 2026-08-12 04:43:32.422 [unknown] [unknown] localhost 281466775584064 0[0:0#0]  0 [BACKEND] LOG:  Could not connect to the postgres, the connection info : FATAL:  Invalid username/password,login denied.
1786481013 PGLOG 2026-08-12 04:43:32.527 [unknown] [unknown] localhost 281466775584064 0[0:0#0]  0 [BACKEND] LOG:  Could not connect to the postgres, the connection info : FATAL:  Invalid username/password,login denied.
1786481013 PGLOG 2026-08-12 04:43:32.630 [unknown] [unknown] localhost 281466775584064 0[0:0#0]  0 [BACKEND] LOG:  Could not connect to the postgres, the connection info : FATAL:  Invalid username/password,login denied.
1786481013 PGLOG 2026-08-12 04:43:32.734 [unknown] [unknown] localhost 281466775584064 0[0:0#0]  0 [BACKEND] LOG:  Could not connect to the postgres, the connection info : FATAL:  Invalid username/password,login denied.
1786481013 PGLOG 2026-08-12 04:43:32.838 [unknown] [unknown] localhost 281466775584064 0[0:0#0]  0 [BACKEND] LOG:  Could not connect to the postgres, the connection info : FATAL:  Invalid username/password,login denied.
1786481013 PGLOG 2026-08-12 04:43:32.940 [unknown] [unknown] localhost 281466775584064 0[0:0#0]  0 [BACKEND] LOG:  Could not connect to the postgres, the connection info : FATAL:  Invalid username/password,login denied.
1786481013 PGLOG 2026-08-12 04:43:33.043 [unknown] [unknown] localhost 281466775584064 0[0:0#0]  0 [BACKEND] ERROR:  Could not connect to the postgres, we have tried 10 times, the connection info: FATAL:  Invalid username/password,login denied.
1786481016 SESSIONS gsql|active|8;gsbench/control|idle|3;Asp|active|1;JobScheduler|active|1;ApplyLauncher|idle|1;WLMArbiter|idle|1;WorkloadMonitor|idle|1;statement flush thread|idle|1;PercentileJob|active|1;gsbench/20260812T043630-6pmr0/tp_cpu/1|idle|1;TxnSnapCapturer|idle|1;CfsShrinker|idle|1;workload|active|1;gsbench/20260812T043630-6pmr0/tp_cpu/0|active|1;
1786481019 SESSIONS gsql|active|8;gsbench/control|idle|3;Asp|active|1;JobScheduler|active|1;ApplyLauncher|idle|1;WLMArbiter|idle|1;WorkloadMonitor|idle|1;workload|active|1;PercentileJob|active|1;TxnSnapCapturer|idle|1;CfsShrinker|idle|1;statement flush thread|idle|1;gsbench/20260812T043630-6pmr0/tp_cpu/1|active|1;gsbench/20260812T043630-6pmr0/tp_cpu/0|active|1;
1786481022 SESSIONS gsql|active|8;gsbench/control|idle|3;Asp|active|1;JobScheduler|active|1;ApplyLauncher|idle|1;WLMArbiter|idle|1;WorkloadMonitor|idle|1;workload|active|1;PercentileJob|active|1;TxnSnapCapturer|idle|1;CfsShrinker|idle|1;statement flush thread|idle|1;gsbench/20260812T043630-6pmr0/tp_cpu/1|active|1;gsbench/20260812T043630-6pmr0/tp_cpu/0|active|1;
1786481025 SESSIONS gsql|active|8;gsbench/control|idle|3;Asp|active|1;JobScheduler|active|1;ApplyLauncher|idle|1;WLMArbiter|idle|1;WorkloadMonitor|idle|1;workload|active|1;PercentileJob|active|1;TxnSnapCapturer|idle|1;CfsShrinker|idle|1;statement flush thread|idle|1;gsbench/20260812T043630-6pmr0/tp_cpu/1|active|1;gsbench/20260812T043630-6pmr0/tp_cpu/0|active|1;
1786481028 SESSIONS gsql|active|8;gsbench/control|idle|3;Asp|active|1;JobScheduler|active|1;ApplyLauncher|idle|1;WLMArbiter|idle|1;WorkloadMonitor|idle|1;workload|active|1;PercentileJob|active|1;TxnSnapCapturer|idle|1;CfsShrinker|idle|1;statement flush thread|idle|1;gsbench/20260812T043630-6pmr0/tp_cpu/1|active|1;gsbench/20260812T043630-6pmr0/tp_cpu/0|active|1;
1786481031 SESSIONS gsql|active|8;gsbench/control|idle|3;Asp|active|1;JobScheduler|active|1;ApplyLauncher|idle|1;WLMArbiter|idle|1;WorkloadMonitor|idle|1;workload|active|1;PercentileJob|active|1;TxnSnapCapturer|idle|1;CfsShrinker|idle|1;statement flush thread|idle|1;gsbench/20260812T043630-6pmr0/tp_cpu/1|active|1;gsbench/20260812T043630-6pmr0/tp_cpu/0|active|1;
1786481034 SESSIONS gsql|active|8;gsbench/control|idle|3;Asp|active|1;JobScheduler|active|1;ApplyLauncher|idle|1;WLMArbiter|idle|1;WorkloadMonitor|idle|1;workload|active|1;PercentileJob|active|1;TxnSnapCapturer|idle|1;CfsShrinker|idle|1;statement flush thread|idle|1;gsbench/20260812T043630-6pmr0/tp_cpu/1|active|1;gsbench/20260812T043630-6pmr0/tp_cpu/0|active|1;
1786481037 SESSIONS gsql|active|8;gsbench/control|idle|3;Asp|active|1;JobScheduler|active|1;ApplyLauncher|idle|1;WLMArbiter|idle|1;WorkloadMonitor|idle|1;workload|active|1;PercentileJob|active|1;TxnSnapCapturer|idle|1;CfsShrinker|idle|1;statement flush thread|idle|1;gsbench/20260812T043630-6pmr0/tp_cpu/1|active|1;gsbench/20260812T043630-6pmr0/tp_cpu/0|active|1;
1786481040 SESSIONS gsql|active|8;gsbench/control|idle|3;Asp|active|1;JobScheduler|active|1;ApplyLauncher|idle|1;WLMArbiter|idle|1;WorkloadMonitor|idle|1;workload|active|1;PercentileJob|active|1;TxnSnapCapturer|idle|1;CfsShrinker|idle|1;statement flush thread|idle|1;gsbench/20260812T043630-6pmr0/tp_cpu/1|active|1;gsbench/20260812T043630-6pmr0/tp_cpu/0|active|1;
1786481043 SESSIONS gsql|active|8;gsbench/control|idle|3;Asp|active|1;JobScheduler|active|1;ApplyLauncher|idle|1;WLMArbiter|idle|1;WorkloadMonitor|idle|1;workload|active|1;PercentileJob|active|1;TxnSnapCapturer|idle|1;CfsShrinker|idle|1;statement flush thread|idle|1;gsbench/20260812T043630-6pmr0/tp_cpu/1|active|1;gsbench/20260812T043630-6pmr0/tp_cpu/0|active|1;
1786481047 SESSIONS gsql|active|8;gsbench/control|idle|3;Asp|active|1;JobScheduler|active|1;ApplyLauncher|idle|1;WLMArbiter|idle|1;WorkloadMonitor|idle|1;workload|active|1;PercentileJob|active|1;TxnSnapCapturer|idle|1;CfsShrinker|idle|1;statement flush thread|idle|1;gsbench/20260812T043630-6pmr0/tp_cpu/1|active|1;gsbench/20260812T043630-6pmr0/tp_cpu/0|active|1;
1786481050 SESSIONS gsql|active|8;gsbench/control|idle|3;Asp|active|1;JobScheduler|active|1;ApplyLauncher|idle|1;WLMArbiter|idle|1;WorkloadMonitor|idle|1;workload|active|1;PercentileJob|active|1;TxnSnapCapturer|idle|1;CfsShrinker|idle|1;statement flush thread|idle|1;gsbench/20260812T043630-6pmr0/tp_cpu/1|active|1;gsbench/20260812T043630-6pmr0/tp_cpu/0|active|1;
1786481053 SESSIONS gsql|active|8;gsbench/control|idle|3;Asp|active|1;JobScheduler|active|1;ApplyLauncher|idle|1;WLMArbiter|idle|1;WorkloadMonitor|idle|1;workload|active|1;PercentileJob|active|1;TxnSnapCapturer|idle|1;CfsShrinker|idle|1;statement flush thread|idle|1;gsbench/20260812T043630-6pmr0/tp_cpu/1|active|1;gsbench/20260812T043630-6pmr0/tp_cpu/0|active|1;
1786481056 SESSIONS gsql|active|8;gsbench/control|idle|3;Asp|active|1;JobScheduler|active|1;ApplyLauncher|idle|1;WLMArbiter|idle|1;WorkloadMonitor|idle|1;workload|active|1;PercentileJob|active|1;TxnSnapCapturer|idle|1;CfsShrinker|idle|1;statement flush thread|idle|1;gsbench/20260812T043630-6pmr0/tp_cpu/1|active|1;gsbench/20260812T043630-6pmr0/tp_cpu/0|active|1;
1786481060 SESSIONS gsql|active|8;gsbench/control|idle|3;Asp|active|1;JobScheduler|active|1;ApplyLauncher|idle|1;WLMArbiter|idle|1;WorkloadMonitor|idle|1;workload|active|1;PercentileJob|active|1;TxnSnapCapturer|idle|1;CfsShrinker|idle|1;statement flush thread|idle|1;gsbench/20260812T043630-6pmr0/tp_cpu/1|active|1;gsbench/20260812T043630-6pmr0/tp_cpu/0|active|1;
1786481063 SESSIONS gsql|active|8;gsbench/control|idle|3;Asp|active|1;JobScheduler|active|1;ApplyLauncher|idle|1;WLMArbiter|idle|1;WorkloadMonitor|idle|1;workload|active|1;PercentileJob|active|1;TxnSnapCapturer|idle|1;CfsShrinker|idle|1;statement flush thread|idle|1;gsbench/20260812T043630-6pmr0/tp_cpu/1|active|1;gsbench/20260812T043630-6pmr0/tp_cpu/0|active|1;
1786481066 SESSIONS gsql|active|9;gsbench/control|idle|3;Asp|active|1;JobScheduler|active|1;ApplyLauncher|idle|1;WLMArbiter|idle|1;WorkloadMonitor|idle|1;workload|active|1;PercentileJob|active|1;TxnSnapCapturer|idle|1;CfsShrinker|idle|1;statement flush thread|idle|1;gsbench/20260812T043630-6pmr0/tp_cpu/1|active|1;gsbench/20260812T043630-6pmr0/tp_cpu/0|active|1;
1786481069 SESSIONS gsql|active|8;gsbench/control|idle|3;Asp|active|1;JobScheduler|active|1;ApplyLauncher|idle|1;WLMArbiter|idle|1;WorkloadMonitor|idle|1;workload|active|1;PercentileJob|active|1;TxnSnapCapturer|idle|1;CfsShrinker|idle|1;statement flush thread|idle|1;gsbench/20260812T043630-6pmr0/tp_cpu/1|active|1;gsbench/20260812T043630-6pmr0/tp_cpu/0|active|1;
1786481072 SESSIONS gsql|active|8;gsbench/control|idle|3;Asp|active|1;JobScheduler|active|1;ApplyLauncher|idle|1;WLMArbiter|idle|1;WorkloadMonitor|idle|1;workload|active|1;PercentileJob|active|1;TxnSnapCapturer|idle|1;CfsShrinker|idle|1;statement flush thread|idle|1;gsbench/20260812T043630-6pmr0/tp_cpu/1|active|1;gsbench/20260812T043630-6pmr0/tp_cpu/0|active|1;
1786481075 SESSIONS gsql|active|9;gsbench/control|idle|3;Asp|active|1;JobScheduler|active|1;ApplyLauncher|idle|1;WLMArbiter|idle|1;WorkloadMonitor|idle|1;workload|active|1;PercentileJob|active|1;TxnSnapCapturer|idle|1;CfsShrinker|idle|1;statement flush thread|idle|1;gsbench/20260812T043630-6pmr0/tp_cpu/1|active|1;gsbench/20260812T043630-6pmr0/tp_cpu/0|active|1;
1786481075 PGLOG 2026-08-12 04:44:33.117 [unknown] [unknown] localhost 281466775584064 0[0:0#0]  0 [BACKEND] LOG:  Could not connect to the postgres, the connection info : FATAL:  Invalid username/password,login denied.
1786481075 PGLOG 2026-08-12 04:44:33.222 [unknown] [unknown] localhost 281466775584064 0[0:0#0]  0 [BACKEND] LOG:  Could not connect to the postgres, the connection info : FATAL:  Invalid username/password,login denied.
1786481075 PGLOG 2026-08-12 04:44:33.325 [unknown] [unknown] localhost 281466775584064 0[0:0#0]  0 [BACKEND] LOG:  Could not connect to the postgres, the connection info : FATAL:  Invalid username/password,login denied.
1786481075 PGLOG 2026-08-12 04:44:33.428 [unknown] [unknown] localhost 281466775584064 0[0:0#0]  0 [BACKEND] LOG:  Could not connect to the postgres, the connection info : FATAL:  Invalid username/password,login denied.
1786481075 PGLOG 2026-08-12 04:44:33.532 [unknown] [unknown] localhost 281466775584064 0[0:0#0]  0 [BACKEND] LOG:  Could not connect to the postgres, the connection info : FATAL:  Invalid username/password,login denied.
1786481075 PGLOG 2026-08-12 04:44:33.634 [unknown] [unknown] localhost 281466775584064 0[0:0#0]  0 [BACKEND] LOG:  Could not connect to the postgres, the connection info : FATAL:  Invalid username/password,login denied.
1786481075 PGLOG 2026-08-12 04:44:33.737 [unknown] [unknown] localhost 281466775584064 0[0:0#0]  0 [BACKEND] LOG:  Could not connect to the postgres, the connection info : FATAL:  Invalid username/password,login denied.
1786481075 PGLOG 2026-08-12 04:44:33.841 [unknown] [unknown] localhost 281466775584064 0[0:0#0]  0 [BACKEND] LOG:  Could not connect to the postgres, the connection info : FATAL:  Invalid username/password,login denied.
1786481075 PGLOG 2026-08-12 04:44:33.944 [unknown] [unknown] localhost 281466775584064 0[0:0#0]  0 [BACKEND] LOG:  Could not connect to the postgres, the connection info : FATAL:  Invalid username/password,login denied.
1786481075 PGLOG 2026-08-12 04:44:34.047 [unknown] [unknown] localhost 281466775584064 0[0:0#0]  0 [BACKEND] ERROR:  Could not connect to the postgres, we have tried 10 times, the connection info: FATAL:  Invalid username/password,login denied.
1786481078 SESSIONS gsql|active|8;gsbench/control|idle|3;JobScheduler|active|1;ApplyLauncher|idle|1;WLMArbiter|idle|1;WorkloadMonitor|idle|1;workload|active|1;PercentileJob|active|1;TxnSnapCapturer|idle|1;CfsShrinker|idle|1;gsbench/20260812T043630-6pmr0/tp_cpu/0|idle in transaction|1;statement flush thread|idle|1;gsbench/20260812T043630-6pmr0/tp_cpu/1|active|1;Asp|active|1;
1786481081 SESSIONS gsql|active|8;gsbench/control|idle|3;Asp|active|1;JobScheduler|active|1;ApplyLauncher|idle|1;WLMArbiter|idle|1;WorkloadMonitor|idle|1;workload|active|1;PercentileJob|active|1;TxnSnapCapturer|idle|1;CfsShrinker|idle|1;statement flush thread|idle|1;gsbench/20260812T043630-6pmr0/tp_cpu/1|active|1;gsbench/20260812T043630-6pmr0/tp_cpu/0|active|1;
1786481084 SESSIONS gsql|active|9;gsbench/control|idle|3;Asp|active|1;JobScheduler|active|1;ApplyLauncher|idle|1;WLMArbiter|idle|1;WorkloadMonitor|idle|1;workload|active|1;PercentileJob|active|1;TxnSnapCapturer|idle|1;CfsShrinker|idle|1;statement flush thread|idle|1;gsbench/20260812T043630-6pmr0/tp_cpu/1|active|1;gsbench/20260812T043630-6pmr0/tp_cpu/0|active|1;
1786481088 SESSIONS gsql|active|8;gsbench/control|idle|3;Asp|active|1;JobScheduler|active|1;ApplyLauncher|idle|1;WLMArbiter|idle|1;WorkloadMonitor|idle|1;workload|active|1;PercentileJob|active|1;TxnSnapCapturer|idle|1;CfsShrinker|idle|1;statement flush thread|idle|1;gsbench/20260812T043630-6pmr0/tp_cpu/1|active|1;gsbench/20260812T043630-6pmr0/tp_cpu/0|active|1;
1786481091 SESSIONS gsql|active|8;gsbench/control|idle|3;Asp|active|1;JobScheduler|active|1;ApplyLauncher|idle|1;WLMArbiter|idle|1;WorkloadMonitor|idle|1;workload|active|1;PercentileJob|active|1;TxnSnapCapturer|idle|1;CfsShrinker|idle|1;statement flush thread|idle|1;gsbench/20260812T043630-6pmr0/tp_cpu/1|active|1;gsbench/20260812T043630-6pmr0/tp_cpu/0|active|1;
1786481094 SESSIONS gsql|active|8;gsbench/control|idle|3;Asp|active|1;JobScheduler|active|1;ApplyLauncher|idle|1;WLMArbiter|idle|1;WorkloadMonitor|idle|1;workload|active|1;PercentileJob|active|1;TxnSnapCapturer|idle|1;CfsShrinker|idle|1;statement flush thread|idle|1;gsbench/20260812T043630-6pmr0/tp_cpu/1|active|1;gsbench/20260812T043630-6pmr0/tp_cpu/0|active|1;
1786481097 SESSIONS gsql|active|8;gsbench/control|idle|3;Asp|active|1;JobScheduler|active|1;ApplyLauncher|idle|1;WLMArbiter|idle|1;WorkloadMonitor|idle|1;workload|active|1;PercentileJob|active|1;TxnSnapCapturer|idle|1;CfsShrinker|idle|1;statement flush thread|idle|1;gsbench/20260812T043630-6pmr0/tp_cpu/1|active|1;gsbench/20260812T043630-6pmr0/tp_cpu/0|active|1;
1786481100 SESSIONS gsql|active|8;gsbench/control|idle|3;Asp|active|1;JobScheduler|active|1;ApplyLauncher|idle|1;WLMArbiter|idle|1;WorkloadMonitor|idle|1;workload|active|1;PercentileJob|active|1;TxnSnapCapturer|idle|1;CfsShrinker|idle|1;statement flush thread|idle|1;gsbench/20260812T043630-6pmr0/tp_cpu/1|active|1;gsbench/20260812T043630-6pmr0/tp_cpu/0|active|1;
1786481103 SESSIONS gsql|active|8;gsbench/control|idle|3;Asp|active|1;JobScheduler|active|1;ApplyLauncher|idle|1;WLMArbiter|idle|1;WorkloadMonitor|idle|1;workload|active|1;PercentileJob|active|1;TxnSnapCapturer|idle|1;CfsShrinker|idle|1;statement flush thread|idle|1;gsbench/20260812T043630-6pmr0/tp_cpu/1|active|1;gsbench/20260812T043630-6pmr0/tp_cpu/0|active|1;
1786481106 SESSIONS gsql|active|8;gsbench/control|idle|3;Asp|active|1;JobScheduler|active|1;ApplyLauncher|idle|1;WLMArbiter|idle|1;WorkloadMonitor|idle|1;workload|active|1;PercentileJob|active|1;TxnSnapCapturer|idle|1;CfsShrinker|idle|1;statement flush thread|idle|1;gsbench/20260812T043630-6pmr0/tp_cpu/1|active|1;gsbench/20260812T043630-6pmr0/tp_cpu/0|active|1;
1786481109 SESSIONS gsql|active|8;gsbench/control|idle|3;Asp|active|1;JobScheduler|active|1;ApplyLauncher|idle|1;WLMArbiter|idle|1;WorkloadMonitor|idle|1;workload|active|1;PercentileJob|active|1;TxnSnapCapturer|idle|1;CfsShrinker|idle|1;statement flush thread|idle|1;gsbench/20260812T043630-6pmr0/tp_cpu/1|active|1;gsbench/20260812T043630-6pmr0/tp_cpu/0|active|1;
1786481112 SESSIONS gsql|active|8;gsbench/control|idle|3;Asp|active|1;JobScheduler|active|1;ApplyLauncher|idle|1;WLMArbiter|idle|1;WorkloadMonitor|idle|1;workload|active|1;PercentileJob|active|1;TxnSnapCapturer|idle|1;CfsShrinker|idle|1;statement flush thread|idle|1;gsbench/20260812T043630-6pmr0/tp_cpu/1|active|1;gsbench/20260812T043630-6pmr0/tp_cpu/0|active|1;
1786481115 SESSIONS gsql|active|8;gsbench/control|idle|3;Asp|active|1;JobScheduler|active|1;ApplyLauncher|idle|1;WLMArbiter|idle|1;WorkloadMonitor|idle|1;workload|active|1;PercentileJob|active|1;TxnSnapCapturer|idle|1;CfsShrinker|idle|1;statement flush thread|idle|1;gsbench/20260812T043630-6pmr0/tp_cpu/1|active|1;gsbench/20260812T043630-6pmr0/tp_cpu/0|active|1;
1786481118 SESSIONS gsql|active|8;gsbench/control|idle|3;Asp|active|1;JobScheduler|active|1;ApplyLauncher|idle|1;WLMArbiter|idle|1;WorkloadMonitor|idle|1;workload|active|1;PercentileJob|active|1;TxnSnapCapturer|idle|1;CfsShrinker|idle|1;statement flush thread|idle|1;gsbench/20260812T043630-6pmr0/tp_cpu/1|active|1;gsbench/20260812T043630-6pmr0/tp_cpu/0|active|1;
1786481121 SESSIONS gsbench/control|idle|3;gsbench/20260812T043630-6pmr0/tp_cpu/0|active|1;Asp|active|1;JobScheduler|active|1;ApplyLauncher|idle|1;gsbench/20260812T043630-6pmr0/tp_cpu/1|active|1;statement flush thread|idle|1;WorkloadMonitor|idle|1;workload|active|1;PercentileJob|active|1;TxnSnapCapturer|idle|1;CfsShrinker|idle|1;WLMArbiter|idle|1;
1786481124 SESSIONS gsbench/control|idle|3;gsbench/20260812T043630-6pmr0/tp_cpu/0|active|1;Asp|active|1;JobScheduler|active|1;ApplyLauncher|idle|1;gsbench/20260812T043630-6pmr0/tp_cpu/1|active|1;statement flush thread|idle|1;WorkloadMonitor|idle|1;workload|active|1;PercentileJob|active|1;TxnSnapCapturer|idle|1;CfsShrinker|idle|1;WLMArbiter|idle|1;
1786481127 SESSIONS gsbench/control|idle|3;gsbench/20260812T043630-6pmr0/tp_cpu/0|active|1;Asp|active|1;JobScheduler|active|1;ApplyLauncher|idle|1;gsbench/20260812T043630-6pmr0/tp_cpu/1|active|1;statement flush thread|idle|1;WorkloadMonitor|idle|1;workload|active|1;PercentileJob|active|1;TxnSnapCapturer|idle|1;CfsShrinker|idle|1;WLMArbiter|idle|1;
1786481130 SESSIONS gsbench/control|idle|3;gsbench/20260812T043630-6pmr0/tp_cpu/0|active|1;Asp|active|1;JobScheduler|active|1;ApplyLauncher|idle|1;WLMArbiter|idle|1;statement flush thread|idle|1;workload|active|1;PercentileJob|active|1;TxnSnapCapturer|idle|1;CfsShrinker|idle|1;gsbench/20260812T043630-6pmr0/tp_cpu/1|idle in transaction|1;WorkloadMonitor|idle|1;
1786481133 SESSIONS gsbench/control|idle|3;Asp|active|1;JobScheduler|active|1;ApplyLauncher|idle|1;WLMArbiter|idle|1;WorkloadMonitor|idle|1;statement flush thread|idle|1;PercentileJob|active|1;gsbench/20260812T043630-6pmr0/tp_cpu/1|idle|1;TxnSnapCapturer|idle|1;gsbench/20260812T043630-6pmr0/tp_cpu/0|idle|1;CfsShrinker|idle|1;workload|active|1;
1786481136 SESSIONS gsbench/control|idle|3;gsbench/20260812T043630-6pmr0/tp_cpu/0|active|1;Asp|active|1;JobScheduler|active|1;ApplyLauncher|idle|1;gsbench/20260812T043630-6pmr0/tp_cpu/1|active|1;statement flush thread|idle|1;WorkloadMonitor|idle|1;workload|active|1;PercentileJob|active|1;TxnSnapCapturer|idle|1;CfsShrinker|idle|1;WLMArbiter|idle|1;
1786481136 PGLOG 2026-08-12 04:45:34.098 [unknown] [unknown] localhost 281466775584064 0[0:0#0]  0 [BACKEND] LOG:  Could not connect to the postgres, the connection info : FATAL:  Invalid username/password,login denied.
1786481136 PGLOG 2026-08-12 04:45:34.199 [unknown] [unknown] localhost 281466775584064 0[0:0#0]  0 [BACKEND] LOG:  Could not connect to the postgres, the connection info : FATAL:  Invalid username/password,login denied.
1786481136 PGLOG 2026-08-12 04:45:34.305 [unknown] [unknown] localhost 281466775584064 0[0:0#0]  0 [BACKEND] LOG:  Could not connect to the postgres, the connection info : FATAL:  Invalid username/password,login denied.
1786481136 PGLOG 2026-08-12 04:45:34.409 [unknown] [unknown] localhost 281466775584064 0[0:0#0]  0 [BACKEND] LOG:  Could not connect to the postgres, the connection info : FATAL:  Invalid username/password,login denied.
1786481136 PGLOG 2026-08-12 04:45:34.515 [unknown] [unknown] localhost 281466775584064 0[0:0#0]  0 [BACKEND] LOG:  Could not connect to the postgres, the connection info : FATAL:  Invalid username/password,login denied.
1786481136 PGLOG 2026-08-12 04:45:34.619 [unknown] [unknown] localhost 281466775584064 0[0:0#0]  0 [BACKEND] LOG:  Could not connect to the postgres, the connection info : FATAL:  Invalid username/password,login denied.
1786481136 PGLOG 2026-08-12 04:45:34.726 [unknown] [unknown] localhost 281466775584064 0[0:0#0]  0 [BACKEND] LOG:  Could not connect to the postgres, the connection info : FATAL:  Invalid username/password,login denied.
1786481136 PGLOG 2026-08-12 04:45:34.829 [unknown] [unknown] localhost 281466775584064 0[0:0#0]  0 [BACKEND] LOG:  Could not connect to the postgres, the connection info : FATAL:  Invalid username/password,login denied.
1786481136 PGLOG 2026-08-12 04:45:34.932 [unknown] [unknown] localhost 281466775584064 0[0:0#0]  0 [BACKEND] LOG:  Could not connect to the postgres, the connection info : FATAL:  Invalid username/password,login denied.
1786481136 PGLOG 2026-08-12 04:45:35.034 [unknown] [unknown] localhost 281466775584064 0[0:0#0]  0 [BACKEND] ERROR:  Could not connect to the postgres, we have tried 10 times, the connection info: FATAL:  Invalid username/password,login denied.
1786481139 SESSIONS gsbench/control|idle|3;gsbench/20260812T043630-6pmr0/tp_cpu/0|active|1;Asp|active|1;JobScheduler|active|1;ApplyLauncher|idle|1;gsbench/20260812T043630-6pmr0/tp_cpu/1|active|1;statement flush thread|idle|1;WorkloadMonitor|idle|1;workload|active|1;PercentileJob|active|1;TxnSnapCapturer|idle|1;CfsShrinker|idle|1;WLMArbiter|idle|1;
1786481142 SESSIONS gsbench/control|idle|3;gsbench/20260812T043630-6pmr0/tp_cpu/0|active|1;Asp|active|1;JobScheduler|active|1;ApplyLauncher|idle|1;gsbench/20260812T043630-6pmr0/tp_cpu/1|active|1;statement flush thread|idle|1;WorkloadMonitor|idle|1;workload|active|1;PercentileJob|active|1;TxnSnapCapturer|idle|1;CfsShrinker|idle|1;WLMArbiter|idle|1;
1786481145 SESSIONS gsbench/control|idle|3;gsbench/20260812T043630-6pmr0/tp_cpu/0|active|1;Asp|active|1;JobScheduler|active|1;ApplyLauncher|idle|1;gsbench/20260812T043630-6pmr0/tp_cpu/1|active|1;statement flush thread|idle|1;WorkloadMonitor|idle|1;workload|active|1;PercentileJob|active|1;TxnSnapCapturer|idle|1;CfsShrinker|idle|1;WLMArbiter|idle|1;
1786481148 SESSIONS gsql|active|8;Asp|active|1;JobScheduler|active|1;ApplyLauncher|idle|1;WLMArbiter|idle|1;WorkloadMonitor|idle|1;workload|active|1;PercentileJob|active|1;TxnSnapCapturer|idle|1;gsbench/control|active|1;statement flush thread|idle|1;CfsShrinker|idle|1;
1786481156 SESSIONS gsql|active|8;gsbench/control|idle|2;JobScheduler|active|1;ApplyLauncher|idle|1;WLMArbiter|idle|1;WorkloadMonitor|idle|1;statement flush thread|idle|1;PercentileJob|active|1;TxnSnapCapturer|idle|1;gsbench/control|active|1;CfsShrinker|idle|1;workload|active|1;Asp|active|1;
1786481160 SESSIONS gsql|active|8;gsbench/control|idle|2;JobScheduler|active|1;ApplyLauncher|idle|1;WLMArbiter|idle|1;WorkloadMonitor|idle|1;statement flush thread|idle|1;PercentileJob|active|1;TxnSnapCapturer|idle|1;gsbench/control|active|1;CfsShrinker|idle|1;workload|active|1;Asp|active|1;
1786481163 SESSIONS gsql|active|8;gsbench/control|idle|2;JobScheduler|active|1;ApplyLauncher|idle|1;WLMArbiter|idle|1;WorkloadMonitor|idle|1;statement flush thread|idle|1;PercentileJob|active|1;TxnSnapCapturer|idle|1;gsbench/control|active|1;CfsShrinker|idle|1;workload|active|1;Asp|active|1;
1786481166 SESSIONS gsql|active|8;gsbench/control|idle|2;JobScheduler|active|1;ApplyLauncher|idle|1;WLMArbiter|idle|1;WorkloadMonitor|idle|1;statement flush thread|idle|1;PercentileJob|active|1;TxnSnapCapturer|idle|1;gsbench/control|active|1;CfsShrinker|idle|1;workload|active|1;Asp|active|1;
1786481169 SESSIONS gsql|active|8;gsbench/control|idle|2;JobScheduler|active|1;ApplyLauncher|idle|1;WLMArbiter|idle|1;WorkloadMonitor|idle|1;statement flush thread|idle|1;PercentileJob|active|1;TxnSnapCapturer|idle|1;gsbench/control|active|1;CfsShrinker|idle|1;workload|active|1;Asp|active|1;
1786481172 SESSIONS gsql|active|8;gsbench/control|idle|2;JobScheduler|active|1;ApplyLauncher|idle|1;WLMArbiter|idle|1;WorkloadMonitor|idle|1;statement flush thread|idle|1;PercentileJob|active|1;TxnSnapCapturer|idle|1;gsbench/control|active|1;CfsShrinker|idle|1;workload|active|1;Asp|active|1;
1786481175 SESSIONS gsql|active|8;gsbench/control|idle|2;JobScheduler|active|1;ApplyLauncher|idle|1;WLMArbiter|idle|1;WorkloadMonitor|idle|1;statement flush thread|idle|1;PercentileJob|active|1;TxnSnapCapturer|idle|1;gsbench/control|active|1;CfsShrinker|idle|1;workload|active|1;Asp|active|1;
1786481179 SESSIONS gsql|active|8;gsbench/control|idle|2;JobScheduler|active|1;ApplyLauncher|idle|1;WLMArbiter|idle|1;WorkloadMonitor|idle|1;statement flush thread|idle|1;PercentileJob|active|1;TxnSnapCapturer|idle|1;gsbench/control|active|1;CfsShrinker|idle|1;workload|active|1;Asp|active|1;
1786481182 SESSIONS gsql|active|8;gsbench/control|idle|3;gsbench/20260812T044548-81bon/tp_cpu/0|idle|1;Asp|active|1;JobScheduler|active|1;ApplyLauncher|idle|1;gsbench/20260812T044548-81bon/tp_cpu/7|idle|1;WLMArbiter|idle|1;WorkloadMonitor|idle|1;workload|active|1;PercentileJob|active|1;TxnSnapCapturer|idle|1;gsbench/20260812T044548-81bon/tp_cpu/4|idle in transaction|1;CfsShrinker|idle|1;gsbench/20260812T044548-81bon/tp_cpu/5|idle|1;gsbench/20260812T044548-81bon/tp_cpu/3|active|1;gsbench/20260812T044548-81bon/tp_cpu/2|active|1;gsbench/20260812T044548-81bon/tp_cpu/1|idle|1;gsbench/20260812T044548-81bon/tp_cpu/6|active|1;statement flush thread|idle|1;
1786481185 SESSIONS gsql|active|8;gsbench/control|idle|3;ApplyLauncher|idle|1;WLMArbiter|idle|1;WorkloadMonitor|idle|1;workload|active|1;PercentileJob|active|1;TxnSnapCapturer|idle|1;CfsShrinker|idle|1;gsbench/20260812T044548-81bon/tp_cpu/0|active|1;gsbench/20260812T044548-81bon/tp_cpu/1|active|1;gsbench/20260812T044548-81bon/tp_cpu/3|active|1;gsbench/20260812T044548-81bon/tp_cpu/4|active|1;gsbench/20260812T044548-81bon/tp_cpu/2|active|1;gsbench/20260812T044548-81bon/tp_cpu/6|active|1;gsbench/20260812T044548-81bon/tp_cpu/5|active|1;gsbench/20260812T044548-81bon/tp_cpu/7|active|1;Asp|active|1;AutoVacWorker|active|1;JobScheduler|active|1;statement flush thread|idle|1;
1786481193 SESSIONS gsql|active|9;gsbench/control|idle|3;ApplyLauncher|idle|1;WLMArbiter|idle|1;WorkloadMonitor|idle|1;workload|active|1;PercentileJob|active|1;TxnSnapCapturer|idle|1;CfsShrinker|idle|1;gsbench/20260812T044548-81bon/tp_cpu/0|active|1;gsbench/20260812T044548-81bon/tp_cpu/1|active|1;gsbench/20260812T044548-81bon/tp_cpu/3|active|1;gsbench/20260812T044548-81bon/tp_cpu/4|active|1;gsbench/20260812T044548-81bon/tp_cpu/2|active|1;gsbench/20260812T044548-81bon/tp_cpu/6|active|1;gsbench/20260812T044548-81bon/tp_cpu/5|active|1;gsbench/20260812T044548-81bon/tp_cpu/7|active|1;Asp|active|1;AutoVacWorker|active|1;JobScheduler|active|1;statement flush thread|idle|1;
1786481193 PGLOG 2026-08-12 04:46:35.106 [unknown] [unknown] localhost 281466775584064 0[0:0#0]  0 [BACKEND] LOG:  Could not connect to the postgres, the connection info : FATAL:  Invalid username/password,login denied.
1786481193 PGLOG 2026-08-12 04:46:35.209 [unknown] [unknown] localhost 281466775584064 0[0:0#0]  0 [BACKEND] LOG:  Could not connect to the postgres, the connection info : FATAL:  Invalid username/password,login denied.
1786481193 PGLOG 2026-08-12 04:46:35.311 [unknown] [unknown] localhost 281466775584064 0[0:0#0]  0 [BACKEND] LOG:  Could not connect to the postgres, the connection info : FATAL:  Invalid username/password,login denied.
1786481193 PGLOG 2026-08-12 04:46:35.415 [unknown] [unknown] localhost 281466775584064 0[0:0#0]  0 [BACKEND] LOG:  Could not connect to the postgres, the connection info : FATAL:  Invalid username/password,login denied.
1786481193 PGLOG 2026-08-12 04:46:35.516 [unknown] [unknown] localhost 281466775584064 0[0:0#0]  0 [BACKEND] LOG:  Could not connect to the postgres, the connection info : FATAL:  Invalid username/password,login denied.
1786481193 PGLOG 2026-08-12 04:46:35.619 [unknown] [unknown] localhost 281466775584064 0[0:0#0]  0 [BACKEND] LOG:  Could not connect to the postgres, the connection info : FATAL:  Invalid username/password,login denied.
1786481193 PGLOG 2026-08-12 04:46:35.723 [unknown] [unknown] localhost 281466775584064 0[0:0#0]  0 [BACKEND] LOG:  Could not connect to the postgres, the connection info : FATAL:  Invalid username/password,login denied.
1786481193 PGLOG 2026-08-12 04:46:35.827 [unknown] [unknown] localhost 281466775584064 0[0:0#0]  0 [BACKEND] LOG:  Could not connect to the postgres, the connection info : FATAL:  Invalid username/password,login denied.
1786481193 PGLOG 2026-08-12 04:46:35.929 [unknown] [unknown] localhost 281466775584064 0[0:0#0]  0 [BACKEND] LOG:  Could not connect to the postgres, the connection info : FATAL:  Invalid username/password,login denied.
1786481193 PGLOG 2026-08-12 04:46:36.031 [unknown] [unknown] localhost 281466775584064 0[0:0#0]  0 [BACKEND] ERROR:  Could not connect to the postgres, we have tried 10 times, the connection info: FATAL:  Invalid username/password,login denied.
1786481201 SESSIONS gsql|active|9;gsbench/control|idle|3;gsbench/20260812T044548-81bon/tp_cpu/5|idle in transaction|1;ApplyLauncher|idle|1;gsbench/20260812T044548-81bon/tp_cpu/2|idle in transaction|1;WLMArbiter|idle|1;WorkloadMonitor|idle|1;workload|active|1;PercentileJob|active|1;TxnSnapCapturer|idle|1;gsbench/20260812T044548-81bon/tp_cpu/0|idle in transaction|1;CfsShrinker|idle|1;gsbench/20260812T044548-81bon/tp_cpu/7|idle in transaction|1;gsbench/20260812T044548-81bon/tp_cpu/4|active|1;gsbench/20260812T044548-81bon/tp_cpu/3|idle in transaction|1;gsbench/20260812T044548-81bon/tp_cpu/6|active|1;gsbench/20260812T044548-81bon/tp_cpu/1|idle in transaction|1;Asp|active|1;AutoVacWorker|active|1;JobScheduler|active|1;statement flush thread|idle|1;
1786481209 SESSIONS gsql|active|9;gsbench/control|idle|3;JobScheduler|active|1;ApplyLauncher|idle|1;WLMArbiter|idle|1;WorkloadMonitor|idle|1;workload|active|1;PercentileJob|active|1;TxnSnapCapturer|idle|1;CfsShrinker|idle|1;gsbench/20260812T044548-81bon/tp_cpu/0|active|1;gsbench/20260812T044548-81bon/tp_cpu/1|active|1;gsbench/20260812T044548-81bon/tp_cpu/3|active|1;gsbench/20260812T044548-81bon/tp_cpu/4|active|1;gsbench/20260812T044548-81bon/tp_cpu/2|active|1;gsbench/20260812T044548-81bon/tp_cpu/6|active|1;gsbench/20260812T044548-81bon/tp_cpu/5|active|1;statement flush thread|idle|1;gsbench/20260812T044548-81bon/tp_cpu/7|active|1;Asp|active|1;
1786481217 SESSIONS gsql|active|9;gsbench/control|idle|3;JobScheduler|active|1;ApplyLauncher|idle|1;WLMArbiter|idle|1;WorkloadMonitor|idle|1;workload|active|1;PercentileJob|active|1;TxnSnapCapturer|idle|1;CfsShrinker|idle|1;gsbench/20260812T044548-81bon/tp_cpu/0|active|1;gsbench/20260812T044548-81bon/tp_cpu/1|active|1;gsbench/20260812T044548-81bon/tp_cpu/4|active|1;gsbench/20260812T044548-81bon/tp_cpu/2|active|1;gsbench/20260812T044548-81bon/tp_cpu/3|idle in transaction|1;gsbench/20260812T044548-81bon/tp_cpu/6|active|1;gsbench/20260812T044548-81bon/tp_cpu/5|active|1;statement flush thread|idle|1;gsbench/20260812T044548-81bon/tp_cpu/7|active|1;Asp|active|1;
1786481225 SESSIONS gsql|active|9;gsbench/control|idle|3;JobScheduler|active|1;ApplyLauncher|idle|1;WLMArbiter|idle|1;WorkloadMonitor|idle|1;workload|active|1;PercentileJob|active|1;TxnSnapCapturer|idle|1;CfsShrinker|idle|1;gsbench/20260812T044548-81bon/tp_cpu/0|active|1;gsbench/20260812T044548-81bon/tp_cpu/1|active|1;gsbench/20260812T044548-81bon/tp_cpu/3|active|1;gsbench/20260812T044548-81bon/tp_cpu/4|active|1;gsbench/20260812T044548-81bon/tp_cpu/2|active|1;gsbench/20260812T044548-81bon/tp_cpu/6|active|1;gsbench/20260812T044548-81bon/tp_cpu/5|active|1;statement flush thread|idle|1;gsbench/20260812T044548-81bon/tp_cpu/7|active|1;Asp|active|1;
1786481233 SESSIONS gsql|active|9;gsbench/control|idle|3;JobScheduler|active|1;ApplyLauncher|idle|1;WLMArbiter|idle|1;WorkloadMonitor|idle|1;workload|active|1;PercentileJob|active|1;TxnSnapCapturer|idle|1;CfsShrinker|idle|1;gsbench/20260812T044548-81bon/tp_cpu/0|active|1;gsbench/20260812T044548-81bon/tp_cpu/1|active|1;gsbench/20260812T044548-81bon/tp_cpu/3|active|1;gsbench/20260812T044548-81bon/tp_cpu/4|active|1;gsbench/20260812T044548-81bon/tp_cpu/2|active|1;gsbench/20260812T044548-81bon/tp_cpu/6|active|1;gsbench/20260812T044548-81bon/tp_cpu/5|active|1;statement flush thread|idle|1;gsbench/20260812T044548-81bon/tp_cpu/7|active|1;Asp|active|1;
1786481241 SESSIONS gsql|active|9;gsbench/control|idle|3;JobScheduler|active|1;ApplyLauncher|idle|1;WLMArbiter|idle|1;WorkloadMonitor|idle|1;workload|active|1;PercentileJob|active|1;TxnSnapCapturer|idle|1;CfsShrinker|idle|1;gsbench/20260812T044548-81bon/tp_cpu/0|active|1;gsbench/20260812T044548-81bon/tp_cpu/1|active|1;gsbench/20260812T044548-81bon/tp_cpu/3|active|1;gsbench/20260812T044548-81bon/tp_cpu/4|active|1;gsbench/20260812T044548-81bon/tp_cpu/2|active|1;gsbench/20260812T044548-81bon/tp_cpu/6|active|1;gsbench/20260812T044548-81bon/tp_cpu/5|active|1;statement flush thread|idle|1;gsbench/20260812T044548-81bon/tp_cpu/7|active|1;Asp|active|1;
1786481249 SESSIONS gsql|active|9;gsbench/control|idle|3;JobScheduler|active|1;ApplyLauncher|idle|1;WLMArbiter|idle|1;WorkloadMonitor|idle|1;workload|active|1;PercentileJob|active|1;TxnSnapCapturer|idle|1;CfsShrinker|idle|1;gsbench/20260812T044548-81bon/tp_cpu/0|active|1;gsbench/20260812T044548-81bon/tp_cpu/1|active|1;gsbench/20260812T044548-81bon/tp_cpu/3|active|1;gsbench/20260812T044548-81bon/tp_cpu/4|active|1;gsbench/20260812T044548-81bon/tp_cpu/2|active|1;gsbench/20260812T044548-81bon/tp_cpu/6|active|1;gsbench/20260812T044548-81bon/tp_cpu/5|active|1;statement flush thread|idle|1;gsbench/20260812T044548-81bon/tp_cpu/7|active|1;Asp|active|1;
1786481257 SESSIONS gsql|active|9;gsbench/control|idle|3;gsbench/20260812T044548-81bon/tp_cpu/0|idle|1;Asp|active|1;JobScheduler|active|1;ApplyLauncher|idle|1;WLMArbiter|idle|1;WorkloadMonitor|idle|1;workload|active|1;PercentileJob|active|1;TxnSnapCapturer|idle|1;gsbench/20260812T044548-81bon/tp_cpu/4|idle in transaction|1;gsbench/20260812T044548-81bon/tp_cpu/6|idle|1;CfsShrinker|idle|1;gsbench/20260812T044548-81bon/tp_cpu/7|idle in transaction|1;gsbench/20260812T044548-81bon/tp_cpu/2|active|1;gsbench/20260812T044548-81bon/tp_cpu/3|idle in transaction|1;statement flush thread|idle|1;gsbench/20260812T044548-81bon/tp_cpu/1|idle in transaction|1;gsbench/20260812T044548-81bon/tp_cpu/5|idle in transaction|1;
1786481257 PGLOG 2026-08-12 04:47:36.075 [unknown] [unknown] localhost 281466775584064 0[0:0#0]  0 [BACKEND] LOG:  Could not connect to the postgres, the connection info : FATAL:  Invalid username/password,login denied.
1786481257 PGLOG 2026-08-12 04:47:36.182 [unknown] [unknown] localhost 281466775584064 0[0:0#0]  0 [BACKEND] LOG:  Could not connect to the postgres, the connection info : FATAL:  Invalid username/password,login denied.
1786481257 PGLOG 2026-08-12 04:47:36.284 [unknown] [unknown] localhost 281466775584064 0[0:0#0]  0 [BACKEND] LOG:  Could not connect to the postgres, the connection info : FATAL:  Invalid username/password,login denied.
1786481257 PGLOG 2026-08-12 04:47:36.386 [unknown] [unknown] localhost 281466775584064 0[0:0#0]  0 [BACKEND] LOG:  Could not connect to the postgres, the connection info : FATAL:  Invalid username/password,login denied.
1786481257 PGLOG 2026-08-12 04:47:36.490 [unknown] [unknown] localhost 281466775584064 0[0:0#0]  0 [BACKEND] LOG:  Could not connect to the postgres, the connection info : FATAL:  Invalid username/password,login denied.
1786481257 PGLOG 2026-08-12 04:47:36.592 [unknown] [unknown] localhost 281466775584064 0[0:0#0]  0 [BACKEND] LOG:  Could not connect to the postgres, the connection info : FATAL:  Invalid username/password,login denied.
1786481257 PGLOG 2026-08-12 04:47:36.698 [unknown] [unknown] localhost 281466775584064 0[0:0#0]  0 [BACKEND] LOG:  Could not connect to the postgres, the connection info : FATAL:  Invalid username/password,login denied.
1786481257 PGLOG 2026-08-12 04:47:36.801 [unknown] [unknown] localhost 281466775584064 0[0:0#0]  0 [BACKEND] LOG:  Could not connect to the postgres, the connection info : FATAL:  Invalid username/password,login denied.
1786481257 PGLOG 2026-08-12 04:47:36.904 [unknown] [unknown] localhost 281466775584064 0[0:0#0]  0 [BACKEND] LOG:  Could not connect to the postgres, the connection info : FATAL:  Invalid username/password,login denied.
1786481257 PGLOG 2026-08-12 04:47:37.006 [unknown] [unknown] localhost 281466775584064 0[0:0#0]  0 [BACKEND] ERROR:  Could not connect to the postgres, we have tried 10 times, the connection info: FATAL:  Invalid username/password,login denied.
1786481265 SESSIONS gsql|active|6;gsbench/control|idle|3;JobScheduler|active|1;ApplyLauncher|idle|1;WLMArbiter|idle|1;WorkloadMonitor|idle|1;workload|active|1;PercentileJob|active|1;TxnSnapCapturer|idle|1;CfsShrinker|idle|1;gsbench/20260812T044548-81bon/tp_cpu/0|active|1;gsbench/20260812T044548-81bon/tp_cpu/1|active|1;gsbench/20260812T044548-81bon/tp_cpu/3|active|1;gsbench/20260812T044548-81bon/tp_cpu/4|active|1;gsbench/20260812T044548-81bon/tp_cpu/2|active|1;gsbench/20260812T044548-81bon/tp_cpu/6|active|1;gsbench/20260812T044548-81bon/tp_cpu/5|active|1;statement flush thread|idle|1;gsbench/20260812T044548-81bon/tp_cpu/7|active|1;Asp|active|1;
1786481269 SESSIONS gsql|active|6;gsbench/control|idle|3;JobScheduler|active|1;ApplyLauncher|idle|1;WLMArbiter|idle|1;WorkloadMonitor|idle|1;workload|active|1;PercentileJob|active|1;TxnSnapCapturer|idle|1;CfsShrinker|idle|1;gsbench/20260812T044548-81bon/tp_cpu/0|active|1;gsbench/20260812T044548-81bon/tp_cpu/1|active|1;gsbench/20260812T044548-81bon/tp_cpu/3|active|1;gsbench/20260812T044548-81bon/tp_cpu/4|active|1;gsbench/20260812T044548-81bon/tp_cpu/2|active|1;gsbench/20260812T044548-81bon/tp_cpu/6|active|1;gsbench/20260812T044548-81bon/tp_cpu/5|active|1;statement flush thread|idle|1;gsbench/20260812T044548-81bon/tp_cpu/7|active|1;Asp|active|1;
1786481272 SESSIONS gsbench/control|idle|3;gsbench/20260812T044548-81bon/tp_cpu/7|active|1;statement flush thread|idle|1;Asp|active|1;JobScheduler|active|1;ApplyLauncher|idle|1;WLMArbiter|idle|1;WorkloadMonitor|idle|1;workload|active|1;PercentileJob|active|1;TxnSnapCapturer|idle|1;CfsShrinker|idle|1;gsbench/20260812T044548-81bon/tp_cpu/0|active|1;gsbench/20260812T044548-81bon/tp_cpu/1|active|1;gsbench/20260812T044548-81bon/tp_cpu/3|active|1;gsbench/20260812T044548-81bon/tp_cpu/4|active|1;gsbench/20260812T044548-81bon/tp_cpu/2|active|1;gsbench/20260812T044548-81bon/tp_cpu/5|active|1;gsbench/20260812T044548-81bon/tp_cpu/6|active|1;
1786481275 SESSIONS gsbench/control|idle|3;gsbench/20260812T044548-81bon/tp_cpu/5|active|1;statement flush thread|idle|1;Asp|active|1;JobScheduler|active|1;ApplyLauncher|idle|1;gsbench/20260812T044548-81bon/tp_cpu/2|idle in transaction|1;WLMArbiter|idle|1;WorkloadMonitor|idle|1;workload|active|1;PercentileJob|active|1;TxnSnapCapturer|idle|1;gsbench/20260812T044548-81bon/tp_cpu/6|idle|1;CfsShrinker|idle|1;gsbench/20260812T044548-81bon/tp_cpu/7|idle in transaction|1;gsbench/20260812T044548-81bon/tp_cpu/0|active|1;gsbench/20260812T044548-81bon/tp_cpu/3|active|1;gsbench/20260812T044548-81bon/tp_cpu/1|idle in transaction|1;gsbench/20260812T044548-81bon/tp_cpu/4|active|1;
1786481278 SESSIONS gsbench/control|idle|3;gsbench/20260812T044548-81bon/tp_cpu/7|active|1;statement flush thread|idle|1;Asp|active|1;JobScheduler|active|1;ApplyLauncher|idle|1;WLMArbiter|idle|1;WorkloadMonitor|idle|1;workload|active|1;PercentileJob|active|1;TxnSnapCapturer|idle|1;CfsShrinker|idle|1;gsbench/20260812T044548-81bon/tp_cpu/0|active|1;gsbench/20260812T044548-81bon/tp_cpu/1|active|1;gsbench/20260812T044548-81bon/tp_cpu/3|active|1;gsbench/20260812T044548-81bon/tp_cpu/4|active|1;gsbench/20260812T044548-81bon/tp_cpu/2|active|1;gsbench/20260812T044548-81bon/tp_cpu/5|active|1;gsbench/20260812T044548-81bon/tp_cpu/6|active|1;
1786481281 SESSIONS gsbench/control|idle|3;gsbench/20260812T044548-81bon/tp_cpu/7|active|1;statement flush thread|idle|1;Asp|active|1;JobScheduler|active|1;ApplyLauncher|idle|1;WLMArbiter|idle|1;WorkloadMonitor|idle|1;workload|active|1;PercentileJob|active|1;TxnSnapCapturer|idle|1;CfsShrinker|idle|1;gsbench/20260812T044548-81bon/tp_cpu/0|active|1;gsbench/20260812T044548-81bon/tp_cpu/1|active|1;gsbench/20260812T044548-81bon/tp_cpu/3|active|1;gsbench/20260812T044548-81bon/tp_cpu/4|active|1;gsbench/20260812T044548-81bon/tp_cpu/2|active|1;gsbench/20260812T044548-81bon/tp_cpu/5|active|1;gsbench/20260812T044548-81bon/tp_cpu/6|active|1;
1786481285 SESSIONS gsbench/control|idle|3;Asp|active|1;JobScheduler|active|1;ApplyLauncher|idle|1;WLMArbiter|idle|1;WorkloadMonitor|idle|1;workload|active|1;PercentileJob|active|1;TxnSnapCapturer|idle|1;CfsShrinker|idle|1;gsbench/20260812T044548-81bon/tp_cpu/0|active|1;gsbench/20260812T044548-81bon/tp_cpu/1|active|1;gsbench/20260812T044548-81bon/tp_cpu/3|active|1;gsql|active|1;gsbench/20260812T044548-81bon/tp_cpu/4|active|1;gsbench/20260812T044548-81bon/tp_cpu/2|active|1;gsbench/20260812T044548-81bon/tp_cpu/6|active|1;gsbench/20260812T044548-81bon/tp_cpu/5|active|1;statement flush thread|idle|1;gsbench/20260812T044548-81bon/tp_cpu/7|active|1;
1786481288 SESSIONS gsbench/control|idle|3;gsbench/20260812T044548-81bon/tp_cpu/7|active|1;statement flush thread|idle|1;Asp|active|1;JobScheduler|active|1;ApplyLauncher|idle|1;WLMArbiter|idle|1;WorkloadMonitor|idle|1;workload|active|1;PercentileJob|active|1;TxnSnapCapturer|idle|1;CfsShrinker|idle|1;gsbench/20260812T044548-81bon/tp_cpu/0|active|1;gsbench/20260812T044548-81bon/tp_cpu/1|active|1;gsbench/20260812T044548-81bon/tp_cpu/3|active|1;gsbench/20260812T044548-81bon/tp_cpu/4|active|1;gsbench/20260812T044548-81bon/tp_cpu/2|active|1;gsbench/20260812T044548-81bon/tp_cpu/5|active|1;gsbench/20260812T044548-81bon/tp_cpu/6|active|1;
1786481291 SESSIONS gsbench/control|idle|3;gsbench/20260812T044548-81bon/tp_cpu/7|active|1;statement flush thread|idle|1;Asp|active|1;JobScheduler|active|1;ApplyLauncher|idle|1;WLMArbiter|idle|1;WorkloadMonitor|idle|1;workload|active|1;PercentileJob|active|1;TxnSnapCapturer|idle|1;CfsShrinker|idle|1;gsbench/20260812T044548-81bon/tp_cpu/0|active|1;gsbench/20260812T044548-81bon/tp_cpu/1|active|1;gsbench/20260812T044548-81bon/tp_cpu/3|active|1;gsbench/20260812T044548-81bon/tp_cpu/4|active|1;gsbench/20260812T044548-81bon/tp_cpu/2|active|1;gsbench/20260812T044548-81bon/tp_cpu/5|active|1;gsbench/20260812T044548-81bon/tp_cpu/6|active|1;
1786481294 SESSIONS gsbench/control|idle|3;gsbench/20260812T044548-81bon/tp_cpu/5|active|1;gsbench/20260812T044548-81bon/tp_cpu/7|active|1;statement flush thread|idle|1;Asp|active|1;JobScheduler|active|1;ApplyLauncher|idle|1;WLMArbiter|idle|1;WorkloadMonitor|idle|1;workload|active|1;PercentileJob|active|1;TxnSnapCapturer|idle|1;CfsShrinker|idle|1;gsbench/20260812T044548-81bon/tp_cpu/0|active|1;gsbench/20260812T044548-81bon/tp_cpu/3|active|1;gsbench/20260812T044548-81bon/tp_cpu/4|active|1;gsbench/20260812T044548-81bon/tp_cpu/2|active|1;gsbench/20260812T044548-81bon/tp_cpu/1|idle in transaction|1;gsbench/20260812T044548-81bon/tp_cpu/6|active|1;
1786481297 SESSIONS gsbench/control|idle|3;statement flush thread|idle|1;gsbench/20260812T044548-81bon/tp_cpu/5|idle in transaction|1;Asp|active|1;JobScheduler|active|1;ApplyLauncher|idle|1;gsbench/20260812T044548-81bon/tp_cpu/2|idle in transaction|1;WLMArbiter|idle|1;WorkloadMonitor|idle|1;workload|active|1;PercentileJob|active|1;TxnSnapCapturer|idle|1;gsbench/20260812T044548-81bon/tp_cpu/0|idle in transaction|1;CfsShrinker|idle|1;gsbench/20260812T044548-81bon/tp_cpu/1|active|1;gsbench/20260812T044548-81bon/tp_cpu/6|idle in transaction|1;gsbench/20260812T044548-81bon/tp_cpu/4|active|1;gsbench/20260812T044548-81bon/tp_cpu/7|active|1;gsbench/20260812T044548-81bon/tp_cpu/3|idle in transaction|1;
1786481300 SESSIONS statement flush thread|idle|1;Asp|active|1;JobScheduler|active|1;ApplyLauncher|idle|1;WLMArbiter|idle|1;WorkloadMonitor|idle|1;workload|active|1;PercentileJob|active|1;TxnSnapCapturer|idle|1;CfsShrinker|idle|1;
1786481300 PGLOG 2026-08-12 04:48:19.334 gaussdb postgres 127.0.0.1 281466028997952 0[0:0#0]  0 [BACKEND] ERROR:  canceling statement due to user request
1786481300 PGLOG 2026-08-12 04:48:19.334 gaussdb postgres 127.0.0.1 281465333792064 0[0:0#0]  0 [BACKEND] ERROR:  canceling statement due to user request
1786481300 PGLOG 2026-08-12 04:48:19.339 gaussdb postgres 127.0.0.1 281464868224320 0[0:0#0]  0 [BACKEND] ERROR:  canceling statement due to user request
1786481300 PGLOG 2026-08-12 04:48:19.340 gaussdb postgres 127.0.0.1 281465316949312 0[0:0#0]  0 [BACKEND] ERROR:  canceling statement due to user request
1786481300 PGLOG 2026-08-12 04:48:19.340 gaussdb postgres 127.0.0.1 281464918555968 0[0:0#0]  0 [BACKEND] ERROR:  canceling statement due to user request
1786481303 SESSIONS statement flush thread|idle|1;Asp|active|1;JobScheduler|active|1;ApplyLauncher|idle|1;WLMArbiter|idle|1;WorkloadMonitor|idle|1;workload|active|1;PercentileJob|active|1;TxnSnapCapturer|idle|1;CfsShrinker|idle|1;
1786481306 SESSIONS statement flush thread|idle|1;Asp|active|1;JobScheduler|active|1;ApplyLauncher|idle|1;WLMArbiter|idle|1;WorkloadMonitor|idle|1;workload|active|1;PercentileJob|active|1;TxnSnapCapturer|idle|1;CfsShrinker|idle|1;
1786481309 SESSIONS statement flush thread|idle|1;Asp|active|1;JobScheduler|active|1;ApplyLauncher|idle|1;WLMArbiter|idle|1;WorkloadMonitor|idle|1;workload|active|1;PercentileJob|active|1;TxnSnapCapturer|idle|1;CfsShrinker|idle|1;
1786481312 SESSIONS statement flush thread|idle|1;Asp|active|1;JobScheduler|active|1;ApplyLauncher|idle|1;WLMArbiter|idle|1;WorkloadMonitor|idle|1;workload|active|1;PercentileJob|active|1;TxnSnapCapturer|idle|1;CfsShrinker|idle|1;
1786481315 SESSIONS statement flush thread|idle|1;Asp|active|1;JobScheduler|active|1;ApplyLauncher|idle|1;WLMArbiter|idle|1;WorkloadMonitor|idle|1;workload|active|1;PercentileJob|active|1;TxnSnapCapturer|idle|1;CfsShrinker|idle|1;
1786481318 SESSIONS statement flush thread|idle|1;Asp|active|1;JobScheduler|active|1;ApplyLauncher|idle|1;WLMArbiter|idle|1;WorkloadMonitor|idle|1;workload|active|1;PercentileJob|active|1;TxnSnapCapturer|idle|1;CfsShrinker|idle|1;
1786481318 PGLOG 2026-08-12 04:48:37.064 [unknown] [unknown] localhost 281466775584064 0[0:0#0]  0 [BACKEND] LOG:  Could not connect to the postgres, the connection info : FATAL:  Invalid username/password,login denied.
1786481318 PGLOG 2026-08-12 04:48:37.166 [unknown] [unknown] localhost 281466775584064 0[0:0#0]  0 [BACKEND] LOG:  Could not connect to the postgres, the connection info : FATAL:  Invalid username/password,login denied.
1786481318 PGLOG 2026-08-12 04:48:37.270 [unknown] [unknown] localhost 281466775584064 0[0:0#0]  0 [BACKEND] LOG:  Could not connect to the postgres, the connection info : FATAL:  Invalid username/password,login denied.
1786481318 PGLOG 2026-08-12 04:48:37.373 [unknown] [unknown] localhost 281466775584064 0[0:0#0]  0 [BACKEND] LOG:  Could not connect to the postgres, the connection info : FATAL:  Invalid username/password,login denied.
1786481318 PGLOG 2026-08-12 04:48:37.478 [unknown] [unknown] localhost 281466775584064 0[0:0#0]  0 [BACKEND] LOG:  Could not connect to the postgres, the connection info : FATAL:  Invalid username/password,login denied.
1786481318 PGLOG 2026-08-12 04:48:37.584 [unknown] [unknown] localhost 281466775584064 0[0:0#0]  0 [BACKEND] LOG:  Could not connect to the postgres, the connection info : FATAL:  Invalid username/password,login denied.
1786481318 PGLOG 2026-08-12 04:48:37.688 [unknown] [unknown] localhost 281466775584064 0[0:0#0]  0 [BACKEND] LOG:  Could not connect to the postgres, the connection info : FATAL:  Invalid username/password,login denied.
1786481318 PGLOG 2026-08-12 04:48:37.791 [unknown] [unknown] localhost 281466775584064 0[0:0#0]  0 [BACKEND] LOG:  Could not connect to the postgres, the connection info : FATAL:  Invalid username/password,login denied.
1786481318 PGLOG 2026-08-12 04:48:37.894 [unknown] [unknown] localhost 281466775584064 0[0:0#0]  0 [BACKEND] LOG:  Could not connect to the postgres, the connection info : FATAL:  Invalid username/password,login denied.
1786481318 PGLOG 2026-08-12 04:48:37.997 [unknown] [unknown] localhost 281466775584064 0[0:0#0]  0 [BACKEND] ERROR:  Could not connect to the postgres, we have tried 10 times, the connection info: FATAL:  Invalid username/password,login denied.
1786481321 SESSIONS statement flush thread|idle|1;Asp|active|1;JobScheduler|active|1;ApplyLauncher|idle|1;WLMArbiter|idle|1;WorkloadMonitor|idle|1;workload|active|1;PercentileJob|active|1;TxnSnapCapturer|idle|1;CfsShrinker|idle|1;
1786481324 SESSIONS statement flush thread|idle|1;Asp|active|1;JobScheduler|active|1;ApplyLauncher|idle|1;WLMArbiter|idle|1;WorkloadMonitor|idle|1;workload|active|1;PercentileJob|active|1;TxnSnapCapturer|idle|1;CfsShrinker|idle|1;
1786481327 SESSIONS statement flush thread|idle|1;Asp|active|1;JobScheduler|active|1;ApplyLauncher|idle|1;WLMArbiter|idle|1;WorkloadMonitor|idle|1;workload|active|1;PercentileJob|active|1;TxnSnapCapturer|idle|1;CfsShrinker|idle|1;
1786481330 SESSIONS statement flush thread|idle|1;Asp|active|1;JobScheduler|active|1;ApplyLauncher|idle|1;WLMArbiter|idle|1;WorkloadMonitor|idle|1;workload|active|1;PercentileJob|active|1;TxnSnapCapturer|idle|1;CfsShrinker|idle|1;
1786481333 SESSIONS statement flush thread|idle|1;Asp|active|1;JobScheduler|active|1;ApplyLauncher|idle|1;WLMArbiter|idle|1;WorkloadMonitor|idle|1;workload|active|1;PercentileJob|active|1;TxnSnapCapturer|idle|1;CfsShrinker|idle|1;
1786481336 SESSIONS statement flush thread|idle|1;Asp|active|1;JobScheduler|active|1;ApplyLauncher|idle|1;WLMArbiter|idle|1;WorkloadMonitor|idle|1;workload|active|1;PercentileJob|active|1;TxnSnapCapturer|idle|1;CfsShrinker|idle|1;
1786481339 SESSIONS statement flush thread|idle|1;Asp|active|1;JobScheduler|active|1;ApplyLauncher|idle|1;WLMArbiter|idle|1;WorkloadMonitor|idle|1;workload|active|1;PercentileJob|active|1;TxnSnapCapturer|idle|1;CfsShrinker|idle|1;
1786481342 SESSIONS statement flush thread|idle|1;Asp|active|1;JobScheduler|active|1;ApplyLauncher|idle|1;WLMArbiter|idle|1;WorkloadMonitor|idle|1;workload|active|1;PercentileJob|active|1;TxnSnapCapturer|idle|1;CfsShrinker|idle|1;
1786481345 SESSIONS statement flush thread|idle|1;Asp|active|1;JobScheduler|active|1;ApplyLauncher|idle|1;WLMArbiter|idle|1;WorkloadMonitor|idle|1;workload|active|1;PercentileJob|active|1;TxnSnapCapturer|idle|1;CfsShrinker|idle|1;
1786481348 SESSIONS statement flush thread|idle|1;Asp|active|1;JobScheduler|active|1;ApplyLauncher|idle|1;WLMArbiter|idle|1;WorkloadMonitor|idle|1;workload|active|1;PercentileJob|active|1;TxnSnapCapturer|idle|1;CfsShrinker|idle|1;
1786481351 SESSIONS statement flush thread|idle|1;Asp|active|1;JobScheduler|active|1;ApplyLauncher|idle|1;WLMArbiter|idle|1;WorkloadMonitor|idle|1;workload|active|1;PercentileJob|active|1;TxnSnapCapturer|idle|1;CfsShrinker|idle|1;
1786481354 SESSIONS statement flush thread|idle|1;Asp|active|1;JobScheduler|active|1;ApplyLauncher|idle|1;WLMArbiter|idle|1;WorkloadMonitor|idle|1;workload|active|1;PercentileJob|active|1;TxnSnapCapturer|idle|1;CfsShrinker|idle|1;
1786481357 SESSIONS statement flush thread|idle|1;Asp|active|1;JobScheduler|active|1;ApplyLauncher|idle|1;WLMArbiter|idle|1;WorkloadMonitor|idle|1;workload|active|1;PercentileJob|active|1;TxnSnapCapturer|idle|1;CfsShrinker|idle|1;
1786481360 SESSIONS statement flush thread|idle|1;Asp|active|1;JobScheduler|active|1;ApplyLauncher|idle|1;WLMArbiter|idle|1;WorkloadMonitor|idle|1;workload|active|1;PercentileJob|active|1;TxnSnapCapturer|idle|1;CfsShrinker|idle|1;
