[2026-08-11T17:24:13+08:00] A/B 开始 STAMP=20260811-172413  jitter_limit=0.3
==============================================================
[2026-08-11T17:24:13+08:00] 组 ammon ：native_auto_mode=on
==============================================================
[2026-08-11T17:24:18+08:00] TP 2 worker / 9m
[2026-08-11T17:25:03+08:00] stage1 : AP×2 work_mem=131072kB range=28086
[2026-08-11T17:27:05+08:00] stage2 : AP×2 work_mem=524288kB range=112347
[2026-08-11T17:29:07+08:00] stage3 : AP×4 work_mem=524288kB range=112347
[2026-08-11T17:31:09+08:00] stage4 : AP×8 work_mem=524288kB range=112347
[2026-08-11T17:33:43+08:00] stage5 : TP 8 worker + AP×8
[2026-08-11T17:36:08+08:00] 收尾观察 60s
[2026-08-11T17:37:08+08:00] 组 ammon 完成
==============================================================
[2026-08-11T17:37:38+08:00] 组 ammoff ：native_auto_mode=off
==============================================================
[2026-08-11T17:37:44+08:00] TP 2 worker / 9m
[2026-08-11T17:38:29+08:00] stage1 : AP×2 work_mem=131072kB range=28086
[2026-08-11T17:40:31+08:00] stage2 : AP×2 work_mem=524288kB range=112347
[2026-08-11T17:42:33+08:00] stage3 : AP×4 work_mem=524288kB range=112347
[2026-08-11T17:44:35+08:00] stage4 : AP×8 work_mem=524288kB range=112347
[2026-08-11T17:47:01+08:00] stage5 : TP 8 worker + AP×8
[2026-08-11T17:49:35+08:00] 收尾观察 60s
[2026-08-11T17:50:35+08:00] 组 ammoff 完成
[2026-08-11T17:50:35+08:00] A/B 全部完成 STAMP=20260811-172413
[2026-08-11T17:50:37+08:00] 收尾：native_auto_mode=on
